2026-04-25 00:56:11.877 [info] [main] Log level: Info
2026-04-25 00:56:11.877 [info] [main] Validating found git in: "git"
2026-04-25 00:56:11.877 [info] [main] Using git "2.53.0" from "git"
2026-04-25 00:56:11.877 [info] [Model][doInitialScan] Initial repository scan started
2026-04-25 00:56:11.877 [info] > git rev-parse --show-toplevel [10ms]
2026-04-25 00:56:11.877 [info] > git rev-parse --git-dir --git-common-dir --show-superproject-working-tree [8ms]
2026-04-25 00:56:11.877 [info] [Model][openRepository] Opened repository (path): /home/harvey
2026-04-25 00:56:11.877 [info] [Model][openRepository] Opened repository (real path): /home/harvey
2026-04-25 00:56:11.877 [info] [Model][openRepository] Opened repository (kind): repository
2026-04-25 00:56:11.877 [info] > git rev-parse --show-toplevel [4ms]
2026-04-25 00:56:11.877 [info] > git config --get commit.template [9ms]
2026-04-25 00:56:11.877 [info] > git for-each-ref --format=%(refname)%00%(upstream:short)%00%(objectname)%00%(upstream:track)%00%(upstream:remotename)%00%(upstream:remoteref) refs/heads/master refs/remotes/master [3ms]
2026-04-25 00:56:11.877 [warning] [Git][revParse] Unable to read file: ENOENT: no such file or directory, open '/home/harvey/.git/refs/remotes/origin/master'
2026-04-25 00:56:11.877 [info] > git rev-parse refs/remotes/origin/master [2ms]
2026-04-25 00:56:11.877 [info] > git status -z -uall [8ms]
2026-04-25 00:56:11.877 [info] > git for-each-ref --sort -committerdate --format %(refname)%00%(objectname)%00%(*objectname) [7ms]
2026-04-25 00:56:11.877 [info] > git for-each-ref --format=%(refname)%00%(upstream:short)%00%(objectname)%00%(upstream:track)%00%(upstream:remotename)%00%(upstream:remoteref) refs/heads/master refs/remotes/master [82ms]
2026-04-25 00:56:11.877 [info] > git config --get --local branch.master.vscode-merge-base [31ms]
2026-04-25 00:56:11.877 [warning] [Git][config] git config failed: Failed to execute git
2026-04-25 00:56:11.877 [info] > git rev-parse --show-toplevel [37ms]
2026-04-25 00:56:11.883 [info] > git config --get commit.template [47ms]
2026-04-25 00:56:11.883 [info] > git reflog master --grep-reflog=branch: Created from *. [53ms]
2026-04-25 00:56:11.895 [info] > git symbolic-ref --short refs/remotes/origin/HEAD [8ms]
2026-04-25 00:56:11.895 [info] fatal: ref refs/remotes/origin/HEAD is not a symbolic ref
2026-04-25 00:56:11.895 [warning] [Repository][getDefaultBranch] Failed to get default branch details: Failed to execute git.
2026-04-25 00:56:11.897 [info] > git rev-parse --show-toplevel [15ms]
2026-04-25 00:56:11.911 [info] > git for-each-ref --format=%(refname)%00%(upstream:short)%00%(objectname)%00%(upstream:track)%00%(upstream:remotename)%00%(upstream:remoteref) refs/heads/master refs/remotes/master [7ms]
2026-04-25 00:56:11.917 [warning] [Git][revParse] Unable to read file: ENOENT: no such file or directory, open '/home/harvey/.git/refs/remotes/origin/master'
2026-04-25 00:56:11.918 [info] > git rev-parse --show-toplevel [10ms]
2026-04-25 00:56:11.924 [info] > git rev-parse refs/remotes/origin/master [7ms]
2026-04-25 00:56:11.938 [info] > git status -z -uall [9ms]
2026-04-25 00:56:11.941 [info] > git rev-parse --show-toplevel [17ms]
2026-04-25 00:56:11.946 [info] > git for-each-ref --sort -committerdate --format %(refname)%00%(objectname)%00%(*objectname) [10ms]
2026-04-25 00:56:11.955 [info] > git rev-parse --show-toplevel [10ms]
2026-04-25 00:56:11.962 [info] > git rev-parse --show-toplevel [2ms]
2026-04-25 00:56:11.968 [info] > git rev-parse --show-toplevel [1ms]
2026-04-25 00:56:11.974 [info] > git rev-parse --show-toplevel [2ms]
2026-04-25 00:56:11.980 [info] > git rev-parse --show-toplevel [1ms]
2026-04-25 00:56:11.986 [info] > git rev-parse --show-toplevel [2ms]
2026-04-25 00:56:12.001 [info] > git rev-parse --show-toplevel [10ms]
2026-04-25 00:56:12.007 [info] > git check-ignore -v -z --stdin [7ms]
2026-04-25 00:56:12.008 [info] > git rev-parse --show-toplevel [2ms]
2026-04-25 00:56:12.015 [info] > git rev-parse --show-toplevel [2ms]
2026-04-25 00:56:12.021 [info] > git rev-parse --show-toplevel [2ms]
2026-04-25 00:56:12.027 [info] > git rev-parse --show-toplevel [2ms]
2026-04-25 00:56:12.033 [info] > git rev-parse --show-toplevel [1ms]
2026-04-25 00:56:12.039 [info] > git rev-parse --show-toplevel [2ms]
2026-04-25 00:56:12.044 [info] > git rev-parse --show-toplevel [1ms]
2026-04-25 00:56:12.117 [info] > git rev-parse --show-toplevel [69ms]
2026-04-25 00:56:12.125 [info] > git rev-parse --show-toplevel [2ms]
2026-04-25 00:56:12.131 [info] > git rev-parse --show-toplevel [2ms]
2026-04-25 00:56:12.137 [info] > git rev-parse --show-toplevel [1ms]
2026-04-25 00:56:12.142 [info] > git rev-parse --show-toplevel [1ms]
2026-04-25 00:56:12.147 [info] > git rev-parse --show-toplevel [1ms]
2026-04-25 00:56:12.153 [info] > git rev-parse --show-toplevel [2ms]
2026-04-25 00:56:12.158 [info] > git rev-parse --show-toplevel [2ms]
2026-04-25 00:56:12.165 [info] > git rev-parse --show-toplevel [1ms]
2026-04-25 00:56:12.172 [info] > git rev-parse --show-toplevel [1ms]
2026-04-25 00:56:12.178 [info] > git rev-parse --show-toplevel [2ms]
2026-04-25 00:56:12.185 [info] > git rev-parse --show-toplevel [2ms]
2026-04-25 00:56:12.192 [info] > git rev-parse --show-toplevel [1ms]
2026-04-25 00:56:12.198 [info] > git rev-parse --show-toplevel [2ms]
2026-04-25 00:56:12.207 [info] > git rev-parse --show-toplevel [2ms]
2026-04-25 00:56:12.214 [info] > git rev-parse --show-toplevel [2ms]
2026-04-25 00:56:12.215 [info] [Model][doInitialScan] Initial repository scan completed - repositories (1), closed repositories (0), parent repositories (0), unsafe repositories (0)
2026-04-25 00:56:12.306 [info] > git check-ignore -v -z --stdin [3ms]
2026-04-25 00:56:12.331 [info] > git check-ignore -v -z --stdin [1ms]
2026-04-25 00:56:17.902 [info] > git config --get commit.template [6ms]
2026-04-25 00:56:17.902 [info] > git for-each-ref --format=%(refname)%00%(upstream:short)%00%(objectname)%00%(upstream:track)%00%(upstream:remotename)%00%(upstream:remoteref) refs/heads/master refs/remotes/master [2ms]
2026-04-25 00:56:17.907 [warning] [Git][revParse] Unable to read file: ENOENT: no such file or directory, open '/home/harvey/.git/refs/remotes/origin/master'
2026-04-25 00:56:17.909 [info] > git rev-parse refs/remotes/origin/master [2ms]
2026-04-25 00:56:17.919 [info] > git status -z -uall [6ms]
2026-04-25 00:56:17.921 [info] > git for-each-ref --sort -committerdate --format %(refname)%00%(objectname)%00%(*objectname) [3ms]
2026-04-25 00:56:18.434 [info] > git check-ignore -v -z --stdin [3ms]
2026-04-25 00:56:18.458 [info] > git show --textconv :.config/hypr/hyprland.conf [8ms]
2026-04-25 00:56:18.460 [info] > git ls-files --stage -- .config/hypr/hyprland.conf [2ms]
2026-04-25 00:56:18.469 [info] > git cat-file -s 01be13736dda139ff9fcf1ecb602fb204a23de75 [2ms]
2026-04-25 00:56:19.025 [info] > git blame --root --incremental f12a865074fa45b6324843166117c2b342c28f10 -- .config/hypr/hyprland.conf [2ms]
2026-04-25 00:56:22.943 [info] > git config --get commit.template [8ms]
2026-04-25 00:56:22.944 [info] > git for-each-ref --format=%(refname)%00%(upstream:short)%00%(objectname)%00%(upstream:track)%00%(upstream:remotename)%00%(upstream:remoteref) refs/heads/master refs/remotes/master [3ms]
2026-04-25 00:56:22.949 [warning] [Git][revParse] Unable to read file: ENOENT: no such file or directory, open '/home/harvey/.git/refs/remotes/origin/master'
2026-04-25 00:56:22.951 [info] > git rev-parse refs/remotes/origin/master [2ms]
2026-04-25 00:56:22.962 [info] > git status -z -uall [6ms]
2026-04-25 00:56:22.964 [info] > git for-each-ref --sort -committerdate --format %(refname)%00%(objectname)%00%(*objectname) [3ms]
2026-04-25 00:56:23.353 [info] > git check-ignore -v -z --stdin [1ms]
2026-04-25 00:56:24.427 [info] > git check-ignore -v -z --stdin [3ms]
2026-04-25 00:56:26.360 [info] > git check-ignore -v -z --stdin [2ms]
2026-04-25 00:56:27.981 [info] > git config --get commit.template [5ms]
2026-04-25 00:56:27.982 [info] > git for-each-ref --format=%(refname)%00%(upstream:short)%00%(objectname)%00%(upstream:track)%00%(upstream:remotename)%00%(upstream:remoteref) refs/heads/master refs/remotes/master [1ms]
2026-04-25 00:56:27.986 [warning] [Git][revParse] Unable to read file: ENOENT: no such file or directory, open '/home/harvey/.git/refs/remotes/origin/master'
2026-04-25 00:56:27.988 [info] > git rev-parse refs/remotes/origin/master [2ms]
2026-04-25 00:56:27.996 [info] > git status -z -uall [4ms]
2026-04-25 00:56:27.998 [info] > git for-each-ref --sort -committerdate --format %(refname)%00%(objectname)%00%(*objectname) [2ms]
2026-04-25 00:56:28.379 [info] > git check-ignore -v -z --stdin [2ms]
