2026-04-25 01:19:58.542 [info] [main] Log level: Info
2026-04-25 01:19:58.542 [info] [main] Validating found git in: "git"
2026-04-25 01:19:58.542 [info] [main] Using git "2.53.0" from "git"
2026-04-25 01:19:58.542 [info] [Model][doInitialScan] Initial repository scan started
2026-04-25 01:19:58.542 [info] > git rev-parse --show-toplevel [23ms]
2026-04-25 01:19:58.542 [info] > git rev-parse --git-dir --git-common-dir --show-superproject-working-tree [3ms]
2026-04-25 01:19:58.542 [info] [Model][openRepository] Opened repository (path): /home/harvey
2026-04-25 01:19:58.542 [info] [Model][openRepository] Opened repository (real path): /home/harvey
2026-04-25 01:19:58.542 [info] [Model][openRepository] Opened repository (kind): repository
2026-04-25 01:19:58.542 [info] > git rev-parse --show-toplevel [7ms]
2026-04-25 01:19:58.542 [info] > git config --get commit.template [12ms]
2026-04-25 01:19:58.542 [info] > git rev-parse --show-toplevel [10ms]
2026-04-25 01:19:58.542 [info] > git for-each-ref --format=%(refname)%00%(upstream:short)%00%(objectname)%00%(upstream:track)%00%(upstream:remotename)%00%(upstream:remoteref) refs/heads/master refs/remotes/master [9ms]
2026-04-25 01:19:58.542 [warning] [Git][revParse] Unable to read file: ENOENT: no such file or directory, open '/home/harvey/.git/refs/remotes/origin/master'
2026-04-25 01:19:58.542 [info] > git rev-parse --show-toplevel [10ms]
2026-04-25 01:19:58.542 [info] > git rev-parse refs/remotes/origin/master [35ms]
2026-04-25 01:19:58.542 [info] > git status -z -uall [14ms]
2026-04-25 01:19:58.542 [info] > git rev-parse --show-toplevel [52ms]
2026-04-25 01:19:58.542 [info] > git for-each-ref --sort -committerdate --format %(refname)%00%(objectname)%00%(*objectname) [79ms]
2026-04-25 01:19:58.551 [info] > git for-each-ref --format=%(refname)%00%(upstream:short)%00%(objectname)%00%(upstream:track)%00%(upstream:remotename)%00%(upstream:remoteref) refs/heads/master refs/remotes/master [22ms]
2026-04-25 01:19:58.559 [info] > git rev-parse --show-toplevel [92ms]
2026-04-25 01:19:58.571 [info] > git config --get --local branch.master.vscode-merge-base [11ms]
2026-04-25 01:19:58.571 [warning] [Git][config] git config failed: Failed to execute git
2026-04-25 01:19:58.578 [info] > git config --get commit.template [29ms]
2026-04-25 01:19:58.705 [info] > git reflog master --grep-reflog=branch: Created from *. [126ms]
2026-04-25 01:19:58.711 [info] > git rev-parse --show-toplevel [142ms]
2026-04-25 01:19:58.739 [info] > git symbolic-ref --short refs/remotes/origin/HEAD [29ms]
2026-04-25 01:19:58.739 [info] fatal: ref refs/remotes/origin/HEAD is not a symbolic ref
2026-04-25 01:19:58.739 [warning] [Repository][getDefaultBranch] Failed to get default branch details: Failed to execute git.
2026-04-25 01:19:58.743 [info] > git rev-parse --show-toplevel [4ms]
2026-04-25 01:19:58.743 [info] > git for-each-ref --format=%(refname)%00%(upstream:short)%00%(objectname)%00%(upstream:track)%00%(upstream:remotename)%00%(upstream:remoteref) refs/heads/master refs/remotes/master [11ms]
2026-04-25 01:19:58.753 [warning] [Git][revParse] Unable to read file: ENOENT: no such file or directory, open '/home/harvey/.git/refs/remotes/origin/master'
2026-04-25 01:19:58.755 [info] > git rev-parse --show-toplevel [6ms]
2026-04-25 01:19:58.761 [info] > git rev-parse refs/remotes/origin/master [8ms]
2026-04-25 01:19:58.776 [info] > git status -z -uall [9ms]
2026-04-25 01:19:58.777 [info] > git rev-parse --show-toplevel [17ms]
2026-04-25 01:19:58.799 [info] > git for-each-ref --sort -committerdate --format %(refname)%00%(objectname)%00%(*objectname) [25ms]
2026-04-25 01:19:58.807 [info] > git check-ignore -v -z --stdin [10ms]
2026-04-25 01:19:58.808 [info] > git rev-parse --show-toplevel [20ms]
2026-04-25 01:19:58.825 [info] > git rev-parse --show-toplevel [5ms]
2026-04-25 01:19:58.838 [info] > git rev-parse --show-toplevel [2ms]
2026-04-25 01:19:58.848 [info] > git rev-parse --show-toplevel [3ms]
2026-04-25 01:19:58.859 [info] > git rev-parse --show-toplevel [2ms]
2026-04-25 01:19:58.867 [info] > git rev-parse --show-toplevel [2ms]
2026-04-25 01:19:58.876 [info] > git rev-parse --show-toplevel [3ms]
2026-04-25 01:19:58.883 [info] > git rev-parse --show-toplevel [2ms]
2026-04-25 01:19:58.892 [info] > git rev-parse --show-toplevel [2ms]
2026-04-25 01:19:58.898 [info] > git rev-parse --show-toplevel [2ms]
2026-04-25 01:19:58.990 [info] > git check-ignore -v -z --stdin [6ms]
2026-04-25 01:19:58.992 [info] > git rev-parse --show-toplevel [87ms]
2026-04-25 01:19:58.999 [info] > git rev-parse --show-toplevel [2ms]
2026-04-25 01:19:59.004 [info] > git rev-parse --show-toplevel [1ms]
2026-04-25 01:19:59.011 [info] > git rev-parse --show-toplevel [2ms]
2026-04-25 01:19:59.020 [info] > git rev-parse --show-toplevel [3ms]
2026-04-25 01:19:59.028 [info] > git rev-parse --show-toplevel [2ms]
2026-04-25 01:19:59.036 [info] > git rev-parse --show-toplevel [2ms]
2026-04-25 01:19:59.042 [info] > git rev-parse --show-toplevel [2ms]
2026-04-25 01:19:59.050 [info] > git rev-parse --show-toplevel [2ms]
2026-04-25 01:19:59.057 [info] > git rev-parse --show-toplevel [2ms]
2026-04-25 01:19:59.068 [info] > git rev-parse --show-toplevel [3ms]
2026-04-25 01:19:59.079 [info] > git rev-parse --show-toplevel [3ms]
2026-04-25 01:19:59.087 [info] > git rev-parse --show-toplevel [2ms]
2026-04-25 01:19:59.096 [info] > git rev-parse --show-toplevel [2ms]
2026-04-25 01:19:59.104 [info] > git rev-parse --show-toplevel [2ms]
2026-04-25 01:19:59.111 [info] > git rev-parse --show-toplevel [2ms]
2026-04-25 01:19:59.119 [info] > git rev-parse --show-toplevel [2ms]
2026-04-25 01:19:59.120 [info] [Model][doInitialScan] Initial repository scan completed - repositories (1), closed repositories (0), parent repositories (0), unsafe repositories (0)
2026-04-25 01:19:59.139 [info] > git show --textconv :.config/hypr/hyprland.conf [10ms]
2026-04-25 01:19:59.143 [info] > git ls-files --stage -- .config/hypr/hyprland.conf [5ms]
2026-04-25 01:19:59.150 [info] > git cat-file -s 01be13736dda139ff9fcf1ecb602fb204a23de75 [2ms]
2026-04-25 01:20:00.282 [info] > git blame --root --incremental f12a865074fa45b6324843166117c2b342c28f10 -- .config/hypr/hyprland.conf [3ms]
2026-04-25 01:20:00.295 [info] > git check-ignore -v -z --stdin [2ms]
2026-04-25 01:20:05.938 [info] > git check-ignore -v -z --stdin [2ms]
2026-04-25 01:20:07.893 [info] > git config --get commit.template [6ms]
2026-04-25 01:20:07.894 [info] > git for-each-ref --format=%(refname)%00%(upstream:short)%00%(objectname)%00%(upstream:track)%00%(upstream:remotename)%00%(upstream:remoteref) refs/heads/master refs/remotes/master [2ms]
2026-04-25 01:20:07.899 [warning] [Git][revParse] Unable to read file: ENOENT: no such file or directory, open '/home/harvey/.git/refs/remotes/origin/master'
2026-04-25 01:20:07.900 [info] > git rev-parse refs/remotes/origin/master [2ms]
2026-04-25 01:20:07.911 [info] > git status -z -uall [6ms]
2026-04-25 01:20:07.914 [info] > git for-each-ref --sort -committerdate --format %(refname)%00%(objectname)%00%(*objectname) [4ms]
2026-04-25 01:20:08.299 [info] > git check-ignore -v -z --stdin [2ms]
2026-04-25 01:20:08.897 [info] > git check-ignore -v -z --stdin [1ms]
2026-04-25 01:20:09.339 [info] > git check-ignore -v -z --stdin [2ms]
2026-04-25 01:20:09.825 [info] > git check-ignore -v -z --stdin [2ms]
2026-04-25 01:20:10.333 [info] > git check-ignore -v -z --stdin [2ms]
2026-04-25 01:20:10.792 [info] > git check-ignore -v -z --stdin [2ms]
2026-04-25 01:20:11.224 [info] > git check-ignore -v -z --stdin [2ms]
2026-04-25 01:20:11.671 [info] > git check-ignore -v -z --stdin [2ms]
2026-04-25 01:20:12.126 [info] > git check-ignore -v -z --stdin [3ms]
2026-04-25 01:20:12.619 [info] > git check-ignore -v -z --stdin [2ms]
2026-04-25 01:20:14.357 [info] > git config --get commit.template [6ms]
2026-04-25 01:20:14.358 [info] > git for-each-ref --format=%(refname)%00%(upstream:short)%00%(objectname)%00%(upstream:track)%00%(upstream:remotename)%00%(upstream:remoteref) refs/heads/master refs/remotes/master [2ms]
2026-04-25 01:20:14.363 [warning] [Git][revParse] Unable to read file: ENOENT: no such file or directory, open '/home/harvey/.git/refs/remotes/origin/master'
2026-04-25 01:20:14.364 [info] > git rev-parse refs/remotes/origin/master [2ms]
2026-04-25 01:20:14.374 [info] > git status -z -uall [6ms]
2026-04-25 01:20:14.376 [info] > git for-each-ref --sort -committerdate --format %(refname)%00%(objectname)%00%(*objectname) [3ms]
2026-04-25 01:20:14.580 [info] > git check-ignore -v -z --stdin [2ms]
2026-04-25 01:20:15.776 [info] > git check-ignore -v -z --stdin [3ms]
2026-04-25 01:20:17.382 [info] > git check-ignore -v -z --stdin [2ms]
2026-04-25 01:20:17.825 [info] > git check-ignore -v -z --stdin [2ms]
2026-04-25 01:20:18.452 [info] > git check-ignore -v -z --stdin [2ms]
2026-04-25 01:20:19.301 [info] > git check-ignore -v -z --stdin [3ms]
2026-04-25 01:20:19.392 [info] > git config --get commit.template [5ms]
2026-04-25 01:20:19.393 [info] > git for-each-ref --format=%(refname)%00%(upstream:short)%00%(objectname)%00%(upstream:track)%00%(upstream:remotename)%00%(upstream:remoteref) refs/heads/master refs/remotes/master [1ms]
2026-04-25 01:20:19.397 [warning] [Git][revParse] Unable to read file: ENOENT: no such file or directory, open '/home/harvey/.git/refs/remotes/origin/master'
2026-04-25 01:20:19.398 [info] > git rev-parse refs/remotes/origin/master [1ms]
2026-04-25 01:20:19.406 [info] > git status -z -uall [4ms]
2026-04-25 01:20:19.408 [info] > git for-each-ref --sort -committerdate --format %(refname)%00%(objectname)%00%(*objectname) [2ms]
2026-04-25 01:20:19.773 [info] > git check-ignore -v -z --stdin [2ms]
2026-04-25 01:20:23.775 [info] > git check-ignore -v -z --stdin [2ms]
2026-04-25 01:20:24.427 [info] > git config --get commit.template [7ms]
2026-04-25 01:20:24.428 [info] > git for-each-ref --format=%(refname)%00%(upstream:short)%00%(objectname)%00%(upstream:track)%00%(upstream:remotename)%00%(upstream:remoteref) refs/heads/master refs/remotes/master [2ms]
2026-04-25 01:20:24.433 [warning] [Git][revParse] Unable to read file: ENOENT: no such file or directory, open '/home/harvey/.git/refs/remotes/origin/master'
2026-04-25 01:20:24.434 [info] > git rev-parse refs/remotes/origin/master [2ms]
2026-04-25 01:20:24.447 [info] > git status -z -uall [7ms]
2026-04-25 01:20:24.450 [info] > git for-each-ref --sort -committerdate --format %(refname)%00%(objectname)%00%(*objectname) [5ms]
2026-04-25 01:20:24.834 [info] > git check-ignore -v -z --stdin [2ms]
2026-04-25 01:20:29.067 [info] > git check-ignore -v -z --stdin [2ms]
2026-04-25 01:20:29.470 [info] > git config --get commit.template [6ms]
2026-04-25 01:20:29.471 [info] > git for-each-ref --format=%(refname)%00%(upstream:short)%00%(objectname)%00%(upstream:track)%00%(upstream:remotename)%00%(upstream:remoteref) refs/heads/master refs/remotes/master [2ms]
2026-04-25 01:20:29.476 [warning] [Git][revParse] Unable to read file: ENOENT: no such file or directory, open '/home/harvey/.git/refs/remotes/origin/master'
2026-04-25 01:20:29.477 [info] > git rev-parse refs/remotes/origin/master [2ms]
2026-04-25 01:20:29.487 [info] > git status -z -uall [5ms]
2026-04-25 01:20:29.489 [info] > git for-each-ref --sort -committerdate --format %(refname)%00%(objectname)%00%(*objectname) [3ms]
2026-04-25 01:20:29.865 [info] > git check-ignore -v -z --stdin [2ms]
2026-04-25 01:20:31.272 [info] > git check-ignore -v -z --stdin [2ms]
2026-04-25 01:20:32.698 [info] > git check-ignore -v -z --stdin [3ms]
2026-04-25 01:20:33.226 [info] > git check-ignore -v -z --stdin [2ms]
2026-04-25 01:20:34.508 [info] > git config --get commit.template [7ms]
2026-04-25 01:20:34.510 [info] > git for-each-ref --format=%(refname)%00%(upstream:short)%00%(objectname)%00%(upstream:track)%00%(upstream:remotename)%00%(upstream:remoteref) refs/heads/master refs/remotes/master [2ms]
2026-04-25 01:20:34.514 [warning] [Git][revParse] Unable to read file: ENOENT: no such file or directory, open '/home/harvey/.git/refs/remotes/origin/master'
2026-04-25 01:20:34.516 [info] > git rev-parse refs/remotes/origin/master [2ms]
2026-04-25 01:20:34.527 [info] > git status -z -uall [6ms]
2026-04-25 01:20:34.529 [info] > git for-each-ref --sort -committerdate --format %(refname)%00%(objectname)%00%(*objectname) [3ms]
2026-04-25 01:20:34.897 [info] > git check-ignore -v -z --stdin [2ms]
2026-04-25 01:20:35.396 [info] > git check-ignore -v -z --stdin [2ms]
2026-04-25 01:20:36.890 [info] > git check-ignore -v -z --stdin [2ms]
2026-04-25 01:20:37.687 [info] > git check-ignore -v -z --stdin [2ms]
2026-04-25 01:20:38.225 [info] > git check-ignore -v -z --stdin [2ms]
2026-04-25 01:20:38.754 [info] > git check-ignore -v -z --stdin [2ms]
2026-04-25 01:20:39.271 [info] > git check-ignore -v -z --stdin [1ms]
2026-04-25 01:20:39.544 [info] > git config --get commit.template [5ms]
2026-04-25 01:20:39.545 [info] > git for-each-ref --format=%(refname)%00%(upstream:short)%00%(objectname)%00%(upstream:track)%00%(upstream:remotename)%00%(upstream:remoteref) refs/heads/master refs/remotes/master [2ms]
2026-04-25 01:20:39.549 [warning] [Git][revParse] Unable to read file: ENOENT: no such file or directory, open '/home/harvey/.git/refs/remotes/origin/master'
2026-04-25 01:20:39.551 [info] > git rev-parse refs/remotes/origin/master [2ms]
2026-04-25 01:20:39.560 [info] > git status -z -uall [5ms]
2026-04-25 01:20:39.562 [info] > git for-each-ref --sort -committerdate --format %(refname)%00%(objectname)%00%(*objectname) [2ms]
2026-04-25 01:20:39.862 [info] > git check-ignore -v -z --stdin [2ms]
2026-04-25 01:20:40.356 [info] > git check-ignore -v -z --stdin [2ms]
2026-04-25 01:20:40.859 [info] > git check-ignore -v -z --stdin [2ms]
2026-04-25 01:20:42.560 [info] > git check-ignore -v -z --stdin [2ms]
2026-04-25 01:20:43.054 [info] > git check-ignore -v -z --stdin [2ms]
2026-04-25 01:20:43.918 [info] > git check-ignore -v -z --stdin [2ms]
2026-04-25 01:20:44.748 [info] > git config --get commit.template [7ms]
2026-04-25 01:20:44.749 [info] > git for-each-ref --format=%(refname)%00%(upstream:short)%00%(objectname)%00%(upstream:track)%00%(upstream:remotename)%00%(upstream:remoteref) refs/heads/master refs/remotes/master [2ms]
2026-04-25 01:20:44.753 [warning] [Git][revParse] Unable to read file: ENOENT: no such file or directory, open '/home/harvey/.git/refs/remotes/origin/master'
2026-04-25 01:20:44.755 [info] > git rev-parse refs/remotes/origin/master [2ms]
2026-04-25 01:20:44.765 [info] > git status -z -uall [5ms]
2026-04-25 01:20:44.767 [info] > git for-each-ref --sort -committerdate --format %(refname)%00%(objectname)%00%(*objectname) [3ms]
2026-04-25 01:20:45.144 [info] > git check-ignore -v -z --stdin [2ms]
2026-04-25 01:20:49.552 [info] > git check-ignore -v -z --stdin [1ms]
2026-04-25 01:20:49.783 [info] > git config --get commit.template [5ms]
2026-04-25 01:20:49.783 [info] > git for-each-ref --format=%(refname)%00%(upstream:short)%00%(objectname)%00%(upstream:track)%00%(upstream:remotename)%00%(upstream:remoteref) refs/heads/master refs/remotes/master [1ms]
2026-04-25 01:20:49.787 [warning] [Git][revParse] Unable to read file: ENOENT: no such file or directory, open '/home/harvey/.git/refs/remotes/origin/master'
2026-04-25 01:20:49.788 [info] > git rev-parse refs/remotes/origin/master [1ms]
2026-04-25 01:20:49.797 [info] > git status -z -uall [5ms]
2026-04-25 01:20:49.799 [info] > git for-each-ref --sort -committerdate --format %(refname)%00%(objectname)%00%(*objectname) [3ms]
2026-04-25 01:20:50.164 [info] > git check-ignore -v -z --stdin [2ms]
2026-04-25 01:21:26.671 [info] > git config --get commit.template [10ms]
2026-04-25 01:21:26.672 [info] > git for-each-ref --format=%(refname)%00%(upstream:short)%00%(objectname)%00%(upstream:track)%00%(upstream:remotename)%00%(upstream:remoteref) refs/heads/master refs/remotes/master [2ms]
2026-04-25 01:21:26.682 [warning] [Git][revParse] Unable to read file: ENOENT: no such file or directory, open '/home/harvey/.git/refs/remotes/origin/master'
2026-04-25 01:21:26.685 [info] > git rev-parse refs/remotes/origin/master [3ms]
2026-04-25 01:21:26.702 [info] > git status -z -uall [10ms]
2026-04-25 01:21:26.705 [info] > git for-each-ref --sort -committerdate --format %(refname)%00%(objectname)%00%(*objectname) [4ms]
2026-04-25 01:21:27.106 [info] > git check-ignore -v -z --stdin [2ms]
2026-04-25 01:21:29.690 [info] > git check-ignore -v -z --stdin [2ms]
2026-04-25 01:21:31.726 [info] > git config --get commit.template [7ms]
2026-04-25 01:21:31.727 [info] > git for-each-ref --format=%(refname)%00%(upstream:short)%00%(objectname)%00%(upstream:track)%00%(upstream:remotename)%00%(upstream:remoteref) refs/heads/master refs/remotes/master [2ms]
2026-04-25 01:21:31.732 [warning] [Git][revParse] Unable to read file: ENOENT: no such file or directory, open '/home/harvey/.git/refs/remotes/origin/master'
2026-04-25 01:21:31.734 [info] > git rev-parse refs/remotes/origin/master [2ms]
2026-04-25 01:21:31.743 [info] > git status -z -uall [5ms]
2026-04-25 01:21:31.746 [info] > git for-each-ref --sort -committerdate --format %(refname)%00%(objectname)%00%(*objectname) [3ms]
2026-04-25 01:21:32.112 [info] > git check-ignore -v -z --stdin [2ms]
