2026-04-25 00:58:48.023 [info] [main] Log level: Info
2026-04-25 00:58:48.023 [info] [main] Validating found git in: "git"
2026-04-25 00:58:48.023 [info] [main] Using git "2.53.0" from "git"
2026-04-25 00:58:48.023 [info] [Model][doInitialScan] Initial repository scan started
2026-04-25 00:58:48.023 [info] > git rev-parse --show-toplevel [13ms]
2026-04-25 00:58:48.023 [info] > git rev-parse --git-dir --git-common-dir --show-superproject-working-tree [5ms]
2026-04-25 00:58:48.023 [info] [Model][openRepository] Opened repository (path): /home/harvey
2026-04-25 00:58:48.023 [info] [Model][openRepository] Opened repository (real path): /home/harvey
2026-04-25 00:58:48.023 [info] [Model][openRepository] Opened repository (kind): repository
2026-04-25 00:58:48.023 [info] > git rev-parse --show-toplevel [5ms]
2026-04-25 00:58:48.023 [info] > git config --get commit.template [10ms]
2026-04-25 00:58:48.023 [info] > git for-each-ref --format=%(refname)%00%(upstream:short)%00%(objectname)%00%(upstream:track)%00%(upstream:remotename)%00%(upstream:remoteref) refs/heads/master refs/remotes/master [4ms]
2026-04-25 00:58:48.023 [warning] [Git][revParse] Unable to read file: ENOENT: no such file or directory, open '/home/harvey/.git/refs/remotes/origin/master'
2026-04-25 00:58:48.023 [info] > git rev-parse refs/remotes/origin/master [2ms]
2026-04-25 00:58:48.023 [info] > git status -z -uall [8ms]
2026-04-25 00:58:48.023 [info] > git for-each-ref --sort -committerdate --format %(refname)%00%(objectname)%00%(*objectname) [6ms]
2026-04-25 00:58:48.023 [info] > git for-each-ref --format=%(refname)%00%(upstream:short)%00%(objectname)%00%(upstream:track)%00%(upstream:remotename)%00%(upstream:remoteref) refs/heads/master refs/remotes/master [108ms]
2026-04-25 00:58:48.023 [info] > git config --get --local branch.master.vscode-merge-base [9ms]
2026-04-25 00:58:48.023 [warning] [Git][config] git config failed: Failed to execute git
2026-04-25 00:58:48.023 [info] > git reflog master --grep-reflog=branch: Created from *. [40ms]
2026-04-25 00:58:48.024 [info] > git config --get commit.template [52ms]
2026-04-25 00:58:48.025 [info] > git symbolic-ref --short refs/remotes/origin/HEAD [9ms]
2026-04-25 00:58:48.025 [info] fatal: ref refs/remotes/origin/HEAD is not a symbolic ref
2026-04-25 00:58:48.025 [warning] [Repository][getDefaultBranch] Failed to get default branch details: Failed to execute git.
2026-04-25 00:58:48.036 [info] > git for-each-ref --format=%(refname)%00%(upstream:short)%00%(objectname)%00%(upstream:track)%00%(upstream:remotename)%00%(upstream:remoteref) refs/heads/master refs/remotes/master [3ms]
2026-04-25 00:58:48.042 [warning] [Git][revParse] Unable to read file: ENOENT: no such file or directory, open '/home/harvey/.git/refs/remotes/origin/master'
2026-04-25 00:58:48.049 [info] > git rev-parse refs/remotes/origin/master [7ms]
2026-04-25 00:58:48.060 [info] > git status -z -uall [7ms]
2026-04-25 00:58:48.062 [info] > git rev-parse --show-toplevel [14ms]
2026-04-25 00:58:48.068 [info] > git for-each-ref --sort -committerdate --format %(refname)%00%(objectname)%00%(*objectname) [10ms]
2026-04-25 00:58:48.075 [info] > git rev-parse --show-toplevel [8ms]
2026-04-25 00:58:48.083 [info] > git rev-parse --show-toplevel [2ms]
2026-04-25 00:58:48.090 [info] > git rev-parse --show-toplevel [2ms]
2026-04-25 00:58:48.096 [info] > git rev-parse --show-toplevel [2ms]
2026-04-25 00:58:48.102 [info] > git rev-parse --show-toplevel [1ms]
2026-04-25 00:58:48.110 [info] > git rev-parse --show-toplevel [2ms]
2026-04-25 00:58:48.117 [info] > git rev-parse --show-toplevel [2ms]
2026-04-25 00:58:48.124 [info] > git rev-parse --show-toplevel [2ms]
2026-04-25 00:58:48.132 [info] > git rev-parse --show-toplevel [1ms]
2026-04-25 00:58:48.146 [info] > git check-ignore -v -z --stdin [2ms]
2026-04-25 00:58:48.146 [info] > git rev-parse --show-toplevel [9ms]
2026-04-25 00:58:48.152 [info] > git rev-parse --show-toplevel [1ms]
2026-04-25 00:58:48.159 [info] > git rev-parse --show-toplevel [2ms]
2026-04-25 00:58:48.165 [info] > git rev-parse --show-toplevel [2ms]
2026-04-25 00:58:48.241 [info] > git rev-parse --show-toplevel [72ms]
2026-04-25 00:58:48.249 [info] > git rev-parse --show-toplevel [2ms]
2026-04-25 00:58:48.256 [info] > git rev-parse --show-toplevel [1ms]
2026-04-25 00:58:48.262 [info] > git rev-parse --show-toplevel [1ms]
2026-04-25 00:58:48.269 [info] > git rev-parse --show-toplevel [2ms]
2026-04-25 00:58:48.275 [info] > git rev-parse --show-toplevel [2ms]
2026-04-25 00:58:48.281 [info] > git rev-parse --show-toplevel [2ms]
2026-04-25 00:58:48.287 [info] > git rev-parse --show-toplevel [2ms]
2026-04-25 00:58:48.293 [info] > git rev-parse --show-toplevel [2ms]
2026-04-25 00:58:48.299 [info] > git rev-parse --show-toplevel [2ms]
2026-04-25 00:58:48.305 [info] > git rev-parse --show-toplevel [1ms]
2026-04-25 00:58:48.312 [info] > git rev-parse --show-toplevel [1ms]
2026-04-25 00:58:48.318 [info] > git rev-parse --show-toplevel [2ms]
2026-04-25 00:58:48.324 [info] > git rev-parse --show-toplevel [2ms]
2026-04-25 00:58:48.332 [info] > git rev-parse --show-toplevel [2ms]
2026-04-25 00:58:48.339 [info] > git rev-parse --show-toplevel [2ms]
2026-04-25 00:58:48.345 [info] > git rev-parse --show-toplevel [2ms]
2026-04-25 00:58:48.352 [info] > git rev-parse --show-toplevel [2ms]
2026-04-25 00:58:48.359 [info] > git rev-parse --show-toplevel [2ms]
2026-04-25 00:58:48.365 [info] > git rev-parse --show-toplevel [2ms]
2026-04-25 00:58:48.365 [info] [Model][doInitialScan] Initial repository scan completed - repositories (1), closed repositories (0), parent repositories (0), unsafe repositories (0)
2026-04-25 00:58:48.453 [info] > git check-ignore -v -z --stdin [1ms]
2026-04-25 00:58:48.466 [info] > git check-ignore -v -z --stdin [3ms]
2026-04-25 00:58:53.280 [info] > git check-ignore -v -z --stdin [8ms]
2026-04-25 00:58:53.393 [info] > git show --textconv :.config/hypr/hyprland.conf [28ms]
2026-04-25 00:58:53.407 [info] > git ls-files --stage -- .config/hypr/hyprland.conf [15ms]
2026-04-25 00:58:53.426 [info] > git cat-file -s 01be13736dda139ff9fcf1ecb602fb204a23de75 [3ms]
2026-04-25 00:58:54.189 [info] > git blame --root --incremental f12a865074fa45b6324843166117c2b342c28f10 -- .config/hypr/hyprland.conf [2ms]
2026-04-25 00:58:57.394 [info] > git config --get commit.template [8ms]
2026-04-25 00:58:57.395 [info] > git for-each-ref --format=%(refname)%00%(upstream:short)%00%(objectname)%00%(upstream:track)%00%(upstream:remotename)%00%(upstream:remoteref) refs/heads/master refs/remotes/master [3ms]
2026-04-25 00:58:57.400 [warning] [Git][revParse] Unable to read file: ENOENT: no such file or directory, open '/home/harvey/.git/refs/remotes/origin/master'
2026-04-25 00:58:57.402 [info] > git rev-parse refs/remotes/origin/master [2ms]
2026-04-25 00:58:57.413 [info] > git status -z -uall [6ms]
2026-04-25 00:58:57.416 [info] > git for-each-ref --sort -committerdate --format %(refname)%00%(objectname)%00%(*objectname) [3ms]
2026-04-25 00:58:57.794 [info] > git check-ignore -v -z --stdin [2ms]
2026-04-25 00:59:14.444 [info] > git config --get commit.template [10ms]
2026-04-25 00:59:14.445 [info] > git for-each-ref --format=%(refname)%00%(upstream:short)%00%(objectname)%00%(upstream:track)%00%(upstream:remotename)%00%(upstream:remoteref) refs/heads/master refs/remotes/master [2ms]
2026-04-25 00:59:14.458 [warning] [Git][revParse] Unable to read file: ENOENT: no such file or directory, open '/home/harvey/.git/refs/remotes/origin/master'
2026-04-25 00:59:14.460 [info] > git rev-parse refs/remotes/origin/master [3ms]
2026-04-25 00:59:14.485 [info] > git status -z -uall [11ms]
2026-04-25 00:59:14.490 [info] > git for-each-ref --sort -committerdate --format %(refname)%00%(objectname)%00%(*objectname) [6ms]
2026-04-25 00:59:14.887 [info] > git check-ignore -v -z --stdin [2ms]
2026-04-25 00:59:19.517 [info] > git config --get commit.template [9ms]
2026-04-25 00:59:19.518 [info] > git for-each-ref --format=%(refname)%00%(upstream:short)%00%(objectname)%00%(upstream:track)%00%(upstream:remotename)%00%(upstream:remoteref) refs/heads/master refs/remotes/master [2ms]
2026-04-25 00:59:19.524 [warning] [Git][revParse] Unable to read file: ENOENT: no such file or directory, open '/home/harvey/.git/refs/remotes/origin/master'
2026-04-25 00:59:19.526 [info] > git rev-parse refs/remotes/origin/master [2ms]
2026-04-25 00:59:19.539 [info] > git status -z -uall [8ms]
2026-04-25 00:59:19.541 [info] > git for-each-ref --sort -committerdate --format %(refname)%00%(objectname)%00%(*objectname) [3ms]
2026-04-25 00:59:19.918 [info] > git check-ignore -v -z --stdin [2ms]
2026-04-25 00:59:42.278 [info] > git config --get commit.template [14ms]
2026-04-25 00:59:42.284 [info] > git for-each-ref --format=%(refname)%00%(upstream:short)%00%(objectname)%00%(upstream:track)%00%(upstream:remotename)%00%(upstream:remoteref) refs/heads/master refs/remotes/master [8ms]
2026-04-25 00:59:42.295 [warning] [Git][revParse] Unable to read file: ENOENT: no such file or directory, open '/home/harvey/.git/refs/remotes/origin/master'
2026-04-25 00:59:42.300 [info] > git rev-parse refs/remotes/origin/master [5ms]
2026-04-25 00:59:42.326 [info] > git status -z -uall [16ms]
2026-04-25 00:59:42.331 [info] > git for-each-ref --sort -committerdate --format %(refname)%00%(objectname)%00%(*objectname) [7ms]
2026-04-25 00:59:42.756 [info] > git check-ignore -v -z --stdin [2ms]
2026-04-25 00:59:43.831 [info] > git check-ignore -v -z --stdin [2ms]
2026-04-25 00:59:49.640 [info] > git config --get commit.template [10ms]
2026-04-25 00:59:49.642 [info] > git for-each-ref --format=%(refname)%00%(upstream:short)%00%(objectname)%00%(upstream:track)%00%(upstream:remotename)%00%(upstream:remoteref) refs/heads/master refs/remotes/master [3ms]
2026-04-25 00:59:49.655 [warning] [Git][revParse] Unable to read file: ENOENT: no such file or directory, open '/home/harvey/.git/refs/remotes/origin/master'
2026-04-25 00:59:49.658 [info] > git rev-parse refs/remotes/origin/master [3ms]
2026-04-25 00:59:49.686 [info] > git status -z -uall [15ms]
2026-04-25 00:59:49.692 [info] > git for-each-ref --sort -committerdate --format %(refname)%00%(objectname)%00%(*objectname) [8ms]
2026-04-25 00:59:50.135 [info] > git check-ignore -v -z --stdin [2ms]
2026-04-25 01:02:08.429 [info] > git config --get commit.template [13ms]
2026-04-25 01:02:08.430 [info] > git for-each-ref --format=%(refname)%00%(upstream:short)%00%(objectname)%00%(upstream:track)%00%(upstream:remotename)%00%(upstream:remoteref) refs/heads/master refs/remotes/master [3ms]
2026-04-25 01:02:08.445 [warning] [Git][revParse] Unable to read file: ENOENT: no such file or directory, open '/home/harvey/.git/refs/remotes/origin/master'
2026-04-25 01:02:08.448 [info] > git rev-parse refs/remotes/origin/master [3ms]
2026-04-25 01:02:08.473 [info] > git status -z -uall [15ms]
2026-04-25 01:02:08.479 [info] > git for-each-ref --sort -committerdate --format %(refname)%00%(objectname)%00%(*objectname) [9ms]
2026-04-25 01:02:08.937 [info] > git check-ignore -v -z --stdin [4ms]
2026-04-25 01:02:56.774 [info] > git check-ignore -v -z --stdin [3ms]
2026-04-25 01:03:03.105 [info] > git config --get commit.template [16ms]
2026-04-25 01:03:03.106 [info] > git for-each-ref --format=%(refname)%00%(upstream:short)%00%(objectname)%00%(upstream:track)%00%(upstream:remotename)%00%(upstream:remoteref) refs/heads/master refs/remotes/master [6ms]
2026-04-25 01:03:03.119 [warning] [Git][revParse] Unable to read file: ENOENT: no such file or directory, open '/home/harvey/.git/refs/remotes/origin/master'
2026-04-25 01:03:03.122 [info] > git rev-parse refs/remotes/origin/master [4ms]
2026-04-25 01:03:03.144 [info] > git status -z -uall [15ms]
2026-04-25 01:03:03.152 [info] > git for-each-ref --sort -committerdate --format %(refname)%00%(objectname)%00%(*objectname) [10ms]
2026-04-25 01:03:03.592 [info] > git check-ignore -v -z --stdin [3ms]
2026-04-25 01:03:08.183 [info] > git config --get commit.template [12ms]
2026-04-25 01:03:08.186 [info] > git for-each-ref --format=%(refname)%00%(upstream:short)%00%(objectname)%00%(upstream:track)%00%(upstream:remotename)%00%(upstream:remoteref) refs/heads/master refs/remotes/master [6ms]
2026-04-25 01:03:08.197 [warning] [Git][revParse] Unable to read file: ENOENT: no such file or directory, open '/home/harvey/.git/refs/remotes/origin/master'
2026-04-25 01:03:08.202 [info] > git rev-parse refs/remotes/origin/master [5ms]
2026-04-25 01:03:08.230 [info] > git status -z -uall [18ms]
2026-04-25 01:03:08.234 [info] > git for-each-ref --sort -committerdate --format %(refname)%00%(objectname)%00%(*objectname) [5ms]
2026-04-25 01:03:08.608 [info] > git check-ignore -v -z --stdin [2ms]
2026-04-25 01:03:10.578 [info] > git check-ignore -v -z --stdin [2ms]
