2026-04-25 18:15:47.017 [info] [main] Log level: Info
2026-04-25 18:15:47.017 [info] [main] Validating found git in: "git"
2026-04-25 18:15:47.017 [info] [main] Using git "2.53.0" from "git"
2026-04-25 18:15:47.017 [info] [Model][doInitialScan] Initial repository scan started
2026-04-25 18:15:47.017 [info] > git rev-parse --show-toplevel [19ms]
2026-04-25 18:15:47.017 [info] > git rev-parse --git-dir --git-common-dir --show-superproject-working-tree [11ms]
2026-04-25 18:15:47.017 [info] [Model][openRepository] Opened repository (path): /home/harvey
2026-04-25 18:15:47.017 [info] [Model][openRepository] Opened repository (real path): /home/harvey
2026-04-25 18:15:47.017 [info] [Model][openRepository] Opened repository (kind): repository
2026-04-25 18:15:47.017 [info] > git rev-parse --show-toplevel [6ms]
2026-04-25 18:15:47.017 [info] > git config --get commit.template [16ms]
2026-04-25 18:15:47.017 [info] > git for-each-ref --format=%(refname)%00%(upstream:short)%00%(objectname)%00%(upstream:track)%00%(upstream:remotename)%00%(upstream:remoteref) refs/heads/master refs/remotes/master [8ms]
2026-04-25 18:15:47.017 [warning] [Git][revParse] Unable to read file: ENOENT: no such file or directory, open '/home/harvey/.git/refs/remotes/origin/master'
2026-04-25 18:15:47.017 [info] > git rev-parse refs/remotes/origin/master [8ms]
2026-04-25 18:15:47.017 [info] > git status -z -uall [27ms]
2026-04-25 18:15:47.017 [info] > git for-each-ref --sort -committerdate --format %(refname)%00%(objectname)%00%(*objectname) [15ms]
2026-04-25 18:15:47.017 [info] > git for-each-ref --format=%(refname)%00%(upstream:short)%00%(objectname)%00%(upstream:track)%00%(upstream:remotename)%00%(upstream:remoteref) refs/heads/master refs/remotes/master [50ms]
2026-04-25 18:15:47.017 [info] > git config --get --local branch.master.vscode-merge-base [113ms]
2026-04-25 18:15:47.017 [warning] [Git][config] git config failed: Failed to execute git
2026-04-25 18:15:47.024 [info] > git reflog master --grep-reflog=branch: Created from *. [70ms]
2026-04-25 18:15:47.035 [info] > git config --get commit.template [90ms]
2026-04-25 18:15:47.128 [info] > git symbolic-ref --short refs/remotes/origin/HEAD [94ms]
2026-04-25 18:15:47.128 [info] fatal: ref refs/remotes/origin/HEAD is not a symbolic ref
2026-04-25 18:15:47.128 [warning] [Repository][getDefaultBranch] Failed to get default branch details: Failed to execute git.
2026-04-25 18:15:47.140 [info] > git check-ignore -v -z --stdin [79ms]
2026-04-25 18:15:47.200 [info] > git for-each-ref --format=%(refname)%00%(upstream:short)%00%(objectname)%00%(upstream:track)%00%(upstream:remotename)%00%(upstream:remoteref) refs/heads/master refs/remotes/master [77ms]
2026-04-25 18:15:47.211 [warning] [Git][revParse] Unable to read file: ENOENT: no such file or directory, open '/home/harvey/.git/refs/remotes/origin/master'
2026-04-25 18:15:47.213 [info] > git check-ignore -v -z --stdin [44ms]
2026-04-25 18:15:47.218 [info] > git rev-parse refs/remotes/origin/master [7ms]
2026-04-25 18:15:47.244 [info] > git status -z -uall [18ms]
2026-04-25 18:15:47.249 [info] > git for-each-ref --sort -committerdate --format %(refname)%00%(objectname)%00%(*objectname) [10ms]
2026-04-25 18:15:47.281 [info] > git rev-parse --show-toplevel [7ms]
2026-04-25 18:15:47.300 [info] > git rev-parse --show-toplevel [6ms]
2026-04-25 18:15:47.318 [info] > git rev-parse --show-toplevel [5ms]
2026-04-25 18:15:47.335 [info] > git rev-parse --show-toplevel [4ms]
2026-04-25 18:15:47.344 [info] > git rev-parse --show-toplevel [1ms]
2026-04-25 18:15:47.582 [info] > git rev-parse --show-toplevel [232ms]
2026-04-25 18:15:47.611 [info] > git rev-parse --show-toplevel [3ms]
2026-04-25 18:15:47.627 [info] > git rev-parse --show-toplevel [2ms]
2026-04-25 18:15:47.642 [info] > git rev-parse --show-toplevel [6ms]
2026-04-25 18:15:47.661 [info] > git rev-parse --show-toplevel [7ms]
2026-04-25 18:15:47.687 [info] > git rev-parse --show-toplevel [15ms]
2026-04-25 18:15:47.696 [info] > git rev-parse --show-toplevel [2ms]
2026-04-25 18:15:47.722 [info] > git rev-parse --show-toplevel [11ms]
2026-04-25 18:15:47.748 [info] > git rev-parse --show-toplevel [6ms]
2026-04-25 18:15:47.761 [info] > git rev-parse --show-toplevel [2ms]
2026-04-25 18:15:47.767 [info] > git rev-parse --show-toplevel [2ms]
2026-04-25 18:15:47.774 [info] > git rev-parse --show-toplevel [1ms]
2026-04-25 18:15:47.780 [info] > git rev-parse --show-toplevel [2ms]
2026-04-25 18:15:47.785 [info] > git rev-parse --show-toplevel [1ms]
2026-04-25 18:15:47.793 [info] > git rev-parse --show-toplevel [2ms]
2026-04-25 18:15:47.799 [info] > git rev-parse --show-toplevel [2ms]
2026-04-25 18:15:47.807 [info] > git rev-parse --show-toplevel [3ms]
2026-04-25 18:15:47.816 [info] > git rev-parse --show-toplevel [2ms]
2026-04-25 18:15:47.823 [info] > git rev-parse --show-toplevel [2ms]
2026-04-25 18:15:47.830 [info] > git rev-parse --show-toplevel [2ms]
2026-04-25 18:15:47.853 [info] > git rev-parse --show-toplevel [3ms]
2026-04-25 18:15:47.877 [info] > git rev-parse --show-toplevel [9ms]
2026-04-25 18:15:47.890 [info] > git rev-parse --show-toplevel [3ms]
2026-04-25 18:15:47.901 [info] > git rev-parse --show-toplevel [3ms]
2026-04-25 18:15:47.912 [info] > git rev-parse --show-toplevel [3ms]
2026-04-25 18:15:47.922 [info] > git rev-parse --show-toplevel [3ms]
2026-04-25 18:15:47.933 [info] > git rev-parse --show-toplevel [3ms]
2026-04-25 18:15:47.949 [info] > git rev-parse --show-toplevel [3ms]
2026-04-25 18:15:47.961 [info] > git rev-parse --show-toplevel [3ms]
2026-04-25 18:15:47.971 [info] > git rev-parse --show-toplevel [1ms]
2026-04-25 18:15:47.972 [info] [Model][doInitialScan] Initial repository scan completed - repositories (1), closed repositories (0), parent repositories (0), unsafe repositories (0)
2026-04-25 18:15:48.004 [info] > git show --textconv :.config/hypr/hyprland.conf [17ms]
2026-04-25 18:15:48.004 [info] > git ls-files --stage -- .config/hypr/hyprland.conf [5ms]
2026-04-25 18:15:48.015 [info] > git cat-file -s 01be13736dda139ff9fcf1ecb602fb204a23de75 [4ms]
2026-04-25 18:15:49.184 [info] > git check-ignore -v -z --stdin [33ms]
2026-04-25 18:15:49.189 [info] > git blame --root --incremental f12a865074fa45b6324843166117c2b342c28f10 -- .config/hypr/hyprland.conf [6ms]
2026-04-25 18:15:55.416 [info] > git config --get commit.template [9ms]
2026-04-25 18:15:55.418 [info] > git for-each-ref --format=%(refname)%00%(upstream:short)%00%(objectname)%00%(upstream:track)%00%(upstream:remotename)%00%(upstream:remoteref) refs/heads/master refs/remotes/master [3ms]
2026-04-25 18:15:55.425 [warning] [Git][revParse] Unable to read file: ENOENT: no such file or directory, open '/home/harvey/.git/refs/remotes/origin/master'
2026-04-25 18:15:55.427 [info] > git rev-parse refs/remotes/origin/master [2ms]
2026-04-25 18:15:55.441 [info] > git status -z -uall [8ms]
2026-04-25 18:15:55.444 [info] > git for-each-ref --sort -committerdate --format %(refname)%00%(objectname)%00%(*objectname) [4ms]
2026-04-25 18:15:55.829 [info] > git check-ignore -v -z --stdin [2ms]
2026-04-25 18:15:55.899 [info] > git check-ignore -v -z --stdin [2ms]
2026-04-25 18:16:02.604 [info] > git check-ignore -v -z --stdin [3ms]
2026-04-25 18:16:04.073 [info] > git config --get commit.template [6ms]
2026-04-25 18:16:04.075 [info] > git for-each-ref --format=%(refname)%00%(upstream:short)%00%(objectname)%00%(upstream:track)%00%(upstream:remotename)%00%(upstream:remoteref) refs/heads/master refs/remotes/master [3ms]
2026-04-25 18:16:04.082 [warning] [Git][revParse] Unable to read file: ENOENT: no such file or directory, open '/home/harvey/.git/refs/remotes/origin/master'
2026-04-25 18:16:04.083 [info] > git rev-parse refs/remotes/origin/master [2ms]
2026-04-25 18:16:04.100 [info] > git status -z -uall [11ms]
2026-04-25 18:16:04.103 [info] > git for-each-ref --sort -committerdate --format %(refname)%00%(objectname)%00%(*objectname) [4ms]
2026-04-25 18:16:04.522 [info] > git check-ignore -v -z --stdin [2ms]
2026-04-25 18:16:09.124 [info] > git config --get commit.template [7ms]
2026-04-25 18:16:09.125 [info] > git for-each-ref --format=%(refname)%00%(upstream:short)%00%(objectname)%00%(upstream:track)%00%(upstream:remotename)%00%(upstream:remoteref) refs/heads/master refs/remotes/master [3ms]
2026-04-25 18:16:09.130 [warning] [Git][revParse] Unable to read file: ENOENT: no such file or directory, open '/home/harvey/.git/refs/remotes/origin/master'
2026-04-25 18:16:09.132 [info] > git rev-parse refs/remotes/origin/master [2ms]
2026-04-25 18:16:09.144 [info] > git status -z -uall [7ms]
2026-04-25 18:16:09.147 [info] > git for-each-ref --sort -committerdate --format %(refname)%00%(objectname)%00%(*objectname) [4ms]
2026-04-25 18:16:09.580 [info] > git check-ignore -v -z --stdin [3ms]
2026-04-25 18:16:15.687 [info] > git config --get commit.template [9ms]
2026-04-25 18:16:15.689 [info] > git for-each-ref --format=%(refname)%00%(upstream:short)%00%(objectname)%00%(upstream:track)%00%(upstream:remotename)%00%(upstream:remoteref) refs/heads/master refs/remotes/master [3ms]
2026-04-25 18:16:15.698 [warning] [Git][revParse] Unable to read file: ENOENT: no such file or directory, open '/home/harvey/.git/refs/remotes/origin/master'
2026-04-25 18:16:15.700 [info] > git rev-parse refs/remotes/origin/master [2ms]
2026-04-25 18:16:15.721 [info] > git status -z -uall [10ms]
2026-04-25 18:16:15.726 [info] > git for-each-ref --sort -committerdate --format %(refname)%00%(objectname)%00%(*objectname) [6ms]
2026-04-25 18:16:16.155 [info] > git check-ignore -v -z --stdin [5ms]
2026-04-25 18:19:23.460 [info] > git config --get commit.template [21ms]
2026-04-25 18:19:23.462 [info] > git for-each-ref --format=%(refname)%00%(upstream:short)%00%(objectname)%00%(upstream:track)%00%(upstream:remotename)%00%(upstream:remoteref) refs/heads/master refs/remotes/master [5ms]
2026-04-25 18:19:23.471 [warning] [Git][revParse] Unable to read file: ENOENT: no such file or directory, open '/home/harvey/.git/refs/remotes/origin/master'
2026-04-25 18:19:23.473 [info] > git rev-parse refs/remotes/origin/master [3ms]
2026-04-25 18:19:23.491 [info] > git status -z -uall [8ms]
2026-04-25 18:19:23.497 [info] > git for-each-ref --sort -committerdate --format %(refname)%00%(objectname)%00%(*objectname) [7ms]
2026-04-25 18:19:23.986 [info] > git check-ignore -v -z --stdin [3ms]
2026-04-25 18:21:43.019 [info] > git config --get commit.template [6ms]
2026-04-25 18:21:43.020 [info] > git for-each-ref --format=%(refname)%00%(upstream:short)%00%(objectname)%00%(upstream:track)%00%(upstream:remotename)%00%(upstream:remoteref) refs/heads/master refs/remotes/master [2ms]
2026-04-25 18:21:43.027 [warning] [Git][revParse] Unable to read file: ENOENT: no such file or directory, open '/home/harvey/.git/refs/remotes/origin/master'
2026-04-25 18:21:43.029 [info] > git rev-parse refs/remotes/origin/master [2ms]
2026-04-25 18:21:43.043 [info] > git status -z -uall [9ms]
2026-04-25 18:21:43.047 [info] > git for-each-ref --sort -committerdate --format %(refname)%00%(objectname)%00%(*objectname) [6ms]
2026-04-25 18:21:43.431 [info] > git check-ignore -v -z --stdin [2ms]
2026-04-25 18:21:56.903 [info] > git check-ignore -v -z --stdin [2ms]
2026-04-25 18:21:57.598 [info] > git check-ignore -v -z --stdin [2ms]
2026-04-25 18:23:53.972 [info] > git config --get commit.template [7ms]
2026-04-25 18:23:53.975 [info] > git for-each-ref --format=%(refname)%00%(upstream:short)%00%(objectname)%00%(upstream:track)%00%(upstream:remotename)%00%(upstream:remoteref) refs/heads/master refs/remotes/master [4ms]
2026-04-25 18:23:53.980 [warning] [Git][revParse] Unable to read file: ENOENT: no such file or directory, open '/home/harvey/.git/refs/remotes/origin/master'
2026-04-25 18:23:53.982 [info] > git rev-parse refs/remotes/origin/master [2ms]
2026-04-25 18:23:53.996 [info] > git status -z -uall [9ms]
2026-04-25 18:23:53.999 [info] > git for-each-ref --sort -committerdate --format %(refname)%00%(objectname)%00%(*objectname) [4ms]
2026-04-25 18:23:54.376 [info] > git check-ignore -v -z --stdin [2ms]
2026-04-25 18:23:59.021 [info] > git config --get commit.template [7ms]
2026-04-25 18:23:59.022 [info] > git for-each-ref --format=%(refname)%00%(upstream:short)%00%(objectname)%00%(upstream:track)%00%(upstream:remotename)%00%(upstream:remoteref) refs/heads/master refs/remotes/master [3ms]
2026-04-25 18:23:59.028 [warning] [Git][revParse] Unable to read file: ENOENT: no such file or directory, open '/home/harvey/.git/refs/remotes/origin/master'
2026-04-25 18:23:59.030 [info] > git rev-parse refs/remotes/origin/master [2ms]
2026-04-25 18:23:59.042 [info] > git status -z -uall [6ms]
2026-04-25 18:23:59.044 [info] > git for-each-ref --sort -committerdate --format %(refname)%00%(objectname)%00%(*objectname) [3ms]
2026-04-25 18:23:59.418 [info] > git check-ignore -v -z --stdin [2ms]
2026-04-25 18:25:59.438 [info] > git config --get commit.template [7ms]
2026-04-25 18:25:59.439 [info] > git for-each-ref --format=%(refname)%00%(upstream:short)%00%(objectname)%00%(upstream:track)%00%(upstream:remotename)%00%(upstream:remoteref) refs/heads/master refs/remotes/master [2ms]
2026-04-25 18:25:59.447 [warning] [Git][revParse] Unable to read file: ENOENT: no such file or directory, open '/home/harvey/.git/refs/remotes/origin/master'
2026-04-25 18:25:59.449 [info] > git rev-parse refs/remotes/origin/master [2ms]
2026-04-25 18:25:59.464 [info] > git status -z -uall [8ms]
2026-04-25 18:25:59.467 [info] > git for-each-ref --sort -committerdate --format %(refname)%00%(objectname)%00%(*objectname) [4ms]
2026-04-25 18:25:59.848 [info] > git check-ignore -v -z --stdin [2ms]
2026-04-25 18:27:14.545 [info] > git config --get commit.template [10ms]
2026-04-25 18:27:14.546 [info] > git for-each-ref --format=%(refname)%00%(upstream:short)%00%(objectname)%00%(upstream:track)%00%(upstream:remotename)%00%(upstream:remoteref) refs/heads/master refs/remotes/master [3ms]
2026-04-25 18:27:14.552 [warning] [Git][revParse] Unable to read file: ENOENT: no such file or directory, open '/home/harvey/.git/refs/remotes/origin/master'
2026-04-25 18:27:14.554 [info] > git rev-parse refs/remotes/origin/master [3ms]
2026-04-25 18:27:14.567 [info] > git status -z -uall [7ms]
2026-04-25 18:27:14.570 [info] > git for-each-ref --sort -committerdate --format %(refname)%00%(objectname)%00%(*objectname) [3ms]
2026-04-25 18:27:14.967 [info] > git check-ignore -v -z --stdin [5ms]
2026-04-25 18:27:44.516 [info] > git config --get commit.template [11ms]
2026-04-25 18:27:44.518 [info] > git for-each-ref --format=%(refname)%00%(upstream:short)%00%(objectname)%00%(upstream:track)%00%(upstream:remotename)%00%(upstream:remoteref) refs/heads/master refs/remotes/master [3ms]
2026-04-25 18:27:44.525 [warning] [Git][revParse] Unable to read file: ENOENT: no such file or directory, open '/home/harvey/.git/refs/remotes/origin/master'
2026-04-25 18:27:44.528 [info] > git rev-parse refs/remotes/origin/master [2ms]
2026-04-25 18:27:44.550 [info] > git status -z -uall [12ms]
2026-04-25 18:27:44.554 [info] > git for-each-ref --sort -committerdate --format %(refname)%00%(objectname)%00%(*objectname) [6ms]
2026-04-25 18:27:44.940 [info] > git check-ignore -v -z --stdin [2ms]
2026-04-25 18:27:51.909 [info] > git config --get commit.template [11ms]
2026-04-25 18:27:51.913 [info] > git for-each-ref --format=%(refname)%00%(upstream:short)%00%(objectname)%00%(upstream:track)%00%(upstream:remotename)%00%(upstream:remoteref) refs/heads/master refs/remotes/master [7ms]
2026-04-25 18:27:51.922 [warning] [Git][revParse] Unable to read file: ENOENT: no such file or directory, open '/home/harvey/.git/refs/remotes/origin/master'
2026-04-25 18:27:51.928 [info] > git rev-parse refs/remotes/origin/master [6ms]
2026-04-25 18:27:51.947 [info] > git status -z -uall [10ms]
2026-04-25 18:27:51.953 [info] > git for-each-ref --sort -committerdate --format %(refname)%00%(objectname)%00%(*objectname) [8ms]
2026-04-25 18:27:52.337 [info] > git check-ignore -v -z --stdin [2ms]
2026-04-25 18:27:57.580 [info] > git config --get commit.template [9ms]
2026-04-25 18:27:57.583 [info] > git for-each-ref --format=%(refname)%00%(upstream:short)%00%(objectname)%00%(upstream:track)%00%(upstream:remotename)%00%(upstream:remoteref) refs/heads/master refs/remotes/master [5ms]
2026-04-25 18:27:57.589 [warning] [Git][revParse] Unable to read file: ENOENT: no such file or directory, open '/home/harvey/.git/refs/remotes/origin/master'
2026-04-25 18:27:57.591 [info] > git rev-parse refs/remotes/origin/master [2ms]
2026-04-25 18:27:57.604 [info] > git status -z -uall [7ms]
2026-04-25 18:27:57.606 [info] > git for-each-ref --sort -committerdate --format %(refname)%00%(objectname)%00%(*objectname) [3ms]
2026-04-25 18:27:57.982 [info] > git check-ignore -v -z --stdin [2ms]
2026-04-25 18:28:38.090 [info] > git config --get commit.template [5ms]
2026-04-25 18:28:38.103 [info] > git for-each-ref --format=%(refname)%00%(upstream:short)%00%(objectname)%00%(upstream:track)%00%(upstream:remotename)%00%(upstream:remoteref) refs/heads/master refs/remotes/master [3ms]
2026-04-25 18:28:38.110 [warning] [Git][revParse] Unable to read file: ENOENT: no such file or directory, open '/home/harvey/.git/refs/remotes/origin/master'
2026-04-25 18:28:38.113 [info] > git rev-parse refs/remotes/origin/master [3ms]
2026-04-25 18:28:38.133 [info] > git status -z -uall [13ms]
2026-04-25 18:28:38.137 [info] > git for-each-ref --sort -committerdate --format %(refname)%00%(objectname)%00%(*objectname) [7ms]
2026-04-25 18:28:38.645 [info] > git check-ignore -v -z --stdin [3ms]
2026-04-25 18:29:11.197 [info] > git config --get commit.template [23ms]
2026-04-25 18:29:11.211 [info] > git for-each-ref --format=%(refname)%00%(upstream:short)%00%(objectname)%00%(upstream:track)%00%(upstream:remotename)%00%(upstream:remoteref) refs/heads/master refs/remotes/master [4ms]
2026-04-25 18:29:11.219 [warning] [Git][revParse] Unable to read file: ENOENT: no such file or directory, open '/home/harvey/.git/refs/remotes/origin/master'
2026-04-25 18:29:11.221 [info] > git rev-parse refs/remotes/origin/master [2ms]
2026-04-25 18:29:11.241 [info] > git status -z -uall [12ms]
2026-04-25 18:29:11.245 [info] > git for-each-ref --sort -committerdate --format %(refname)%00%(objectname)%00%(*objectname) [7ms]
2026-04-25 18:29:11.633 [info] > git check-ignore -v -z --stdin [3ms]
2026-04-25 18:31:23.175 [info] > git config --get commit.template [9ms]
2026-04-25 18:31:23.179 [info] > git for-each-ref --format=%(refname)%00%(upstream:short)%00%(objectname)%00%(upstream:track)%00%(upstream:remotename)%00%(upstream:remoteref) refs/heads/master refs/remotes/master [5ms]
2026-04-25 18:31:23.194 [warning] [Git][revParse] Unable to read file: ENOENT: no such file or directory, open '/home/harvey/.git/refs/remotes/origin/master'
2026-04-25 18:31:23.200 [info] > git rev-parse refs/remotes/origin/master [5ms]
2026-04-25 18:31:23.218 [info] > git status -z -uall [11ms]
2026-04-25 18:31:23.221 [info] > git for-each-ref --sort -committerdate --format %(refname)%00%(objectname)%00%(*objectname) [4ms]
2026-04-25 18:31:23.610 [info] > git check-ignore -v -z --stdin [2ms]
2026-04-25 18:31:28.246 [info] > git config --get commit.template [7ms]
2026-04-25 18:31:28.248 [info] > git for-each-ref --format=%(refname)%00%(upstream:short)%00%(objectname)%00%(upstream:track)%00%(upstream:remotename)%00%(upstream:remoteref) refs/heads/master refs/remotes/master [2ms]
2026-04-25 18:31:28.253 [warning] [Git][revParse] Unable to read file: ENOENT: no such file or directory, open '/home/harvey/.git/refs/remotes/origin/master'
2026-04-25 18:31:28.255 [info] > git rev-parse refs/remotes/origin/master [2ms]
2026-04-25 18:31:28.265 [info] > git status -z -uall [6ms]
2026-04-25 18:31:28.268 [info] > git for-each-ref --sort -committerdate --format %(refname)%00%(objectname)%00%(*objectname) [4ms]
2026-04-25 18:31:28.655 [info] > git check-ignore -v -z --stdin [2ms]
2026-04-25 18:31:33.283 [info] > git config --get commit.template [5ms]
2026-04-25 18:31:33.285 [info] > git for-each-ref --format=%(refname)%00%(upstream:short)%00%(objectname)%00%(upstream:track)%00%(upstream:remotename)%00%(upstream:remoteref) refs/heads/master refs/remotes/master [3ms]
2026-04-25 18:31:33.289 [warning] [Git][revParse] Unable to read file: ENOENT: no such file or directory, open '/home/harvey/.git/refs/remotes/origin/master'
2026-04-25 18:31:33.291 [info] > git rev-parse refs/remotes/origin/master [2ms]
2026-04-25 18:31:33.301 [info] > git status -z -uall [6ms]
2026-04-25 18:31:33.304 [info] > git for-each-ref --sort -committerdate --format %(refname)%00%(objectname)%00%(*objectname) [4ms]
2026-04-25 18:31:33.688 [info] > git check-ignore -v -z --stdin [3ms]
2026-04-25 18:31:38.323 [info] > git config --get commit.template [7ms]
2026-04-25 18:31:38.324 [info] > git for-each-ref --format=%(refname)%00%(upstream:short)%00%(objectname)%00%(upstream:track)%00%(upstream:remotename)%00%(upstream:remoteref) refs/heads/master refs/remotes/master [2ms]
2026-04-25 18:31:38.329 [warning] [Git][revParse] Unable to read file: ENOENT: no such file or directory, open '/home/harvey/.git/refs/remotes/origin/master'
2026-04-25 18:31:38.331 [info] > git rev-parse refs/remotes/origin/master [2ms]
2026-04-25 18:31:38.343 [info] > git status -z -uall [7ms]
2026-04-25 18:31:38.346 [info] > git for-each-ref --sort -committerdate --format %(refname)%00%(objectname)%00%(*objectname) [4ms]
2026-04-25 18:31:38.715 [info] > git check-ignore -v -z --stdin [2ms]
2026-04-25 18:31:43.364 [info] > git config --get commit.template [7ms]
2026-04-25 18:31:43.365 [info] > git for-each-ref --format=%(refname)%00%(upstream:short)%00%(objectname)%00%(upstream:track)%00%(upstream:remotename)%00%(upstream:remoteref) refs/heads/master refs/remotes/master [2ms]
2026-04-25 18:31:43.371 [warning] [Git][revParse] Unable to read file: ENOENT: no such file or directory, open '/home/harvey/.git/refs/remotes/origin/master'
2026-04-25 18:31:43.373 [info] > git rev-parse refs/remotes/origin/master [2ms]
2026-04-25 18:31:43.383 [info] > git status -z -uall [6ms]
2026-04-25 18:31:43.387 [info] > git for-each-ref --sort -committerdate --format %(refname)%00%(objectname)%00%(*objectname) [4ms]
2026-04-25 18:31:43.760 [info] > git check-ignore -v -z --stdin [1ms]
2026-04-25 18:31:48.402 [info] > git config --get commit.template [6ms]
2026-04-25 18:31:48.403 [info] > git for-each-ref --format=%(refname)%00%(upstream:short)%00%(objectname)%00%(upstream:track)%00%(upstream:remotename)%00%(upstream:remoteref) refs/heads/master refs/remotes/master [2ms]
2026-04-25 18:31:48.443 [warning] [Git][revParse] Unable to read file: ENOENT: no such file or directory, open '/home/harvey/.git/refs/remotes/origin/master'
2026-04-25 18:31:48.444 [info] > git rev-parse refs/remotes/origin/master [2ms]
2026-04-25 18:31:48.455 [info] > git status -z -uall [6ms]
2026-04-25 18:31:48.458 [info] > git for-each-ref --sort -committerdate --format %(refname)%00%(objectname)%00%(*objectname) [3ms]
2026-04-25 18:31:48.841 [info] > git check-ignore -v -z --stdin [2ms]
2026-04-25 18:31:53.479 [info] > git config --get commit.template [7ms]
2026-04-25 18:31:53.480 [info] > git for-each-ref --format=%(refname)%00%(upstream:short)%00%(objectname)%00%(upstream:track)%00%(upstream:remotename)%00%(upstream:remoteref) refs/heads/master refs/remotes/master [2ms]
2026-04-25 18:31:53.487 [warning] [Git][revParse] Unable to read file: ENOENT: no such file or directory, open '/home/harvey/.git/refs/remotes/origin/master'
2026-04-25 18:31:53.489 [info] > git rev-parse refs/remotes/origin/master [2ms]
2026-04-25 18:31:53.503 [info] > git status -z -uall [9ms]
2026-04-25 18:31:53.505 [info] > git for-each-ref --sort -committerdate --format %(refname)%00%(objectname)%00%(*objectname) [3ms]
2026-04-25 18:31:53.878 [info] > git check-ignore -v -z --stdin [3ms]
2026-04-25 18:31:58.524 [info] > git config --get commit.template [2ms]
2026-04-25 18:31:58.532 [info] > git for-each-ref --format=%(refname)%00%(upstream:short)%00%(objectname)%00%(upstream:track)%00%(upstream:remotename)%00%(upstream:remoteref) refs/heads/master refs/remotes/master [2ms]
2026-04-25 18:31:58.537 [warning] [Git][revParse] Unable to read file: ENOENT: no such file or directory, open '/home/harvey/.git/refs/remotes/origin/master'
2026-04-25 18:31:58.539 [info] > git rev-parse refs/remotes/origin/master [2ms]
2026-04-25 18:31:58.550 [info] > git status -z -uall [6ms]
2026-04-25 18:31:58.552 [info] > git for-each-ref --sort -committerdate --format %(refname)%00%(objectname)%00%(*objectname) [3ms]
2026-04-25 18:31:58.919 [info] > git check-ignore -v -z --stdin [2ms]
2026-04-25 18:32:08.158 [info] > git config --get commit.template [7ms]
2026-04-25 18:32:08.158 [info] > git for-each-ref --format=%(refname)%00%(upstream:short)%00%(objectname)%00%(upstream:track)%00%(upstream:remotename)%00%(upstream:remoteref) refs/heads/master refs/remotes/master [2ms]
2026-04-25 18:32:08.165 [warning] [Git][revParse] Unable to read file: ENOENT: no such file or directory, open '/home/harvey/.git/refs/remotes/origin/master'
2026-04-25 18:32:08.167 [info] > git rev-parse refs/remotes/origin/master [2ms]
2026-04-25 18:32:08.182 [info] > git status -z -uall [8ms]
2026-04-25 18:32:08.185 [info] > git for-each-ref --sort -committerdate --format %(refname)%00%(objectname)%00%(*objectname) [4ms]
2026-04-25 18:32:08.555 [info] > git check-ignore -v -z --stdin [2ms]
2026-04-25 18:32:14.724 [info] > git config --get commit.template [3ms]
2026-04-25 18:32:14.735 [info] > git for-each-ref --format=%(refname)%00%(upstream:short)%00%(objectname)%00%(upstream:track)%00%(upstream:remotename)%00%(upstream:remoteref) refs/heads/master refs/remotes/master [3ms]
2026-04-25 18:32:14.742 [warning] [Git][revParse] Unable to read file: ENOENT: no such file or directory, open '/home/harvey/.git/refs/remotes/origin/master'
2026-04-25 18:32:14.744 [info] > git rev-parse refs/remotes/origin/master [2ms]
2026-04-25 18:32:14.758 [info] > git status -z -uall [7ms]
2026-04-25 18:32:14.760 [info] > git for-each-ref --sort -committerdate --format %(refname)%00%(objectname)%00%(*objectname) [3ms]
2026-04-25 18:32:15.148 [info] > git check-ignore -v -z --stdin [2ms]
2026-04-25 18:32:19.778 [info] > git config --get commit.template [7ms]
2026-04-25 18:32:19.780 [info] > git for-each-ref --format=%(refname)%00%(upstream:short)%00%(objectname)%00%(upstream:track)%00%(upstream:remotename)%00%(upstream:remoteref) refs/heads/master refs/remotes/master [3ms]
2026-04-25 18:32:19.819 [warning] [Git][revParse] Unable to read file: ENOENT: no such file or directory, open '/home/harvey/.git/refs/remotes/origin/master'
2026-04-25 18:32:19.821 [info] > git rev-parse refs/remotes/origin/master [2ms]
2026-04-25 18:32:19.833 [info] > git status -z -uall [6ms]
2026-04-25 18:32:19.836 [info] > git for-each-ref --sort -committerdate --format %(refname)%00%(objectname)%00%(*objectname) [4ms]
2026-04-25 18:32:20.202 [info] > git check-ignore -v -z --stdin [2ms]
2026-04-25 18:32:24.852 [info] > git config --get commit.template [7ms]
2026-04-25 18:32:24.854 [info] > git for-each-ref --format=%(refname)%00%(upstream:short)%00%(objectname)%00%(upstream:track)%00%(upstream:remotename)%00%(upstream:remoteref) refs/heads/master refs/remotes/master [3ms]
2026-04-25 18:32:24.894 [warning] [Git][revParse] Unable to read file: ENOENT: no such file or directory, open '/home/harvey/.git/refs/remotes/origin/master'
2026-04-25 18:32:24.896 [info] > git rev-parse refs/remotes/origin/master [2ms]
2026-04-25 18:32:24.908 [info] > git status -z -uall [7ms]
2026-04-25 18:32:24.911 [info] > git for-each-ref --sort -committerdate --format %(refname)%00%(objectname)%00%(*objectname) [4ms]
2026-04-25 18:32:25.296 [info] > git check-ignore -v -z --stdin [2ms]
2026-04-25 18:32:33.049 [info] > git config --get commit.template [7ms]
2026-04-25 18:32:33.050 [info] > git for-each-ref --format=%(refname)%00%(upstream:short)%00%(objectname)%00%(upstream:track)%00%(upstream:remotename)%00%(upstream:remoteref) refs/heads/master refs/remotes/master [2ms]
2026-04-25 18:32:33.055 [warning] [Git][revParse] Unable to read file: ENOENT: no such file or directory, open '/home/harvey/.git/refs/remotes/origin/master'
2026-04-25 18:32:33.057 [info] > git rev-parse refs/remotes/origin/master [2ms]
2026-04-25 18:32:33.068 [info] > git status -z -uall [6ms]
2026-04-25 18:32:33.071 [info] > git for-each-ref --sort -committerdate --format %(refname)%00%(objectname)%00%(*objectname) [4ms]
2026-04-25 18:32:33.450 [info] > git check-ignore -v -z --stdin [3ms]
2026-04-25 18:32:38.088 [info] > git config --get commit.template [7ms]
2026-04-25 18:32:38.090 [info] > git for-each-ref --format=%(refname)%00%(upstream:short)%00%(objectname)%00%(upstream:track)%00%(upstream:remotename)%00%(upstream:remoteref) refs/heads/master refs/remotes/master [2ms]
2026-04-25 18:32:38.095 [warning] [Git][revParse] Unable to read file: ENOENT: no such file or directory, open '/home/harvey/.git/refs/remotes/origin/master'
2026-04-25 18:32:38.096 [info] > git rev-parse refs/remotes/origin/master [1ms]
2026-04-25 18:32:38.111 [info] > git status -z -uall [9ms]
2026-04-25 18:32:38.116 [info] > git for-each-ref --sort -committerdate --format %(refname)%00%(objectname)%00%(*objectname) [6ms]
2026-04-25 18:32:38.491 [info] > git check-ignore -v -z --stdin [3ms]
2026-04-25 18:32:43.137 [info] > git config --get commit.template [7ms]
2026-04-25 18:32:43.138 [info] > git for-each-ref --format=%(refname)%00%(upstream:short)%00%(objectname)%00%(upstream:track)%00%(upstream:remotename)%00%(upstream:remoteref) refs/heads/master refs/remotes/master [2ms]
2026-04-25 18:32:43.143 [warning] [Git][revParse] Unable to read file: ENOENT: no such file or directory, open '/home/harvey/.git/refs/remotes/origin/master'
2026-04-25 18:32:43.145 [info] > git rev-parse refs/remotes/origin/master [2ms]
2026-04-25 18:32:43.156 [info] > git status -z -uall [6ms]
2026-04-25 18:32:43.158 [info] > git for-each-ref --sort -committerdate --format %(refname)%00%(objectname)%00%(*objectname) [3ms]
2026-04-25 18:32:43.532 [info] > git check-ignore -v -z --stdin [2ms]
2026-04-25 18:32:48.406 [info] > git config --get commit.template [10ms]
2026-04-25 18:32:48.407 [info] > git for-each-ref --format=%(refname)%00%(upstream:short)%00%(objectname)%00%(upstream:track)%00%(upstream:remotename)%00%(upstream:remoteref) refs/heads/master refs/remotes/master [2ms]
2026-04-25 18:32:48.446 [warning] [Git][revParse] Unable to read file: ENOENT: no such file or directory, open '/home/harvey/.git/refs/remotes/origin/master'
2026-04-25 18:32:48.448 [info] > git rev-parse refs/remotes/origin/master [2ms]
2026-04-25 18:32:48.460 [info] > git status -z -uall [7ms]
2026-04-25 18:32:48.462 [info] > git for-each-ref --sort -committerdate --format %(refname)%00%(objectname)%00%(*objectname) [3ms]
2026-04-25 18:32:48.838 [info] > git check-ignore -v -z --stdin [2ms]
2026-04-25 18:32:53.490 [info] > git config --get commit.template [10ms]
2026-04-25 18:32:53.492 [info] > git for-each-ref --format=%(refname)%00%(upstream:short)%00%(objectname)%00%(upstream:track)%00%(upstream:remotename)%00%(upstream:remoteref) refs/heads/master refs/remotes/master [5ms]
2026-04-25 18:32:53.500 [warning] [Git][revParse] Unable to read file: ENOENT: no such file or directory, open '/home/harvey/.git/refs/remotes/origin/master'
2026-04-25 18:32:53.502 [info] > git rev-parse refs/remotes/origin/master [3ms]
2026-04-25 18:32:53.518 [info] > git status -z -uall [10ms]
2026-04-25 18:32:53.523 [info] > git for-each-ref --sort -committerdate --format %(refname)%00%(objectname)%00%(*objectname) [7ms]
2026-04-25 18:32:53.907 [info] > git check-ignore -v -z --stdin [2ms]
2026-04-25 18:32:58.546 [info] > git config --get commit.template [7ms]
2026-04-25 18:32:58.547 [info] > git for-each-ref --format=%(refname)%00%(upstream:short)%00%(objectname)%00%(upstream:track)%00%(upstream:remotename)%00%(upstream:remoteref) refs/heads/master refs/remotes/master [2ms]
2026-04-25 18:32:58.552 [warning] [Git][revParse] Unable to read file: ENOENT: no such file or directory, open '/home/harvey/.git/refs/remotes/origin/master'
2026-04-25 18:32:58.554 [info] > git rev-parse refs/remotes/origin/master [2ms]
2026-04-25 18:32:58.564 [info] > git status -z -uall [5ms]
2026-04-25 18:32:58.567 [info] > git for-each-ref --sort -committerdate --format %(refname)%00%(objectname)%00%(*objectname) [3ms]
2026-04-25 18:32:58.951 [info] > git check-ignore -v -z --stdin [2ms]
2026-04-25 18:34:50.194 [info] > git config --get commit.template [13ms]
2026-04-25 18:34:50.196 [info] > git for-each-ref --format=%(refname)%00%(upstream:short)%00%(objectname)%00%(upstream:track)%00%(upstream:remotename)%00%(upstream:remoteref) refs/heads/master refs/remotes/master [4ms]
2026-04-25 18:34:50.206 [warning] [Git][revParse] Unable to read file: ENOENT: no such file or directory, open '/home/harvey/.git/refs/remotes/origin/master'
2026-04-25 18:34:50.207 [info] > git rev-parse refs/remotes/origin/master [2ms]
2026-04-25 18:34:50.224 [info] > git status -z -uall [10ms]
2026-04-25 18:34:50.227 [info] > git for-each-ref --sort -committerdate --format %(refname)%00%(objectname)%00%(*objectname) [3ms]
2026-04-25 18:34:50.610 [info] > git check-ignore -v -z --stdin [1ms]
2026-04-25 18:34:55.244 [info] > git config --get commit.template [7ms]
2026-04-25 18:34:55.244 [info] > git for-each-ref --format=%(refname)%00%(upstream:short)%00%(objectname)%00%(upstream:track)%00%(upstream:remotename)%00%(upstream:remoteref) refs/heads/master refs/remotes/master [2ms]
2026-04-25 18:34:55.249 [warning] [Git][revParse] Unable to read file: ENOENT: no such file or directory, open '/home/harvey/.git/refs/remotes/origin/master'
2026-04-25 18:34:55.250 [info] > git rev-parse refs/remotes/origin/master [1ms]
2026-04-25 18:34:55.262 [info] > git status -z -uall [7ms]
2026-04-25 18:34:55.264 [info] > git for-each-ref --sort -committerdate --format %(refname)%00%(objectname)%00%(*objectname) [3ms]
2026-04-25 18:34:55.653 [info] > git check-ignore -v -z --stdin [2ms]
2026-04-25 18:34:59.308 [info] > git check-ignore -v -z --stdin [3ms]
2026-04-25 18:35:00.281 [info] > git config --get commit.template [6ms]
2026-04-25 18:35:00.282 [info] > git for-each-ref --format=%(refname)%00%(upstream:short)%00%(objectname)%00%(upstream:track)%00%(upstream:remotename)%00%(upstream:remoteref) refs/heads/master refs/remotes/master [2ms]
2026-04-25 18:35:00.287 [warning] [Git][revParse] Unable to read file: ENOENT: no such file or directory, open '/home/harvey/.git/refs/remotes/origin/master'
2026-04-25 18:35:00.288 [info] > git rev-parse refs/remotes/origin/master [2ms]
2026-04-25 18:35:00.300 [info] > git status -z -uall [7ms]
2026-04-25 18:35:00.302 [info] > git for-each-ref --sort -committerdate --format %(refname)%00%(objectname)%00%(*objectname) [3ms]
2026-04-25 18:35:00.683 [info] > git check-ignore -v -z --stdin [2ms]
2026-04-25 18:35:01.026 [info] > git check-ignore -v -z --stdin [1ms]
2026-04-25 18:35:13.196 [info] > git check-ignore -v -z --stdin [2ms]
2026-04-25 18:35:14.789 [info] > git config --get commit.template [7ms]
2026-04-25 18:35:14.790 [info] > git for-each-ref --format=%(refname)%00%(upstream:short)%00%(objectname)%00%(upstream:track)%00%(upstream:remotename)%00%(upstream:remoteref) refs/heads/master refs/remotes/master [2ms]
2026-04-25 18:35:14.795 [warning] [Git][revParse] Unable to read file: ENOENT: no such file or directory, open '/home/harvey/.git/refs/remotes/origin/master'
2026-04-25 18:35:14.797 [info] > git rev-parse refs/remotes/origin/master [2ms]
2026-04-25 18:35:14.808 [info] > git status -z -uall [7ms]
2026-04-25 18:35:14.811 [info] > git for-each-ref --sort -committerdate --format %(refname)%00%(objectname)%00%(*objectname) [4ms]
2026-04-25 18:35:15.188 [info] > git check-ignore -v -z --stdin [2ms]
