2026-04-25 00:22:05.857 [info] [main] Log level: Info
2026-04-25 00:22:05.857 [info] [main] Validating found git in: "git"
2026-04-25 00:22:05.857 [info] [main] Using git "2.53.0" from "git"
2026-04-25 00:22:05.857 [info] [Model][doInitialScan] Initial repository scan started
2026-04-25 00:22:05.857 [info] > git rev-parse --show-toplevel [9ms]
2026-04-25 00:22:05.857 [info] > git rev-parse --git-dir --git-common-dir --show-superproject-working-tree [5ms]
2026-04-25 00:22:05.942 [info] [Model][openRepository] Opened repository (path): /home/harvey
2026-04-25 00:22:05.942 [info] [Model][openRepository] Opened repository (real path): /home/harvey
2026-04-25 00:22:05.942 [info] [Model][openRepository] Opened repository (kind): repository
2026-04-25 00:22:06.034 [info] > git rev-parse --show-toplevel [74ms]
2026-04-25 00:22:06.035 [info] > git config --get commit.template [82ms]
2026-04-25 00:22:06.069 [info] > git rev-parse --show-toplevel [11ms]
2026-04-25 00:22:06.083 [info] > git rev-parse --show-toplevel [3ms]
2026-04-25 00:22:06.083 [info] > git for-each-ref --format=%(refname)%00%(upstream:short)%00%(objectname)%00%(upstream:track)%00%(upstream:remotename)%00%(upstream:remoteref) refs/heads/master refs/remotes/master [16ms]
2026-04-25 00:22:06.098 [warning] [Git][revParse] Unable to read file: ENOENT: no such file or directory, open '/home/harvey/.git/refs/remotes/origin/master'
2026-04-25 00:22:06.102 [info] > git rev-parse refs/remotes/origin/master [4ms]
2026-04-25 00:22:06.119 [info] > git rev-parse --show-toplevel [25ms]
2026-04-25 00:22:06.128 [info] > git status -z -uall [17ms]
2026-04-25 00:22:06.134 [info] > git rev-parse --show-toplevel [9ms]
2026-04-25 00:22:06.135 [info] > git for-each-ref --sort -committerdate --format %(refname)%00%(objectname)%00%(*objectname) [17ms]
2026-04-25 00:22:06.195 [info] > git for-each-ref --format=%(refname)%00%(upstream:short)%00%(objectname)%00%(upstream:track)%00%(upstream:remotename)%00%(upstream:remoteref) refs/heads/master refs/remotes/master [17ms]
2026-04-25 00:22:06.204 [info] > git config --get --local branch.master.vscode-merge-base [2ms]
2026-04-25 00:22:06.204 [warning] [Git][config] git config failed: Failed to execute git
2026-04-25 00:22:06.212 [info] > git config --get commit.template [18ms]
2026-04-25 00:22:06.212 [info] > git rev-parse --show-toplevel [25ms]
2026-04-25 00:22:06.226 [info] > git reflog master --grep-reflog=branch: Created from *. [15ms]
2026-04-25 00:22:06.234 [info] > git for-each-ref --format=%(refname)%00%(upstream:short)%00%(objectname)%00%(upstream:track)%00%(upstream:remotename)%00%(upstream:remoteref) refs/heads/master refs/remotes/master [10ms]
2026-04-25 00:22:06.234 [info] > git rev-parse --show-toplevel [16ms]
2026-04-25 00:22:06.241 [warning] [Git][revParse] Unable to read file: ENOENT: no such file or directory, open '/home/harvey/.git/refs/remotes/origin/master'
2026-04-25 00:22:06.248 [info] > git symbolic-ref --short refs/remotes/origin/HEAD [16ms]
2026-04-25 00:22:06.248 [info] fatal: ref refs/remotes/origin/HEAD is not a symbolic ref
2026-04-25 00:22:06.248 [warning] [Repository][getDefaultBranch] Failed to get default branch details: Failed to execute git.
2026-04-25 00:22:06.364 [info] > git rev-parse --show-toplevel [117ms]
2026-04-25 00:22:06.365 [info] > git rev-parse refs/remotes/origin/master [124ms]
2026-04-25 00:22:06.405 [info] > git status -z -uall [33ms]
2026-04-25 00:22:06.405 [info] > git for-each-ref --sort -committerdate --format %(refname)%00%(objectname)%00%(*objectname) [26ms]
2026-04-25 00:22:06.419 [info] > git rev-parse --show-toplevel [15ms]
2026-04-25 00:22:06.460 [info] > git check-ignore -v -z --stdin [10ms]
2026-04-25 00:22:06.462 [info] > git rev-parse --show-toplevel [28ms]
2026-04-25 00:22:06.474 [info] > git rev-parse --show-toplevel [3ms]
2026-04-25 00:22:06.490 [info] > git rev-parse --show-toplevel [4ms]
2026-04-25 00:22:06.506 [info] > git rev-parse --show-toplevel [4ms]
2026-04-25 00:22:06.626 [info] > git rev-parse --show-toplevel [112ms]
2026-04-25 00:22:06.644 [info] > git check-ignore -v -z --stdin [10ms]
2026-04-25 00:22:06.647 [info] > git rev-parse --show-toplevel [4ms]
2026-04-25 00:22:06.655 [info] > git rev-parse --show-toplevel [2ms]
2026-04-25 00:22:06.661 [info] > git rev-parse --show-toplevel [1ms]
2026-04-25 00:22:06.668 [info] > git rev-parse --show-toplevel [2ms]
2026-04-25 00:22:06.675 [info] > git rev-parse --show-toplevel [2ms]
2026-04-25 00:22:06.682 [info] > git rev-parse --show-toplevel [2ms]
2026-04-25 00:22:06.690 [info] > git rev-parse --show-toplevel [2ms]
2026-04-25 00:22:06.696 [info] > git rev-parse --show-toplevel [2ms]
2026-04-25 00:22:06.704 [info] > git rev-parse --show-toplevel [2ms]
2026-04-25 00:22:06.712 [info] > git rev-parse --show-toplevel [2ms]
2026-04-25 00:22:06.720 [info] > git rev-parse --show-toplevel [2ms]
2026-04-25 00:22:06.729 [info] > git rev-parse --show-toplevel [2ms]
2026-04-25 00:22:06.740 [info] > git rev-parse --show-toplevel [3ms]
2026-04-25 00:22:06.750 [info] > git rev-parse --show-toplevel [4ms]
2026-04-25 00:22:06.759 [info] > git rev-parse --show-toplevel [2ms]
2026-04-25 00:22:06.767 [info] > git rev-parse --show-toplevel [2ms]
2026-04-25 00:22:06.775 [info] > git rev-parse --show-toplevel [2ms]
2026-04-25 00:22:06.792 [info] > git rev-parse --show-toplevel [11ms]
2026-04-25 00:22:06.800 [info] > git rev-parse --show-toplevel [2ms]
2026-04-25 00:22:06.807 [info] > git rev-parse --show-toplevel [1ms]
2026-04-25 00:22:06.815 [info] > git rev-parse --show-toplevel [2ms]
2026-04-25 00:22:06.825 [info] > git rev-parse --show-toplevel [1ms]
2026-04-25 00:22:06.826 [info] [Model][doInitialScan] Initial repository scan completed - repositories (1), closed repositories (0), parent repositories (0), unsafe repositories (0)
2026-04-25 00:22:06.848 [info] > git show --textconv :.config/hypr/hyprland.conf [14ms]
2026-04-25 00:22:06.849 [info] > git ls-files --stage -- .config/hypr/hyprland.conf [5ms]
2026-04-25 00:22:06.861 [info] > git cat-file -s 01be13736dda139ff9fcf1ecb602fb204a23de75 [3ms]
2026-04-25 00:22:07.842 [info] > git check-ignore -v -z --stdin [4ms]
2026-04-25 00:22:07.857 [info] > git blame --root --incremental f12a865074fa45b6324843166117c2b342c28f10 -- .config/hypr/hyprland.conf [3ms]
2026-04-25 00:22:18.567 [info] > git config --get commit.template [7ms]
2026-04-25 00:22:18.568 [info] > git for-each-ref --format=%(refname)%00%(upstream:short)%00%(objectname)%00%(upstream:track)%00%(upstream:remotename)%00%(upstream:remoteref) refs/heads/master refs/remotes/master [2ms]
2026-04-25 00:22:18.573 [warning] [Git][revParse] Unable to read file: ENOENT: no such file or directory, open '/home/harvey/.git/refs/remotes/origin/master'
2026-04-25 00:22:18.575 [info] > git rev-parse refs/remotes/origin/master [2ms]
2026-04-25 00:22:18.586 [info] > git status -z -uall [6ms]
2026-04-25 00:22:18.589 [info] > git for-each-ref --sort -committerdate --format %(refname)%00%(objectname)%00%(*objectname) [4ms]
2026-04-25 00:22:18.961 [info] > git check-ignore -v -z --stdin [2ms]
2026-04-25 00:22:23.609 [info] > git config --get commit.template [7ms]
2026-04-25 00:22:23.610 [info] > git for-each-ref --format=%(refname)%00%(upstream:short)%00%(objectname)%00%(upstream:track)%00%(upstream:remotename)%00%(upstream:remoteref) refs/heads/master refs/remotes/master [3ms]
2026-04-25 00:22:23.616 [warning] [Git][revParse] Unable to read file: ENOENT: no such file or directory, open '/home/harvey/.git/refs/remotes/origin/master'
2026-04-25 00:22:23.618 [info] > git rev-parse refs/remotes/origin/master [2ms]
2026-04-25 00:22:23.631 [info] > git status -z -uall [8ms]
2026-04-25 00:22:23.634 [info] > git for-each-ref --sort -committerdate --format %(refname)%00%(objectname)%00%(*objectname) [5ms]
2026-04-25 00:22:24.008 [info] > git check-ignore -v -z --stdin [1ms]
2026-04-25 00:22:28.653 [info] > git config --get commit.template [6ms]
2026-04-25 00:22:28.654 [info] > git for-each-ref --format=%(refname)%00%(upstream:short)%00%(objectname)%00%(upstream:track)%00%(upstream:remotename)%00%(upstream:remoteref) refs/heads/master refs/remotes/master [2ms]
2026-04-25 00:22:28.659 [warning] [Git][revParse] Unable to read file: ENOENT: no such file or directory, open '/home/harvey/.git/refs/remotes/origin/master'
2026-04-25 00:22:28.660 [info] > git rev-parse refs/remotes/origin/master [1ms]
2026-04-25 00:22:28.671 [info] > git status -z -uall [6ms]
2026-04-25 00:22:28.673 [info] > git for-each-ref --sort -committerdate --format %(refname)%00%(objectname)%00%(*objectname) [3ms]
2026-04-25 00:22:29.052 [info] > git check-ignore -v -z --stdin [2ms]
