2026-04-25 18:24:05.919 [info] Reading sessions from keychain...
2026-04-25 18:24:05.919 [info] Getting sessions for all scopes...
2026-04-25 18:24:05.919 [info] Got 0 sessions for ...
2026-04-25 18:24:05.919 [info] Getting sessions for all scopes...
2026-04-25 18:24:05.919 [info] Got 0 sessions for ...
2026-04-25 18:24:05.919 [info] Getting sessions for all scopes...
2026-04-25 18:24:05.919 [info] Got 0 sessions for ...
2026-04-25 18:24:05.919 [info] Getting sessions for all scopes...
2026-04-25 18:24:05.919 [info] Got 0 sessions for ...
2026-04-25 18:24:06.877 [info] Getting sessions for all scopes...
2026-04-25 18:24:06.877 [info] Got 0 sessions for ...
2026-04-25 18:24:21.402 [info] Reading sessions from keychain...
2026-04-25 18:24:21.402 [info] Getting sessions for all scopes...
2026-04-25 18:24:21.402 [info] Got 0 sessions for ...
2026-04-25 18:24:21.402 [info] Getting sessions for all scopes...
2026-04-25 18:24:21.402 [info] Got 0 sessions for ...
2026-04-25 18:24:21.402 [info] Getting sessions for all scopes...
2026-04-25 18:24:21.402 [info] Got 0 sessions for ...
2026-04-25 18:24:21.402 [info] Getting sessions for all scopes...
2026-04-25 18:24:21.402 [info] Got 0 sessions for ...
2026-04-25 18:24:22.037 [info] Getting sessions for read:user,repo,user:email,workflow...
2026-04-25 18:24:22.037 [info] Got 0 sessions for read:user,repo,user:email,workflow...
2026-04-25 18:24:22.175 [info] Getting sessions for all scopes...
2026-04-25 18:24:22.176 [info] Got 0 sessions for ...
2026-04-25 18:25:24.357 [info] Getting sessions for read:user,repo,user:email,workflow...
2026-04-25 18:25:24.357 [info] Got 0 sessions for read:user,repo,user:email,workflow...
2026-04-25 18:27:47.804 [info] Getting sessions for read:user,repo,user:email,workflow...
2026-04-25 18:27:47.804 [info] Got 0 sessions for read:user,repo,user:email,workflow...
2026-04-25 18:27:51.813 [info] Logging in with 'any' account...
2026-04-25 18:27:51.813 [info] Logging in for the following scopes: read:user repo user:email workflow
2026-04-25 18:27:51.852 [info] Trying device code flow... (read:user repo user:email workflow)
2026-04-25 18:28:37.491 [info] Getting user info...
2026-04-25 18:28:38.071 [info] Got account info!
2026-04-25 18:28:38.072 [info] Storing 1 sessions...
2026-04-25 18:28:38.086 [info] Reading sessions from keychain...
2026-04-25 18:28:38.086 [info] Stored 1 sessions!
2026-04-25 18:28:38.086 [info] Login success!
2026-04-25 18:28:38.104 [info] Got stored sessions!
2026-04-25 18:28:38.104 [info] Got 1 verified sessions.
2026-04-25 18:28:38.106 [info] Getting sessions for read:user,repo,user:email,workflow...
2026-04-25 18:28:38.106 [info] Got 1 sessions for read:user,repo,user:email,workflow...
2026-04-25 18:28:38.313 [info] Getting sessions for all scopes...
2026-04-25 18:28:38.313 [info] Got 1 sessions for ...
2026-04-25 18:28:38.331 [info] Getting sessions for all scopes...
2026-04-25 18:28:38.331 [info] Got 1 sessions for ...
2026-04-25 18:28:39.234 [info] Getting sessions for all scopes...
2026-04-25 18:28:39.235 [info] Got 1 sessions for ...
2026-04-25 18:28:39.235 [info] Getting sessions for all scopes...
2026-04-25 18:28:39.235 [info] Got 1 sessions for ...
2026-04-25 18:28:58.826 [info] Getting sessions for all scopes...
2026-04-25 18:28:58.826 [info] Got 1 sessions for ...
2026-04-25 18:28:58.827 [info] Getting sessions for all scopes...
2026-04-25 18:28:58.827 [info] Got 1 sessions for ...
2026-04-25 18:29:06.012 [info] Getting sessions for all scopes...
2026-04-25 18:29:06.012 [info] Got 1 sessions for ...
2026-04-25 18:29:06.015 [info] Getting sessions for all scopes...
2026-04-25 18:29:06.015 [info] Got 1 sessions for ...
2026-04-25 18:29:08.427 [info] Getting sessions for all scopes...
2026-04-25 18:29:08.427 [info] Got 1 sessions for ...
2026-04-25 18:29:08.429 [info] Getting sessions for all scopes...
2026-04-25 18:29:08.429 [info] Got 1 sessions for ...
2026-04-25 18:29:08.679 [info] Getting sessions for all scopes...
2026-04-25 18:29:08.679 [info] Got 1 sessions for ...
2026-04-25 18:29:08.682 [info] Getting sessions for all scopes...
2026-04-25 18:29:08.682 [info] Got 1 sessions for ...
2026-04-25 18:29:11.929 [info] Getting sessions for all scopes...
2026-04-25 18:29:11.929 [info] Got 1 sessions for ...
2026-04-25 18:29:11.932 [info] Getting sessions for all scopes...
2026-04-25 18:29:11.932 [info] Got 1 sessions for ...
2026-04-25 18:29:49.567 [info] Getting sessions for all scopes...
2026-04-25 18:29:49.567 [info] Got 1 sessions for ...
2026-04-25 18:29:49.569 [info] Getting sessions for all scopes...
2026-04-25 18:29:49.569 [info] Got 1 sessions for ...
2026-04-25 18:30:18.693 [info] Getting sessions for all scopes...
2026-04-25 18:30:18.693 [info] Got 1 sessions for ...
2026-04-25 18:30:18.693 [info] Getting sessions for all scopes...
2026-04-25 18:30:18.693 [info] Got 1 sessions for ...
2026-04-25 18:30:20.497 [info] Getting sessions for all scopes...
2026-04-25 18:30:20.497 [info] Got 1 sessions for ...
2026-04-25 18:30:20.576 [info] Getting sessions for all scopes...
2026-04-25 18:30:20.576 [info] Got 1 sessions for ...
2026-04-25 18:30:21.413 [info] Getting sessions for read:user,repo,user:email,workflow...
2026-04-25 18:30:21.413 [info] Got 1 sessions for read:user,repo,user:email,workflow...
2026-04-25 18:30:26.473 [info] Getting sessions for all scopes...
2026-04-25 18:30:26.473 [info] Got 1 sessions for ...
2026-04-25 18:30:26.475 [info] Getting sessions for all scopes...
2026-04-25 18:30:26.476 [info] Got 1 sessions for ...
2026-04-25 18:30:37.349 [info] Getting sessions for all scopes...
2026-04-25 18:30:37.350 [info] Got 1 sessions for ...
2026-04-25 18:30:37.351 [info] Getting sessions for all scopes...
2026-04-25 18:30:37.351 [info] Got 1 sessions for ...
2026-04-25 18:32:59.158 [info] Getting sessions for all scopes...
2026-04-25 18:32:59.158 [info] Got 1 sessions for ...
2026-04-25 18:32:59.160 [info] Getting sessions for all scopes...
2026-04-25 18:32:59.160 [info] Got 1 sessions for ...
2026-04-25 18:33:13.838 [info] Getting sessions for all scopes...
2026-04-25 18:33:13.838 [info] Got 1 sessions for ...
2026-04-25 18:33:13.839 [info] Getting sessions for all scopes...
2026-04-25 18:33:13.839 [info] Got 1 sessions for ...
2026-04-25 18:33:19.422 [info] Getting sessions for all scopes...
2026-04-25 18:33:19.422 [info] Got 1 sessions for ...
2026-04-25 18:33:19.423 [info] Getting sessions for all scopes...
2026-04-25 18:33:19.423 [info] Got 1 sessions for ...
2026-04-25 18:33:20.017 [info] Getting sessions for all scopes...
2026-04-25 18:33:20.017 [info] Got 1 sessions for ...
2026-04-25 18:33:20.022 [info] Getting sessions for all scopes...
2026-04-25 18:33:20.022 [info] Got 1 sessions for ...
2026-04-25 18:33:20.485 [info] Getting sessions for all scopes...
2026-04-25 18:33:20.485 [info] Got 1 sessions for ...
2026-04-25 18:33:20.526 [info] Getting sessions for all scopes...
2026-04-25 18:33:20.526 [info] Got 1 sessions for ...
2026-04-25 18:33:20.631 [info] Getting sessions for all scopes...
2026-04-25 18:33:20.631 [info] Got 1 sessions for ...
2026-04-25 18:33:20.632 [info] Getting sessions for all scopes...
2026-04-25 18:33:20.632 [info] Got 1 sessions for ...
2026-04-25 18:34:13.908 [info] Getting sessions for read:user,repo,user:email,workflow...
2026-04-25 18:34:13.908 [info] Got 1 sessions for read:user,repo,user:email,workflow...
2026-04-25 18:34:41.704 [info] Getting sessions for all scopes...
2026-04-25 18:34:41.704 [info] Got 1 sessions for ...
2026-04-25 18:34:41.707 [info] Getting sessions for all scopes...
2026-04-25 18:34:41.708 [info] Got 1 sessions for ...
2026-04-25 18:34:49.703 [info] Getting sessions for all scopes...
2026-04-25 18:34:49.703 [info] Got 1 sessions for ...
2026-04-25 18:34:49.704 [info] Getting sessions for all scopes...
2026-04-25 18:34:49.705 [info] Got 1 sessions for ...
2026-04-25 18:35:16.480 [info] Getting sessions for all scopes...
2026-04-25 18:35:16.481 [info] Got 1 sessions for ...
2026-04-25 18:35:16.485 [info] Getting sessions for all scopes...
2026-04-25 18:35:16.485 [info] Got 1 sessions for ...
