2026-04-25 00:28:49.589 [info] [main] Log level: Info
2026-04-25 00:28:49.589 [info] [main] Validating found git in: "git"
2026-04-25 00:28:49.589 [info] [main] Using git "2.53.0" from "git"
2026-04-25 00:28:49.589 [info] [Model][doInitialScan] Initial repository scan started
2026-04-25 00:28:49.589 [info] > git rev-parse --show-toplevel [16ms]
2026-04-25 00:28:49.589 [info] > git rev-parse --git-dir --git-common-dir --show-superproject-working-tree [4ms]
2026-04-25 00:28:49.589 [info] [Model][openRepository] Opened repository (path): /home/harvey
2026-04-25 00:28:49.589 [info] [Model][openRepository] Opened repository (real path): /home/harvey
2026-04-25 00:28:49.589 [info] [Model][openRepository] Opened repository (kind): repository
2026-04-25 00:28:49.589 [info] > git rev-parse --show-toplevel [3ms]
2026-04-25 00:28:49.589 [info] > git config --get commit.template [9ms]
2026-04-25 00:28:49.589 [info] > git rev-parse --show-toplevel [7ms]
2026-04-25 00:28:49.589 [info] > git for-each-ref --format=%(refname)%00%(upstream:short)%00%(objectname)%00%(upstream:track)%00%(upstream:remotename)%00%(upstream:remoteref) refs/heads/master refs/remotes/master [7ms]
2026-04-25 00:28:49.589 [warning] [Git][revParse] Unable to read file: ENOENT: no such file or directory, open '/home/harvey/.git/refs/remotes/origin/master'
2026-04-25 00:28:49.589 [info] > git rev-parse --show-toplevel [8ms]
2026-04-25 00:28:49.589 [info] > git rev-parse refs/remotes/origin/master [7ms]
2026-04-25 00:28:49.589 [info] > git status -z -uall [10ms]
2026-04-25 00:28:49.589 [info] > git rev-parse --show-toplevel [22ms]
2026-04-25 00:28:49.589 [info] > git for-each-ref --sort -committerdate --format %(refname)%00%(objectname)%00%(*objectname) [12ms]
2026-04-25 00:28:49.589 [info] > git for-each-ref --format=%(refname)%00%(upstream:short)%00%(objectname)%00%(upstream:track)%00%(upstream:remotename)%00%(upstream:remoteref) refs/heads/master refs/remotes/master [79ms]
2026-04-25 00:28:49.589 [info] > git rev-parse --show-toplevel [123ms]
2026-04-25 00:28:49.589 [info] > git config --get --local branch.master.vscode-merge-base [32ms]
2026-04-25 00:28:49.589 [warning] [Git][config] git config failed: Failed to execute git
2026-04-25 00:28:49.589 [info] > git rev-parse --show-toplevel [40ms]
2026-04-25 00:28:49.599 [info] > git config --get commit.template [49ms]
2026-04-25 00:28:49.599 [info] > git reflog master --grep-reflog=branch: Created from *. [55ms]
2026-04-25 00:28:49.614 [info] > git symbolic-ref --short refs/remotes/origin/HEAD [10ms]
2026-04-25 00:28:49.614 [info] fatal: ref refs/remotes/origin/HEAD is not a symbolic ref
2026-04-25 00:28:49.614 [warning] [Repository][getDefaultBranch] Failed to get default branch details: Failed to execute git.
2026-04-25 00:28:49.616 [info] > git rev-parse --show-toplevel [21ms]
2026-04-25 00:28:49.631 [info] > git for-each-ref --format=%(refname)%00%(upstream:short)%00%(objectname)%00%(upstream:track)%00%(upstream:remotename)%00%(upstream:remoteref) refs/heads/master refs/remotes/master [8ms]
2026-04-25 00:28:49.636 [warning] [Git][revParse] Unable to read file: ENOENT: no such file or directory, open '/home/harvey/.git/refs/remotes/origin/master'
2026-04-25 00:28:49.637 [info] > git rev-parse --show-toplevel [9ms]
2026-04-25 00:28:49.638 [info] > git rev-parse refs/remotes/origin/master [2ms]
2026-04-25 00:28:49.658 [info] > git status -z -uall [15ms]
2026-04-25 00:28:49.661 [info] > git rev-parse --show-toplevel [5ms]
2026-04-25 00:28:49.661 [info] > git for-each-ref --sort -committerdate --format %(refname)%00%(objectname)%00%(*objectname) [12ms]
2026-04-25 00:28:49.675 [info] > git rev-parse --show-toplevel [2ms]
2026-04-25 00:28:49.682 [info] > git rev-parse --show-toplevel [2ms]
2026-04-25 00:28:49.688 [info] > git rev-parse --show-toplevel [1ms]
2026-04-25 00:28:49.694 [info] > git rev-parse --show-toplevel [1ms]
2026-04-25 00:28:49.701 [info] > git rev-parse --show-toplevel [2ms]
2026-04-25 00:28:49.707 [info] > git rev-parse --show-toplevel [1ms]
2026-04-25 00:28:49.722 [info] > git check-ignore -v -z --stdin [2ms]
2026-04-25 00:28:49.724 [info] > git rev-parse --show-toplevel [10ms]
2026-04-25 00:28:49.732 [info] > git rev-parse --show-toplevel [2ms]
2026-04-25 00:28:49.739 [info] > git rev-parse --show-toplevel [2ms]
2026-04-25 00:28:49.744 [info] > git rev-parse --show-toplevel [1ms]
2026-04-25 00:28:49.750 [info] > git rev-parse --show-toplevel [2ms]
2026-04-25 00:28:49.923 [info] > git rev-parse --show-toplevel [155ms]
2026-04-25 00:28:49.935 [info] > git rev-parse --show-toplevel [2ms]
2026-04-25 00:28:49.942 [info] > git rev-parse --show-toplevel [2ms]
2026-04-25 00:28:49.949 [info] > git rev-parse --show-toplevel [2ms]
2026-04-25 00:28:49.955 [info] > git rev-parse --show-toplevel [2ms]
2026-04-25 00:28:49.961 [info] > git rev-parse --show-toplevel [1ms]
2026-04-25 00:28:49.969 [info] > git rev-parse --show-toplevel [2ms]
2026-04-25 00:28:49.976 [info] > git rev-parse --show-toplevel [2ms]
2026-04-25 00:28:49.985 [info] > git rev-parse --show-toplevel [1ms]
2026-04-25 00:28:49.993 [info] > git rev-parse --show-toplevel [2ms]
2026-04-25 00:28:50.008 [info] > git rev-parse --show-toplevel [8ms]
2026-04-25 00:28:50.016 [info] > git check-ignore -v -z --stdin [8ms]
2026-04-25 00:28:50.018 [info] > git rev-parse --show-toplevel [4ms]
2026-04-25 00:28:50.026 [info] > git rev-parse --show-toplevel [2ms]
2026-04-25 00:28:50.034 [info] > git rev-parse --show-toplevel [2ms]
2026-04-25 00:28:50.035 [info] [Model][doInitialScan] Initial repository scan completed - repositories (1), closed repositories (0), parent repositories (0), unsafe repositories (0)
2026-04-25 00:28:50.050 [info] > git show --textconv :.config/hypr/hyprland.conf [7ms]
2026-04-25 00:28:50.051 [info] > git ls-files --stage -- .config/hypr/hyprland.conf [2ms]
2026-04-25 00:28:50.058 [info] > git cat-file -s 01be13736dda139ff9fcf1ecb602fb204a23de75 [2ms]
2026-04-25 00:28:50.779 [info] > git check-ignore -v -z --stdin [5ms]
2026-04-25 00:28:50.792 [info] > git blame --root --incremental f12a865074fa45b6324843166117c2b342c28f10 -- .config/hypr/hyprland.conf [3ms]
2026-04-25 00:29:52.512 [info] > git config --get commit.template [2ms]
2026-04-25 00:29:52.522 [info] > git for-each-ref --format=%(refname)%00%(upstream:short)%00%(objectname)%00%(upstream:track)%00%(upstream:remotename)%00%(upstream:remoteref) refs/heads/master refs/remotes/master [3ms]
2026-04-25 00:29:52.531 [warning] [Git][revParse] Unable to read file: ENOENT: no such file or directory, open '/home/harvey/.git/refs/remotes/origin/master'
2026-04-25 00:29:52.532 [info] > git rev-parse refs/remotes/origin/master [2ms]
2026-04-25 00:29:52.552 [info] > git status -z -uall [11ms]
2026-04-25 00:29:52.562 [info] > git for-each-ref --sort -committerdate --format %(refname)%00%(objectname)%00%(*objectname) [12ms]
2026-04-25 00:29:52.969 [info] > git check-ignore -v -z --stdin [1ms]
2026-04-25 00:29:53.033 [info] > git check-ignore -v -z --stdin [12ms]
2026-04-25 00:30:13.826 [info] > git config --get commit.template [8ms]
2026-04-25 00:30:13.827 [info] > git for-each-ref --format=%(refname)%00%(upstream:short)%00%(objectname)%00%(upstream:track)%00%(upstream:remotename)%00%(upstream:remoteref) refs/heads/master refs/remotes/master [2ms]
2026-04-25 00:30:13.836 [warning] [Git][revParse] Unable to read file: ENOENT: no such file or directory, open '/home/harvey/.git/refs/remotes/origin/master'
2026-04-25 00:30:13.839 [info] > git rev-parse refs/remotes/origin/master [3ms]
2026-04-25 00:30:13.863 [info] > git status -z -uall [12ms]
2026-04-25 00:30:13.867 [info] > git for-each-ref --sort -committerdate --format %(refname)%00%(objectname)%00%(*objectname) [7ms]
2026-04-25 00:30:14.253 [info] > git check-ignore -v -z --stdin [2ms]
2026-04-25 00:30:18.885 [info] > git config --get commit.template [6ms]
2026-04-25 00:30:18.886 [info] > git for-each-ref --format=%(refname)%00%(upstream:short)%00%(objectname)%00%(upstream:track)%00%(upstream:remotename)%00%(upstream:remoteref) refs/heads/master refs/remotes/master [2ms]
2026-04-25 00:30:18.891 [warning] [Git][revParse] Unable to read file: ENOENT: no such file or directory, open '/home/harvey/.git/refs/remotes/origin/master'
2026-04-25 00:30:18.893 [info] > git rev-parse refs/remotes/origin/master [2ms]
2026-04-25 00:30:18.903 [info] > git status -z -uall [5ms]
2026-04-25 00:30:18.906 [info] > git for-each-ref --sort -committerdate --format %(refname)%00%(objectname)%00%(*objectname) [3ms]
2026-04-25 00:30:19.410 [info] > git check-ignore -v -z --stdin [26ms]
2026-04-25 00:30:19.576 [info] > git check-ignore -v -z --stdin [4ms]
2026-04-25 00:30:23.927 [info] > git config --get commit.template [7ms]
2026-04-25 00:30:23.929 [info] > git for-each-ref --format=%(refname)%00%(upstream:short)%00%(objectname)%00%(upstream:track)%00%(upstream:remotename)%00%(upstream:remoteref) refs/heads/master refs/remotes/master [3ms]
2026-04-25 00:30:23.934 [warning] [Git][revParse] Unable to read file: ENOENT: no such file or directory, open '/home/harvey/.git/refs/remotes/origin/master'
2026-04-25 00:30:23.936 [info] > git rev-parse refs/remotes/origin/master [2ms]
2026-04-25 00:30:23.949 [info] > git status -z -uall [8ms]
2026-04-25 00:30:23.952 [info] > git for-each-ref --sort -committerdate --format %(refname)%00%(objectname)%00%(*objectname) [3ms]
2026-04-25 00:30:24.335 [info] > git check-ignore -v -z --stdin [2ms]
2026-04-25 00:30:30.771 [info] > git config --get commit.template [10ms]
2026-04-25 00:30:30.773 [info] > git for-each-ref --format=%(refname)%00%(upstream:short)%00%(objectname)%00%(upstream:track)%00%(upstream:remotename)%00%(upstream:remoteref) refs/heads/master refs/remotes/master [3ms]
2026-04-25 00:30:30.783 [warning] [Git][revParse] Unable to read file: ENOENT: no such file or directory, open '/home/harvey/.git/refs/remotes/origin/master'
2026-04-25 00:30:30.785 [info] > git rev-parse refs/remotes/origin/master [2ms]
2026-04-25 00:30:30.802 [info] > git status -z -uall [10ms]
2026-04-25 00:30:30.804 [info] > git for-each-ref --sort -committerdate --format %(refname)%00%(objectname)%00%(*objectname) [3ms]
2026-04-25 00:30:31.188 [info] > git check-ignore -v -z --stdin [2ms]
2026-04-25 00:30:32.766 [info] > git check-ignore -v -z --stdin [3ms]
2026-04-25 00:32:23.632 [info] > git config --get commit.template [3ms]
2026-04-25 00:32:23.640 [info] > git for-each-ref --format=%(refname)%00%(upstream:short)%00%(objectname)%00%(upstream:track)%00%(upstream:remotename)%00%(upstream:remoteref) refs/heads/master refs/remotes/master [2ms]
2026-04-25 00:32:23.650 [warning] [Git][revParse] Unable to read file: ENOENT: no such file or directory, open '/home/harvey/.git/refs/remotes/origin/master'
2026-04-25 00:32:23.652 [info] > git rev-parse refs/remotes/origin/master [2ms]
2026-04-25 00:32:23.671 [info] > git status -z -uall [10ms]
2026-04-25 00:32:23.674 [info] > git for-each-ref --sort -committerdate --format %(refname)%00%(objectname)%00%(*objectname) [4ms]
2026-04-25 00:32:24.049 [info] > git check-ignore -v -z --stdin [2ms]
2026-04-25 00:32:25.624 [info] > git check-ignore -v -z --stdin [2ms]
2026-04-25 00:32:26.816 [info] > git check-ignore -v -z --stdin [2ms]
2026-04-25 00:32:28.693 [info] > git config --get commit.template [6ms]
2026-04-25 00:32:28.694 [info] > git for-each-ref --format=%(refname)%00%(upstream:short)%00%(objectname)%00%(upstream:track)%00%(upstream:remotename)%00%(upstream:remoteref) refs/heads/master refs/remotes/master [2ms]
2026-04-25 00:32:28.700 [warning] [Git][revParse] Unable to read file: ENOENT: no such file or directory, open '/home/harvey/.git/refs/remotes/origin/master'
2026-04-25 00:32:28.702 [info] > git rev-parse refs/remotes/origin/master [2ms]
2026-04-25 00:32:28.714 [info] > git status -z -uall [7ms]
2026-04-25 00:32:28.717 [info] > git for-each-ref --sort -committerdate --format %(refname)%00%(objectname)%00%(*objectname) [4ms]
2026-04-25 00:32:29.094 [info] > git check-ignore -v -z --stdin [2ms]
2026-04-25 00:32:51.061 [info] > git check-ignore -v -z --stdin [2ms]
2026-04-25 00:36:09.307 [info] > git check-ignore -v -z --stdin [2ms]
2026-04-25 00:37:48.090 [info] > git config --get commit.template [9ms]
2026-04-25 00:37:48.093 [info] > git for-each-ref --format=%(refname)%00%(upstream:short)%00%(objectname)%00%(upstream:track)%00%(upstream:remotename)%00%(upstream:remoteref) refs/heads/master refs/remotes/master [5ms]
2026-04-25 00:37:48.101 [warning] [Git][revParse] Unable to read file: ENOENT: no such file or directory, open '/home/harvey/.git/refs/remotes/origin/master'
2026-04-25 00:37:48.104 [info] > git rev-parse refs/remotes/origin/master [3ms]
2026-04-25 00:37:48.127 [info] > git status -z -uall [12ms]
2026-04-25 00:37:48.130 [info] > git for-each-ref --sort -committerdate --format %(refname)%00%(objectname)%00%(*objectname) [4ms]
2026-04-25 00:37:48.526 [info] > git check-ignore -v -z --stdin [2ms]
2026-04-25 00:37:50.848 [info] > git check-ignore -v -z --stdin [10ms]
2026-04-25 00:38:28.038 [info] > git config --get commit.template [12ms]
2026-04-25 00:38:28.040 [info] > git for-each-ref --format=%(refname)%00%(upstream:short)%00%(objectname)%00%(upstream:track)%00%(upstream:remotename)%00%(upstream:remoteref) refs/heads/master refs/remotes/master [5ms]
2026-04-25 00:38:28.048 [warning] [Git][revParse] Unable to read file: ENOENT: no such file or directory, open '/home/harvey/.git/refs/remotes/origin/master'
2026-04-25 00:38:28.050 [info] > git rev-parse refs/remotes/origin/master [2ms]
2026-04-25 00:38:28.073 [info] > git status -z -uall [14ms]
2026-04-25 00:38:28.080 [info] > git for-each-ref --sort -committerdate --format %(refname)%00%(objectname)%00%(*objectname) [10ms]
2026-04-25 00:38:28.480 [info] > git check-ignore -v -z --stdin [4ms]
2026-04-25 00:38:49.118 [info] > git config --get commit.template [9ms]
2026-04-25 00:38:49.121 [info] > git for-each-ref --format=%(refname)%00%(upstream:short)%00%(objectname)%00%(upstream:track)%00%(upstream:remotename)%00%(upstream:remoteref) refs/heads/master refs/remotes/master [4ms]
2026-04-25 00:38:49.128 [warning] [Git][revParse] Unable to read file: ENOENT: no such file or directory, open '/home/harvey/.git/refs/remotes/origin/master'
2026-04-25 00:38:49.130 [info] > git rev-parse refs/remotes/origin/master [2ms]
2026-04-25 00:38:49.144 [info] > git status -z -uall [9ms]
2026-04-25 00:38:49.146 [info] > git for-each-ref --sort -committerdate --format %(refname)%00%(objectname)%00%(*objectname) [3ms]
2026-04-25 00:38:49.527 [info] > git check-ignore -v -z --stdin [1ms]
2026-04-25 00:38:52.210 [info] > git check-ignore -v -z --stdin [2ms]
2026-04-25 00:38:52.690 [info] > git check-ignore -v -z --stdin [2ms]
2026-04-25 00:38:54.166 [info] > git config --get commit.template [8ms]
2026-04-25 00:38:54.167 [info] > git for-each-ref --format=%(refname)%00%(upstream:short)%00%(objectname)%00%(upstream:track)%00%(upstream:remotename)%00%(upstream:remoteref) refs/heads/master refs/remotes/master [2ms]
2026-04-25 00:38:54.172 [warning] [Git][revParse] Unable to read file: ENOENT: no such file or directory, open '/home/harvey/.git/refs/remotes/origin/master'
2026-04-25 00:38:54.174 [info] > git rev-parse refs/remotes/origin/master [2ms]
2026-04-25 00:38:54.185 [info] > git status -z -uall [6ms]
2026-04-25 00:38:54.188 [info] > git for-each-ref --sort -committerdate --format %(refname)%00%(objectname)%00%(*objectname) [4ms]
2026-04-25 00:38:54.585 [info] > git check-ignore -v -z --stdin [3ms]
2026-04-25 00:38:59.293 [info] > git config --get commit.template [9ms]
2026-04-25 00:38:59.294 [info] > git for-each-ref --format=%(refname)%00%(upstream:short)%00%(objectname)%00%(upstream:track)%00%(upstream:remotename)%00%(upstream:remoteref) refs/heads/master refs/remotes/master [2ms]
2026-04-25 00:38:59.302 [warning] [Git][revParse] Unable to read file: ENOENT: no such file or directory, open '/home/harvey/.git/refs/remotes/origin/master'
2026-04-25 00:38:59.305 [info] > git rev-parse refs/remotes/origin/master [3ms]
2026-04-25 00:38:59.326 [info] > git status -z -uall [12ms]
2026-04-25 00:38:59.330 [info] > git for-each-ref --sort -committerdate --format %(refname)%00%(objectname)%00%(*objectname) [6ms]
2026-04-25 00:38:59.704 [info] > git check-ignore -v -z --stdin [2ms]
2026-04-25 00:39:06.502 [info] > git config --get commit.template [8ms]
2026-04-25 00:39:06.504 [info] > git for-each-ref --format=%(refname)%00%(upstream:short)%00%(objectname)%00%(upstream:track)%00%(upstream:remotename)%00%(upstream:remoteref) refs/heads/master refs/remotes/master [3ms]
2026-04-25 00:39:06.511 [warning] [Git][revParse] Unable to read file: ENOENT: no such file or directory, open '/home/harvey/.git/refs/remotes/origin/master'
2026-04-25 00:39:06.514 [info] > git rev-parse refs/remotes/origin/master [3ms]
2026-04-25 00:39:06.534 [info] > git status -z -uall [11ms]
2026-04-25 00:39:06.534 [info] > git for-each-ref --sort -committerdate --format %(refname)%00%(objectname)%00%(*objectname) [3ms]
2026-04-25 00:39:06.929 [info] > git check-ignore -v -z --stdin [2ms]
2026-04-25 00:39:18.591 [info] > git check-ignore -v -z --stdin [2ms]
2026-04-25 00:40:59.878 [info] > git config --get commit.template [8ms]
2026-04-25 00:40:59.879 [info] > git for-each-ref --format=%(refname)%00%(upstream:short)%00%(objectname)%00%(upstream:track)%00%(upstream:remotename)%00%(upstream:remoteref) refs/heads/master refs/remotes/master [3ms]
2026-04-25 00:40:59.886 [warning] [Git][revParse] Unable to read file: ENOENT: no such file or directory, open '/home/harvey/.git/refs/remotes/origin/master'
2026-04-25 00:40:59.888 [info] > git rev-parse refs/remotes/origin/master [2ms]
2026-04-25 00:40:59.903 [info] > git status -z -uall [9ms]
2026-04-25 00:40:59.907 [info] > git for-each-ref --sort -committerdate --format %(refname)%00%(objectname)%00%(*objectname) [5ms]
2026-04-25 00:41:00.290 [info] > git check-ignore -v -z --stdin [2ms]
2026-04-25 00:42:34.917 [info] > git check-ignore -v -z --stdin [2ms]
2026-04-25 00:43:18.581 [info] > git check-ignore -v -z --stdin [2ms]
2026-04-25 00:43:29.188 [info] > git config --get commit.template [2ms]
2026-04-25 00:43:29.200 [info] > git for-each-ref --format=%(refname)%00%(upstream:short)%00%(objectname)%00%(upstream:track)%00%(upstream:remotename)%00%(upstream:remoteref) refs/heads/master refs/remotes/master [3ms]
2026-04-25 00:43:29.210 [warning] [Git][revParse] Unable to read file: ENOENT: no such file or directory, open '/home/harvey/.git/refs/remotes/origin/master'
2026-04-25 00:43:29.212 [info] > git rev-parse refs/remotes/origin/master [2ms]
2026-04-25 00:43:29.226 [info] > git status -z -uall [8ms]
2026-04-25 00:43:29.230 [info] > git for-each-ref --sort -committerdate --format %(refname)%00%(objectname)%00%(*objectname) [5ms]
2026-04-25 00:43:29.604 [info] > git check-ignore -v -z --stdin [3ms]
2026-04-25 00:44:20.114 [info] > git check-ignore -v -z --stdin [3ms]
2026-04-25 00:45:04.332 [info] > git check-ignore -v -z --stdin [4ms]
2026-04-25 00:45:09.095 [info] > git config --get commit.template [3ms]
2026-04-25 00:45:09.106 [info] > git for-each-ref --format=%(refname)%00%(upstream:short)%00%(objectname)%00%(upstream:track)%00%(upstream:remotename)%00%(upstream:remoteref) refs/heads/master refs/remotes/master [3ms]
2026-04-25 00:45:09.115 [warning] [Git][revParse] Unable to read file: ENOENT: no such file or directory, open '/home/harvey/.git/refs/remotes/origin/master'
2026-04-25 00:45:09.117 [info] > git rev-parse refs/remotes/origin/master [3ms]
2026-04-25 00:45:09.130 [info] > git status -z -uall [8ms]
2026-04-25 00:45:09.134 [info] > git for-each-ref --sort -committerdate --format %(refname)%00%(objectname)%00%(*objectname) [5ms]
2026-04-25 00:45:09.544 [info] > git check-ignore -v -z --stdin [3ms]
2026-04-25 00:45:41.208 [info] > git config --get commit.template [7ms]
2026-04-25 00:45:41.210 [info] > git for-each-ref --format=%(refname)%00%(upstream:short)%00%(objectname)%00%(upstream:track)%00%(upstream:remotename)%00%(upstream:remoteref) refs/heads/master refs/remotes/master [3ms]
2026-04-25 00:45:41.219 [warning] [Git][revParse] Unable to read file: ENOENT: no such file or directory, open '/home/harvey/.git/refs/remotes/origin/master'
2026-04-25 00:45:41.221 [info] > git rev-parse refs/remotes/origin/master [3ms]
2026-04-25 00:45:41.237 [info] > git status -z -uall [10ms]
2026-04-25 00:45:41.239 [info] > git for-each-ref --sort -committerdate --format %(refname)%00%(objectname)%00%(*objectname) [3ms]
2026-04-25 00:45:41.621 [info] > git check-ignore -v -z --stdin [3ms]
2026-04-25 00:45:49.524 [info] > git check-ignore -v -z --stdin [2ms]
2026-04-25 00:45:51.886 [info] > git check-ignore -v -z --stdin [2ms]
2026-04-25 00:45:55.418 [info] > git check-ignore -v -z --stdin [2ms]
2026-04-25 00:45:59.219 [info] > git config --get commit.template [9ms]
2026-04-25 00:45:59.220 [info] > git for-each-ref --format=%(refname)%00%(upstream:short)%00%(objectname)%00%(upstream:track)%00%(upstream:remotename)%00%(upstream:remoteref) refs/heads/master refs/remotes/master [2ms]
2026-04-25 00:45:59.228 [warning] [Git][revParse] Unable to read file: ENOENT: no such file or directory, open '/home/harvey/.git/refs/remotes/origin/master'
2026-04-25 00:45:59.230 [info] > git rev-parse refs/remotes/origin/master [2ms]
2026-04-25 00:45:59.243 [info] > git status -z -uall [7ms]
2026-04-25 00:45:59.246 [info] > git for-each-ref --sort -committerdate --format %(refname)%00%(objectname)%00%(*objectname) [4ms]
2026-04-25 00:45:59.620 [info] > git check-ignore -v -z --stdin [2ms]
2026-04-25 00:46:54.643 [info] > git check-ignore -v -z --stdin [2ms]
2026-04-25 00:47:16.074 [info] > git check-ignore -v -z --stdin [2ms]
2026-04-25 00:47:23.677 [info] > git check-ignore -v -z --stdin [3ms]
2026-04-25 00:47:49.039 [info] > git config --get commit.template [10ms]
2026-04-25 00:47:49.041 [info] > git for-each-ref --format=%(refname)%00%(upstream:short)%00%(objectname)%00%(upstream:track)%00%(upstream:remotename)%00%(upstream:remoteref) refs/heads/master refs/remotes/master [4ms]
2026-04-25 00:47:49.051 [warning] [Git][revParse] Unable to read file: ENOENT: no such file or directory, open '/home/harvey/.git/refs/remotes/origin/master'
2026-04-25 00:47:49.054 [info] > git rev-parse refs/remotes/origin/master [3ms]
2026-04-25 00:47:49.072 [info] > git status -z -uall [10ms]
2026-04-25 00:47:49.075 [info] > git for-each-ref --sort -committerdate --format %(refname)%00%(objectname)%00%(*objectname) [4ms]
2026-04-25 00:47:49.458 [info] > git check-ignore -v -z --stdin [2ms]
2026-04-25 00:50:01.078 [info] > git config --get commit.template [2ms]
2026-04-25 00:50:01.090 [info] > git for-each-ref --format=%(refname)%00%(upstream:short)%00%(objectname)%00%(upstream:track)%00%(upstream:remotename)%00%(upstream:remoteref) refs/heads/master refs/remotes/master [3ms]
2026-04-25 00:50:01.096 [warning] [Git][revParse] Unable to read file: ENOENT: no such file or directory, open '/home/harvey/.git/refs/remotes/origin/master'
2026-04-25 00:50:01.099 [info] > git rev-parse refs/remotes/origin/master [2ms]
2026-04-25 00:50:01.112 [info] > git status -z -uall [7ms]
2026-04-25 00:50:01.115 [info] > git for-each-ref --sort -committerdate --format %(refname)%00%(objectname)%00%(*objectname) [4ms]
2026-04-25 00:50:01.495 [info] > git check-ignore -v -z --stdin [2ms]
2026-04-25 00:50:09.736 [info] > git config --get commit.template [12ms]
2026-04-25 00:50:09.738 [info] > git for-each-ref --format=%(refname)%00%(upstream:short)%00%(objectname)%00%(upstream:track)%00%(upstream:remotename)%00%(upstream:remoteref) refs/heads/master refs/remotes/master [4ms]
2026-04-25 00:50:09.745 [warning] [Git][revParse] Unable to read file: ENOENT: no such file or directory, open '/home/harvey/.git/refs/remotes/origin/master'
2026-04-25 00:50:09.747 [info] > git rev-parse refs/remotes/origin/master [2ms]
2026-04-25 00:50:09.763 [info] > git status -z -uall [7ms]
2026-04-25 00:50:09.767 [info] > git for-each-ref --sort -committerdate --format %(refname)%00%(objectname)%00%(*objectname) [5ms]
2026-04-25 00:50:10.163 [info] > git check-ignore -v -z --stdin [2ms]
2026-04-25 00:50:17.571 [info] > git config --get commit.template [9ms]
2026-04-25 00:50:17.573 [info] > git for-each-ref --format=%(refname)%00%(upstream:short)%00%(objectname)%00%(upstream:track)%00%(upstream:remotename)%00%(upstream:remoteref) refs/heads/master refs/remotes/master [3ms]
2026-04-25 00:50:17.613 [warning] [Git][revParse] Unable to read file: ENOENT: no such file or directory, open '/home/harvey/.git/refs/remotes/origin/master'
2026-04-25 00:50:17.616 [info] > git rev-parse refs/remotes/origin/master [3ms]
2026-04-25 00:50:17.635 [info] > git status -z -uall [11ms]
2026-04-25 00:50:17.639 [info] > git for-each-ref --sort -committerdate --format %(refname)%00%(objectname)%00%(*objectname) [6ms]
2026-04-25 00:50:18.029 [info] > git check-ignore -v -z --stdin [3ms]
