2026-04-25 18:07:21.155 [info] [main] Log level: Info
2026-04-25 18:07:21.155 [info] [main] Validating found git in: "git"
2026-04-25 18:07:21.155 [info] [main] Using git "2.53.0" from "git"
2026-04-25 18:07:21.155 [info] [Model][doInitialScan] Initial repository scan started
2026-04-25 18:07:21.155 [info] > git rev-parse --show-toplevel [83ms]
2026-04-25 18:07:21.155 [info] > git rev-parse --git-dir --git-common-dir --show-superproject-working-tree [4ms]
2026-04-25 18:07:21.454 [info] [Model][openRepository] Opened repository (path): /home/harvey
2026-04-25 18:07:21.454 [info] [Model][openRepository] Opened repository (real path): /home/harvey
2026-04-25 18:07:21.454 [info] [Model][openRepository] Opened repository (kind): repository
2026-04-25 18:07:21.488 [info] > git rev-parse --show-toplevel [11ms]
2026-04-25 18:07:21.489 [info] > git config --get commit.template [17ms]
2026-04-25 18:07:21.505 [info] > git rev-parse --show-toplevel [9ms]
2026-04-25 18:07:21.511 [info] > git rev-parse --show-toplevel [2ms]
2026-04-25 18:07:21.530 [info] > git rev-parse --show-toplevel [11ms]
2026-04-25 18:07:21.531 [info] > git for-each-ref --format=%(refname)%00%(upstream:short)%00%(objectname)%00%(upstream:track)%00%(upstream:remotename)%00%(upstream:remoteref) refs/heads/master refs/remotes/master [28ms]
2026-04-25 18:07:21.543 [warning] [Git][revParse] Unable to read file: ENOENT: no such file or directory, open '/home/harvey/.git/refs/remotes/origin/master'
2026-04-25 18:07:21.545 [info] > git rev-parse refs/remotes/origin/master [2ms]
2026-04-25 18:07:21.558 [info] > git rev-parse --show-toplevel [20ms]
2026-04-25 18:07:21.565 [info] > git status -z -uall [14ms]
2026-04-25 18:07:21.565 [info] > git for-each-ref --sort -committerdate --format %(refname)%00%(objectname)%00%(*objectname) [7ms]
2026-04-25 18:07:21.618 [info] > git for-each-ref --format=%(refname)%00%(upstream:short)%00%(objectname)%00%(upstream:track)%00%(upstream:remotename)%00%(upstream:remoteref) refs/heads/master refs/remotes/master [12ms]
2026-04-25 18:07:21.624 [info] > git rev-parse --show-toplevel [61ms]
2026-04-25 18:07:21.632 [info] > git config --get --local branch.master.vscode-merge-base [8ms]
2026-04-25 18:07:21.632 [warning] [Git][config] git config failed: Failed to execute git
2026-04-25 18:07:21.638 [info] > git config --get commit.template [20ms]
2026-04-25 18:07:21.639 [info] > git rev-parse --show-toplevel [9ms]
2026-04-25 18:07:21.653 [info] > git reflog master --grep-reflog=branch: Created from *. [16ms]
2026-04-25 18:07:21.665 [info] > git rev-parse --show-toplevel [12ms]
2026-04-25 18:07:21.665 [info] > git for-each-ref --format=%(refname)%00%(upstream:short)%00%(objectname)%00%(upstream:track)%00%(upstream:remotename)%00%(upstream:remoteref) refs/heads/master refs/remotes/master [19ms]
2026-04-25 18:07:21.674 [warning] [Git][revParse] Unable to read file: ENOENT: no such file or directory, open '/home/harvey/.git/refs/remotes/origin/master'
2026-04-25 18:07:21.675 [info] > git symbolic-ref --short refs/remotes/origin/HEAD [18ms]
2026-04-25 18:07:21.675 [info] fatal: ref refs/remotes/origin/HEAD is not a symbolic ref
2026-04-25 18:07:21.675 [warning] [Repository][getDefaultBranch] Failed to get default branch details: Failed to execute git.
2026-04-25 18:07:21.742 [info] > git rev-parse refs/remotes/origin/master [68ms]
2026-04-25 18:07:21.755 [info] > git rev-parse --show-toplevel [85ms]
2026-04-25 18:07:21.768 [info] > git status -z -uall [21ms]
2026-04-25 18:07:21.769 [info] > git for-each-ref --sort -committerdate --format %(refname)%00%(objectname)%00%(*objectname) [14ms]
2026-04-25 18:07:21.778 [info] > git rev-parse --show-toplevel [11ms]
2026-04-25 18:07:21.789 [info] > git rev-parse --show-toplevel [3ms]
2026-04-25 18:07:21.795 [info] > git rev-parse --show-toplevel [2ms]
2026-04-25 18:07:21.802 [info] > git rev-parse --show-toplevel [2ms]
2026-04-25 18:07:21.808 [info] > git rev-parse --show-toplevel [2ms]
2026-04-25 18:07:21.815 [info] > git rev-parse --show-toplevel [2ms]
2026-04-25 18:07:21.821 [info] > git rev-parse --show-toplevel [2ms]
2026-04-25 18:07:21.828 [info] > git rev-parse --show-toplevel [1ms]
2026-04-25 18:07:21.835 [info] > git rev-parse --show-toplevel [2ms]
2026-04-25 18:07:21.844 [info] > git rev-parse --show-toplevel [3ms]
2026-04-25 18:07:21.856 [info] > git rev-parse --show-toplevel [4ms]
2026-04-25 18:07:21.864 [info] > git rev-parse --show-toplevel [2ms]
2026-04-25 18:07:21.979 [info] > git rev-parse --show-toplevel [109ms]
2026-04-25 18:07:22.007 [info] > git check-ignore -v -z --stdin [19ms]
2026-04-25 18:07:22.009 [info] > git rev-parse --show-toplevel [4ms]
2026-04-25 18:07:22.017 [info] > git rev-parse --show-toplevel [2ms]
2026-04-25 18:07:22.026 [info] > git rev-parse --show-toplevel [3ms]
2026-04-25 18:07:22.035 [info] > git rev-parse --show-toplevel [2ms]
2026-04-25 18:07:22.044 [info] > git rev-parse --show-toplevel [2ms]
2026-04-25 18:07:22.052 [info] > git rev-parse --show-toplevel [1ms]
2026-04-25 18:07:22.061 [info] > git rev-parse --show-toplevel [2ms]
2026-04-25 18:07:22.070 [info] > git rev-parse --show-toplevel [3ms]
2026-04-25 18:07:22.078 [info] > git rev-parse --show-toplevel [2ms]
2026-04-25 18:07:22.086 [info] > git rev-parse --show-toplevel [2ms]
2026-04-25 18:07:22.093 [info] > git rev-parse --show-toplevel [2ms]
2026-04-25 18:07:22.102 [info] > git rev-parse --show-toplevel [2ms]
2026-04-25 18:07:22.109 [info] > git rev-parse --show-toplevel [2ms]
2026-04-25 18:07:22.116 [info] > git rev-parse --show-toplevel [2ms]
2026-04-25 18:07:22.123 [info] > git rev-parse --show-toplevel [2ms]
2026-04-25 18:07:22.124 [info] [Model][doInitialScan] Initial repository scan completed - repositories (1), closed repositories (0), parent repositories (0), unsafe repositories (0)
2026-04-25 18:07:22.208 [info] > git check-ignore -v -z --stdin [2ms]
2026-04-25 18:07:22.230 [info] > git show --textconv :.config/hypr/hyprland.conf [8ms]
2026-04-25 18:07:22.232 [info] > git ls-files --stage -- .config/hypr/hyprland.conf [3ms]
2026-04-25 18:07:22.239 [info] > git cat-file -s 01be13736dda139ff9fcf1ecb602fb204a23de75 [2ms]
2026-04-25 18:07:23.020 [info] > git blame --root --incremental f12a865074fa45b6324843166117c2b342c28f10 -- .config/hypr/hyprland.conf [3ms]
2026-04-25 18:07:26.021 [info] > git check-ignore -v -z --stdin [3ms]
2026-04-25 18:07:31.086 [info] > git config --get commit.template [5ms]
2026-04-25 18:07:31.087 [info] > git for-each-ref --format=%(refname)%00%(upstream:short)%00%(objectname)%00%(upstream:track)%00%(upstream:remotename)%00%(upstream:remoteref) refs/heads/master refs/remotes/master [2ms]
2026-04-25 18:07:31.100 [warning] [Git][revParse] Unable to read file: ENOENT: no such file or directory, open '/home/harvey/.git/refs/remotes/origin/master'
2026-04-25 18:07:31.102 [info] > git rev-parse refs/remotes/origin/master [2ms]
2026-04-25 18:07:31.116 [info] > git status -z -uall [8ms]
2026-04-25 18:07:31.119 [info] > git for-each-ref --sort -committerdate --format %(refname)%00%(objectname)%00%(*objectname) [5ms]
2026-04-25 18:07:31.501 [info] > git check-ignore -v -z --stdin [2ms]
2026-04-25 18:07:39.080 [info] > git check-ignore -v -z --stdin [2ms]
2026-04-25 18:08:24.541 [info] > git config --get commit.template [8ms]
2026-04-25 18:08:24.542 [info] > git for-each-ref --format=%(refname)%00%(upstream:short)%00%(objectname)%00%(upstream:track)%00%(upstream:remotename)%00%(upstream:remoteref) refs/heads/master refs/remotes/master [4ms]
2026-04-25 18:08:24.550 [warning] [Git][revParse] Unable to read file: ENOENT: no such file or directory, open '/home/harvey/.git/refs/remotes/origin/master'
2026-04-25 18:08:24.552 [info] > git rev-parse refs/remotes/origin/master [2ms]
2026-04-25 18:08:24.569 [info] > git status -z -uall [9ms]
2026-04-25 18:08:24.573 [info] > git for-each-ref --sort -committerdate --format %(refname)%00%(objectname)%00%(*objectname) [6ms]
2026-04-25 18:08:24.958 [info] > git check-ignore -v -z --stdin [2ms]
2026-04-25 18:08:29.595 [info] > git config --get commit.template [7ms]
2026-04-25 18:08:29.597 [info] > git for-each-ref --format=%(refname)%00%(upstream:short)%00%(objectname)%00%(upstream:track)%00%(upstream:remotename)%00%(upstream:remoteref) refs/heads/master refs/remotes/master [3ms]
2026-04-25 18:08:29.602 [warning] [Git][revParse] Unable to read file: ENOENT: no such file or directory, open '/home/harvey/.git/refs/remotes/origin/master'
2026-04-25 18:08:29.604 [info] > git rev-parse refs/remotes/origin/master [1ms]
2026-04-25 18:08:29.616 [info] > git status -z -uall [7ms]
2026-04-25 18:08:29.618 [info] > git for-each-ref --sort -committerdate --format %(refname)%00%(objectname)%00%(*objectname) [3ms]
2026-04-25 18:08:30.006 [info] > git check-ignore -v -z --stdin [3ms]
2026-04-25 18:08:32.165 [info] > git check-ignore -v -z --stdin [3ms]
2026-04-25 18:08:34.636 [info] > git config --get commit.template [6ms]
2026-04-25 18:08:34.637 [info] > git for-each-ref --format=%(refname)%00%(upstream:short)%00%(objectname)%00%(upstream:track)%00%(upstream:remotename)%00%(upstream:remoteref) refs/heads/master refs/remotes/master [2ms]
2026-04-25 18:08:34.642 [warning] [Git][revParse] Unable to read file: ENOENT: no such file or directory, open '/home/harvey/.git/refs/remotes/origin/master'
2026-04-25 18:08:34.643 [info] > git rev-parse refs/remotes/origin/master [1ms]
2026-04-25 18:08:34.655 [info] > git status -z -uall [6ms]
2026-04-25 18:08:34.657 [info] > git for-each-ref --sort -committerdate --format %(refname)%00%(objectname)%00%(*objectname) [3ms]
2026-04-25 18:08:35.031 [info] > git check-ignore -v -z --stdin [2ms]
