2026-04-25 00:51:57.240 [info] [main] Log level: Info
2026-04-25 00:51:57.241 [info] [main] Validating found git in: "git"
2026-04-25 00:51:57.241 [info] [main] Using git "2.53.0" from "git"
2026-04-25 00:51:57.241 [info] [Model][doInitialScan] Initial repository scan started
2026-04-25 00:51:57.241 [info] > git rev-parse --show-toplevel [16ms]
2026-04-25 00:51:57.241 [info] > git rev-parse --git-dir --git-common-dir --show-superproject-working-tree [5ms]
2026-04-25 00:51:57.241 [info] [Model][openRepository] Opened repository (path): /home/harvey
2026-04-25 00:51:57.241 [info] [Model][openRepository] Opened repository (real path): /home/harvey
2026-04-25 00:51:57.241 [info] [Model][openRepository] Opened repository (kind): repository
2026-04-25 00:51:57.241 [info] > git rev-parse --show-toplevel [5ms]
2026-04-25 00:51:57.241 [info] > git config --get commit.template [11ms]
2026-04-25 00:51:57.241 [info] > git for-each-ref --format=%(refname)%00%(upstream:short)%00%(objectname)%00%(upstream:track)%00%(upstream:remotename)%00%(upstream:remoteref) refs/heads/master refs/remotes/master [3ms]
2026-04-25 00:51:57.241 [warning] [Git][revParse] Unable to read file: ENOENT: no such file or directory, open '/home/harvey/.git/refs/remotes/origin/master'
2026-04-25 00:51:57.241 [info] > git rev-parse refs/remotes/origin/master [6ms]
2026-04-25 00:51:57.241 [info] > git status -z -uall [9ms]
2026-04-25 00:51:57.241 [info] > git rev-parse --show-toplevel [19ms]
2026-04-25 00:51:57.241 [info] > git for-each-ref --sort -committerdate --format %(refname)%00%(objectname)%00%(*objectname) [12ms]
2026-04-25 00:51:57.241 [info] > git for-each-ref --format=%(refname)%00%(upstream:short)%00%(objectname)%00%(upstream:track)%00%(upstream:remotename)%00%(upstream:remoteref) refs/heads/master refs/remotes/master [78ms]
2026-04-25 00:51:57.241 [info] > git rev-parse --show-toplevel [121ms]
2026-04-25 00:51:57.241 [info] > git config --get --local branch.master.vscode-merge-base [29ms]
2026-04-25 00:51:57.241 [warning] [Git][config] git config failed: Failed to execute git
2026-04-25 00:51:57.241 [info] > git rev-parse --show-toplevel [35ms]
2026-04-25 00:51:57.247 [info] > git config --get commit.template [43ms]
2026-04-25 00:51:57.247 [info] > git reflog master --grep-reflog=branch: Created from *. [49ms]
2026-04-25 00:51:57.259 [info] > git symbolic-ref --short refs/remotes/origin/HEAD [7ms]
2026-04-25 00:51:57.259 [info] fatal: ref refs/remotes/origin/HEAD is not a symbolic ref
2026-04-25 00:51:57.259 [warning] [Repository][getDefaultBranch] Failed to get default branch details: Failed to execute git.
2026-04-25 00:51:57.261 [info] > git rev-parse --show-toplevel [15ms]
2026-04-25 00:51:57.274 [info] > git for-each-ref --format=%(refname)%00%(upstream:short)%00%(objectname)%00%(upstream:track)%00%(upstream:remotename)%00%(upstream:remoteref) refs/heads/master refs/remotes/master [7ms]
2026-04-25 00:51:57.280 [warning] [Git][revParse] Unable to read file: ENOENT: no such file or directory, open '/home/harvey/.git/refs/remotes/origin/master'
2026-04-25 00:51:57.280 [info] > git rev-parse --show-toplevel [8ms]
2026-04-25 00:51:57.285 [info] > git rev-parse refs/remotes/origin/master [6ms]
2026-04-25 00:51:57.295 [info] > git status -z -uall [6ms]
2026-04-25 00:51:57.297 [info] > git rev-parse --show-toplevel [12ms]
2026-04-25 00:51:57.303 [info] > git for-each-ref --sort -committerdate --format %(refname)%00%(objectname)%00%(*objectname) [9ms]
2026-04-25 00:51:57.309 [info] > git rev-parse --show-toplevel [7ms]
2026-04-25 00:51:57.316 [info] > git rev-parse --show-toplevel [1ms]
2026-04-25 00:51:57.325 [info] > git rev-parse --show-toplevel [1ms]
2026-04-25 00:51:57.331 [info] > git rev-parse --show-toplevel [1ms]
2026-04-25 00:51:57.338 [info] > git rev-parse --show-toplevel [2ms]
2026-04-25 00:51:57.345 [info] > git rev-parse --show-toplevel [2ms]
2026-04-25 00:51:57.353 [info] > git rev-parse --show-toplevel [2ms]
2026-04-25 00:51:57.360 [info] > git rev-parse --show-toplevel [2ms]
2026-04-25 00:51:57.375 [info] > git check-ignore -v -z --stdin [2ms]
2026-04-25 00:51:57.376 [info] > git rev-parse --show-toplevel [11ms]
2026-04-25 00:51:57.382 [info] > git rev-parse --show-toplevel [1ms]
2026-04-25 00:51:57.388 [info] > git rev-parse --show-toplevel [1ms]
2026-04-25 00:51:57.394 [info] > git rev-parse --show-toplevel [1ms]
2026-04-25 00:51:57.399 [info] > git rev-parse --show-toplevel [1ms]
2026-04-25 00:51:57.478 [info] > git rev-parse --show-toplevel [75ms]
2026-04-25 00:51:57.486 [info] > git rev-parse --show-toplevel [2ms]
2026-04-25 00:51:57.492 [info] > git rev-parse --show-toplevel [2ms]
2026-04-25 00:51:57.498 [info] > git rev-parse --show-toplevel [2ms]
2026-04-25 00:51:57.504 [info] > git rev-parse --show-toplevel [1ms]
2026-04-25 00:51:57.512 [info] > git rev-parse --show-toplevel [2ms]
2026-04-25 00:51:57.520 [info] > git rev-parse --show-toplevel [3ms]
2026-04-25 00:51:57.526 [info] > git rev-parse --show-toplevel [1ms]
2026-04-25 00:51:57.532 [info] > git rev-parse --show-toplevel [1ms]
2026-04-25 00:51:57.543 [info] > git rev-parse --show-toplevel [3ms]
2026-04-25 00:51:57.550 [info] > git rev-parse --show-toplevel [2ms]
2026-04-25 00:51:57.558 [info] > git rev-parse --show-toplevel [2ms]
2026-04-25 00:51:57.565 [info] > git rev-parse --show-toplevel [2ms]
2026-04-25 00:51:57.574 [info] > git rev-parse --show-toplevel [1ms]
2026-04-25 00:51:57.582 [info] > git rev-parse --show-toplevel [1ms]
2026-04-25 00:51:57.583 [info] [Model][doInitialScan] Initial repository scan completed - repositories (1), closed repositories (0), parent repositories (0), unsafe repositories (0)
2026-04-25 00:51:57.661 [info] > git check-ignore -v -z --stdin [2ms]
2026-04-25 00:51:57.787 [info] > git check-ignore -v -z --stdin [2ms]
2026-04-25 00:52:09.379 [info] > git config --get commit.template [6ms]
2026-04-25 00:52:09.380 [info] > git for-each-ref --format=%(refname)%00%(upstream:short)%00%(objectname)%00%(upstream:track)%00%(upstream:remotename)%00%(upstream:remoteref) refs/heads/master refs/remotes/master [2ms]
2026-04-25 00:52:09.389 [warning] [Git][revParse] Unable to read file: ENOENT: no such file or directory, open '/home/harvey/.git/refs/remotes/origin/master'
2026-04-25 00:52:09.390 [info] > git rev-parse refs/remotes/origin/master [2ms]
2026-04-25 00:52:09.407 [info] > git status -z -uall [10ms]
2026-04-25 00:52:09.410 [info] > git for-each-ref --sort -committerdate --format %(refname)%00%(objectname)%00%(*objectname) [4ms]
2026-04-25 00:52:09.822 [info] > git check-ignore -v -z --stdin [3ms]
2026-04-25 00:52:11.593 [info] > git check-ignore -v -z --stdin [25ms]
2026-04-25 00:52:18.874 [info] > git config --get commit.template [12ms]
2026-04-25 00:52:18.876 [info] > git for-each-ref --format=%(refname)%00%(upstream:short)%00%(objectname)%00%(upstream:track)%00%(upstream:remotename)%00%(upstream:remoteref) refs/heads/master refs/remotes/master [3ms]
2026-04-25 00:52:18.883 [warning] [Git][revParse] Unable to read file: ENOENT: no such file or directory, open '/home/harvey/.git/refs/remotes/origin/master'
2026-04-25 00:52:18.886 [info] > git rev-parse refs/remotes/origin/master [3ms]
2026-04-25 00:52:18.909 [info] > git status -z -uall [13ms]
2026-04-25 00:52:18.912 [info] > git for-each-ref --sort -committerdate --format %(refname)%00%(objectname)%00%(*objectname) [4ms]
2026-04-25 00:52:19.312 [info] > git check-ignore -v -z --stdin [2ms]
2026-04-25 00:52:20.950 [info] > git check-ignore -v -z --stdin [4ms]
2026-04-25 00:52:29.906 [info] > git config --get commit.template [11ms]
2026-04-25 00:52:29.907 [info] > git for-each-ref --format=%(refname)%00%(upstream:short)%00%(objectname)%00%(upstream:track)%00%(upstream:remotename)%00%(upstream:remoteref) refs/heads/master refs/remotes/master [3ms]
2026-04-25 00:52:29.914 [warning] [Git][revParse] Unable to read file: ENOENT: no such file or directory, open '/home/harvey/.git/refs/remotes/origin/master'
2026-04-25 00:52:29.918 [info] > git rev-parse refs/remotes/origin/master [4ms]
2026-04-25 00:52:29.939 [info] > git status -z -uall [11ms]
2026-04-25 00:52:29.942 [info] > git for-each-ref --sort -committerdate --format %(refname)%00%(objectname)%00%(*objectname) [5ms]
2026-04-25 00:52:30.358 [info] > git check-ignore -v -z --stdin [1ms]
