2026-04-25 18:15:46.029 [info] Reading sessions from keychain...
2026-04-25 18:15:46.029 [info] Getting sessions for all scopes...
2026-04-25 18:15:46.080 [info] Got 0 sessions for ...
2026-04-25 18:15:46.080 [info] Getting sessions for all scopes...
2026-04-25 18:15:46.080 [info] Got 0 sessions for ...
2026-04-25 18:15:46.081 [info] Getting sessions for all scopes...
2026-04-25 18:15:46.081 [info] Got 0 sessions for ...
2026-04-25 18:15:46.098 [info] Getting sessions for all scopes...
2026-04-25 18:15:46.098 [info] Got 0 sessions for ...
2026-04-25 18:15:46.512 [info] Getting sessions for all scopes...
2026-04-25 18:15:46.512 [info] Got 0 sessions for ...
2026-04-25 18:15:47.591 [info] Getting sessions for read:user,repo,user:email,workflow...
2026-04-25 18:15:47.591 [info] Got 0 sessions for read:user,repo,user:email,workflow...
2026-04-25 18:15:49.281 [info] Getting sessions for all scopes...
2026-04-25 18:15:49.281 [info] Got 0 sessions for ...
2026-04-25 18:28:38.398 [info] Reading sessions from keychain...
2026-04-25 18:28:38.423 [info] Got stored sessions!
2026-04-25 18:28:38.423 [info] Got 1 verified sessions.
2026-04-25 18:28:38.423 [info] Adding session found in keychain
2026-04-25 18:28:38.443 [info] Getting sessions for read:user,repo,user:email,workflow...
2026-04-25 18:28:38.444 [info] Got 1 sessions for read:user,repo,user:email,workflow...
2026-04-25 18:28:38.630 [info] Getting sessions for all scopes...
2026-04-25 18:28:38.630 [info] Got 1 sessions for ...
2026-04-25 18:28:38.635 [info] Getting sessions for all scopes...
2026-04-25 18:28:38.635 [info] Got 1 sessions for ...
2026-04-25 18:29:11.268 [info] Getting sessions for all scopes...
2026-04-25 18:29:11.268 [info] Got 1 sessions for ...
2026-04-25 18:29:11.271 [info] Getting sessions for all scopes...
2026-04-25 18:29:11.271 [info] Got 1 sessions for ...
2026-04-25 18:31:23.261 [info] Getting sessions for all scopes...
2026-04-25 18:31:23.261 [info] Got 1 sessions for ...
2026-04-25 18:31:23.262 [info] Getting sessions for all scopes...
2026-04-25 18:31:23.262 [info] Got 1 sessions for ...
2026-04-25 18:34:50.273 [info] Getting sessions for all scopes...
2026-04-25 18:34:50.273 [info] Got 1 sessions for ...
2026-04-25 18:34:50.275 [info] Getting sessions for all scopes...
2026-04-25 18:34:50.275 [info] Got 1 sessions for ...
