2026-04-25 18:24:06.247 [info] [main] Log level: Info
2026-04-25 18:24:06.247 [info] [main] Validating found git in: "git"
2026-04-25 18:24:06.247 [info] [main] Using git "2.53.0" from "git"
2026-04-25 18:24:06.247 [info] [Model][doInitialScan] Initial repository scan started
2026-04-25 18:24:06.247 [info] [Model][doInitialScan] Initial repository scan completed - repositories (0), closed repositories (0), parent repositories (0), unsafe repositories (0)
2026-04-25 18:24:21.666 [info] [main] Log level: Info
2026-04-25 18:24:21.666 [info] [main] Validating found git in: "git"
2026-04-25 18:24:21.666 [info] [main] Using git "2.53.0" from "git"
2026-04-25 18:24:21.666 [info] [Model][doInitialScan] Initial repository scan started
2026-04-25 18:24:21.666 [info] > git rev-parse --show-toplevel [32ms]
2026-04-25 18:24:21.675 [info] > git rev-parse --git-dir --git-common-dir --show-superproject-working-tree [4ms]
2026-04-25 18:24:21.707 [info] [Model][openRepository] Opened repository (path): /home/harvey/Projects/myhyprlandv2
2026-04-25 18:24:21.707 [info] [Model][openRepository] Opened repository (real path): /home/harvey/Projects/myhyprlandv2
2026-04-25 18:24:21.707 [info] [Model][openRepository] Opened repository (kind): repository
2026-04-25 18:24:21.712 [info] [Model][doInitialScan] Initial repository scan completed - repositories (1), closed repositories (0), parent repositories (0), unsafe repositories (0)
2026-04-25 18:24:21.727 [info] > git config --get commit.template [7ms]
2026-04-25 18:24:21.737 [info] > git for-each-ref --format=%(refname)%00%(upstream:short)%00%(objectname)%00%(upstream:track)%00%(upstream:remotename)%00%(upstream:remoteref) refs/heads/main refs/remotes/main [3ms]
2026-04-25 18:24:21.743 [warning] [Git][revParse] Unable to read file: ENOENT: no such file or directory, open '/home/harvey/Projects/myhyprlandv2/.git/refs/remotes/origin/main'
2026-04-25 18:24:21.745 [info] > git rev-parse refs/remotes/origin/main [2ms]
2026-04-25 18:24:21.762 [info] > git status -z -uall [10ms]
2026-04-25 18:24:21.765 [info] > git for-each-ref --sort -committerdate --format %(refname)%00%(objectname)%00%(*objectname) [4ms]
2026-04-25 18:24:21.812 [info] > git for-each-ref --format=%(refname)%00%(upstream:short)%00%(objectname)%00%(upstream:track)%00%(upstream:remotename)%00%(upstream:remoteref) refs/heads/main refs/remotes/main [4ms]
2026-04-25 18:24:21.850 [info] > git config --get --local branch.main.vscode-merge-base [30ms]
2026-04-25 18:24:21.850 [warning] [Git][config] git config failed: Failed to execute git
2026-04-25 18:24:21.904 [info] > git config --get commit.template [42ms]
2026-04-25 18:24:21.904 [info] > git reflog main --grep-reflog=branch: Created from *. [48ms]
2026-04-25 18:24:21.920 [info] > git symbolic-ref --short refs/remotes/origin/HEAD [10ms]
2026-04-25 18:24:21.936 [info] > git for-each-ref --format=%(refname)%00%(upstream:short)%00%(objectname)%00%(upstream:track)%00%(upstream:remotename)%00%(upstream:remoteref) refs/heads/origin/main refs/remotes/origin/main [9ms]
2026-04-25 18:24:21.946 [info] > git for-each-ref --format=%(refname)%00%(upstream:short)%00%(objectname)%00%(upstream:track)%00%(upstream:remotename)%00%(upstream:remoteref) refs/heads/main refs/remotes/main [11ms]
2026-04-25 18:24:21.953 [warning] [Git][revParse] Unable to read file: ENOENT: no such file or directory, open '/home/harvey/Projects/myhyprlandv2/.git/refs/remotes/origin/main'
2026-04-25 18:24:21.954 [info] > git config --add --local branch.main.vscode-merge-base origin/main [10ms]
2026-04-25 18:24:21.965 [info] > git rev-parse refs/remotes/origin/main [12ms]
2026-04-25 18:24:21.970 [info] > git config --get commit.template [6ms]
2026-04-25 18:24:21.979 [info] > git for-each-ref --format=%(refname)%00%(upstream:short)%00%(objectname)%00%(upstream:track)%00%(upstream:remotename)%00%(upstream:remoteref) refs/heads/main refs/remotes/main [3ms]
2026-04-25 18:24:21.984 [warning] [Git][revParse] Unable to read file: ENOENT: no such file or directory, open '/home/harvey/Projects/myhyprlandv2/.git/refs/remotes/origin/main'
2026-04-25 18:24:21.986 [info] > git rev-parse refs/remotes/origin/main [2ms]
2026-04-25 18:24:21.999 [info] > git status -z -uall [7ms]
2026-04-25 18:24:22.002 [info] > git for-each-ref --sort -committerdate --format %(refname)%00%(objectname)%00%(*objectname) [5ms]
2026-04-25 18:24:22.319 [info] > git check-ignore -v -z --stdin [2ms]
2026-04-25 18:24:23.062 [info] > git config --get commit.template [5ms]
2026-04-25 18:24:23.063 [info] > git for-each-ref --format=%(refname)%00%(upstream:short)%00%(objectname)%00%(upstream:track)%00%(upstream:remotename)%00%(upstream:remoteref) refs/heads/main refs/remotes/main [2ms]
2026-04-25 18:24:23.067 [warning] [Git][revParse] Unable to read file: ENOENT: no such file or directory, open '/home/harvey/Projects/myhyprlandv2/.git/refs/remotes/origin/main'
2026-04-25 18:24:23.069 [info] > git rev-parse refs/remotes/origin/main [2ms]
2026-04-25 18:24:23.078 [info] > git status -z -uall [5ms]
2026-04-25 18:24:23.081 [info] > git for-each-ref --sort -committerdate --format %(refname)%00%(objectname)%00%(*objectname) [2ms]
2026-04-25 18:24:50.725 [info] > git check-ignore -v -z --stdin [3ms]
2026-04-25 18:24:50.785 [info] > git show --textconv :README.md [7ms]
2026-04-25 18:24:50.787 [info] > git ls-files --stage -- README.md [2ms]
2026-04-25 18:24:50.795 [info] > git cat-file -s d57e79c516563b03c950af3adfaacb6517a5e454 [2ms]
2026-04-25 18:25:00.715 [info] > git blame --root --incremental fb2b6298a44c8cbea8d06a91258b25ad6ff2f3e5 -- README.md [3ms]
2026-04-25 18:25:01.544 [info] > git check-ignore -v -z --stdin [3ms]
2026-04-25 18:25:12.300 [info] > git check-ignore -v -z --stdin [3ms]
2026-04-25 18:25:13.303 [info] > git check-ignore -v -z --stdin [3ms]
2026-04-25 18:25:20.763 [info] > git config --get commit.template [7ms]
2026-04-25 18:25:20.764 [info] > git for-each-ref --format=%(refname)%00%(upstream:short)%00%(objectname)%00%(upstream:track)%00%(upstream:remotename)%00%(upstream:remoteref) refs/heads/main refs/remotes/main [2ms]
2026-04-25 18:25:20.770 [warning] [Git][revParse] Unable to read file: ENOENT: no such file or directory, open '/home/harvey/Projects/myhyprlandv2/.git/refs/remotes/origin/main'
2026-04-25 18:25:20.771 [info] > git rev-parse refs/remotes/origin/main [2ms]
2026-04-25 18:25:20.783 [info] > git status -z -uall [7ms]
2026-04-25 18:25:20.784 [info] > git for-each-ref --sort -committerdate --format %(refname)%00%(objectname)%00%(*objectname) [2ms]
2026-04-25 18:25:21.104 [info] > git check-ignore -v -z --stdin [2ms]
2026-04-25 18:25:24.135 [info] > git log --format=%H%n%aN%n%aE%n%at%n%ct%n%P%n%D%n%B -z --shortstat --diff-merges=first-parent -n50 --skip=0 --topo-order --decorate=full --stdin [3ms]
2026-04-25 18:25:24.421 [info] > git merge-base main origin/main [2ms]
2026-04-25 18:25:43.073 [info] > git add -A -- README.md [3ms]
2026-04-25 18:25:43.087 [info] > git config --get commit.template [7ms]
2026-04-25 18:25:43.088 [info] > git for-each-ref --format=%(refname)%00%(upstream:short)%00%(objectname)%00%(upstream:track)%00%(upstream:remotename)%00%(upstream:remoteref) refs/heads/main refs/remotes/main [2ms]
2026-04-25 18:25:43.092 [warning] [Git][revParse] Unable to read file: ENOENT: no such file or directory, open '/home/harvey/Projects/myhyprlandv2/.git/refs/remotes/origin/main'
2026-04-25 18:25:43.094 [info] > git rev-parse refs/remotes/origin/main [2ms]
2026-04-25 18:25:43.106 [info] > git status -z -uall [7ms]
2026-04-25 18:25:43.108 [info] > git for-each-ref --sort -committerdate --format %(refname)%00%(objectname)%00%(*objectname) [3ms]
2026-04-25 18:25:43.425 [info] > git check-ignore -v -z --stdin [3ms]
2026-04-25 18:25:43.445 [info] > git show --textconv HEAD:README.md [9ms]
2026-04-25 18:25:43.447 [info] > git ls-tree -l HEAD -- README.md [3ms]
2026-04-25 18:25:44.167 [info] > git config --get commit.template [8ms]
2026-04-25 18:25:44.168 [info] > git for-each-ref --format=%(refname)%00%(upstream:short)%00%(objectname)%00%(upstream:track)%00%(upstream:remotename)%00%(upstream:remoteref) refs/heads/main refs/remotes/main [2ms]
2026-04-25 18:25:44.173 [warning] [Git][revParse] Unable to read file: ENOENT: no such file or directory, open '/home/harvey/Projects/myhyprlandv2/.git/refs/remotes/origin/main'
2026-04-25 18:25:44.174 [info] > git rev-parse refs/remotes/origin/main [1ms]
2026-04-25 18:25:44.187 [info] > git status -z -uall [6ms]
2026-04-25 18:25:44.189 [info] > git for-each-ref --sort -committerdate --format %(refname)%00%(objectname)%00%(*objectname) [3ms]
2026-04-25 18:25:44.269 [info] > git ls-files --stage -- README.md [8ms]
2026-04-25 18:25:44.275 [info] > git ls-tree -l HEAD -- README.md [7ms]
2026-04-25 18:25:44.277 [info] > git cat-file -s e732049ea855769ccb3d05b1d30e41f9c71442f4 [3ms]
2026-04-25 18:25:44.291 [info] > git show --textconv HEAD:README.md [7ms]
2026-04-25 18:25:44.294 [info] > git show --textconv :README.md [4ms]
2026-04-25 18:25:44.511 [info] > git check-ignore -v -z --stdin [2ms]
2026-04-25 18:25:53.546 [info] > git -c user.useConfigOnly=true commit --quiet --allow-empty-message --file - [3ms]
2026-04-25 18:25:53.546 [info] Author identity unknown

*** Please tell me who you are.

Run

  git config --global user.email "you@example.com"
  git config --global user.name "Your Name"

to set your account's default identity.
Omit --global to set the identity only in this repository.

fatal: no email was given and auto-detection is disabled
2026-04-25 18:25:53.553 [info] > git config --get-all user.name [2ms]
2026-04-25 18:25:53.568 [info] > git config --get commit.template [9ms]
2026-04-25 18:25:53.569 [info] > git for-each-ref --format=%(refname)%00%(upstream:short)%00%(objectname)%00%(upstream:track)%00%(upstream:remotename)%00%(upstream:remoteref) refs/heads/main refs/remotes/main [3ms]
2026-04-25 18:25:53.574 [warning] [Git][revParse] Unable to read file: ENOENT: no such file or directory, open '/home/harvey/Projects/myhyprlandv2/.git/refs/remotes/origin/main'
2026-04-25 18:25:53.578 [info] > git rev-parse refs/remotes/origin/main [4ms]
2026-04-25 18:25:53.591 [info] > git status -z -uall [8ms]
2026-04-25 18:25:53.594 [info] > git for-each-ref --sort -committerdate --format %(refname)%00%(objectname)%00%(*objectname) [3ms]
2026-04-25 18:25:54.677 [info] > git for-each-ref --format=%(refname)%00%(upstream:short)%00%(objectname)%00%(upstream:track)%00%(upstream:remotename)%00%(upstream:remoteref) refs/heads/main refs/remotes/main [12ms]
2026-04-25 18:25:54.678 [info] > git config --get commit.template [19ms]
2026-04-25 18:25:54.688 [warning] [Git][revParse] Unable to read file: ENOENT: no such file or directory, open '/home/harvey/Projects/myhyprlandv2/.git/refs/remotes/origin/main'
2026-04-25 18:25:54.694 [info] > git rev-parse refs/remotes/origin/main [6ms]
2026-04-25 18:25:54.719 [info] > git status -z -uall [14ms]
2026-04-25 18:25:54.721 [info] > git for-each-ref --sort -committerdate --format %(refname)%00%(objectname)%00%(*objectname) [5ms]
2026-04-25 18:25:54.770 [info] > git ls-files --stage -- README.md [6ms]
2026-04-25 18:25:54.778 [info] > git ls-tree -l HEAD -- README.md [7ms]
2026-04-25 18:25:54.779 [info] > git cat-file -s e732049ea855769ccb3d05b1d30e41f9c71442f4 [2ms]
2026-04-25 18:25:54.792 [info] > git show --textconv HEAD:README.md [7ms]
2026-04-25 18:25:54.793 [info] > git show --textconv :README.md [2ms]
2026-04-25 18:27:35.189 [info] > git -c user.useConfigOnly=true commit --quiet --allow-empty-message --file - [15ms]
2026-04-25 18:27:35.198 [info] > git config --get commit.template [1ms]
2026-04-25 18:27:35.217 [info] > git config --get commit.template [9ms]
2026-04-25 18:27:35.220 [info] > git for-each-ref --format=%(refname)%00%(upstream:short)%00%(objectname)%00%(upstream:track)%00%(upstream:remotename)%00%(upstream:remoteref) refs/heads/main refs/remotes/main [3ms]
2026-04-25 18:27:35.227 [warning] [Git][revParse] Unable to read file: ENOENT: no such file or directory, open '/home/harvey/Projects/myhyprlandv2/.git/refs/remotes/origin/main'
2026-04-25 18:27:35.228 [info] > git rev-parse refs/remotes/origin/main [1ms]
2026-04-25 18:27:35.242 [info] > git status -z -uall [8ms]
2026-04-25 18:27:35.244 [info] > git for-each-ref --sort -committerdate --format %(refname)%00%(objectname)%00%(*objectname) [3ms]
2026-04-25 18:27:35.286 [info] > git log --format=%H%n%aN%n%aE%n%at%n%ct%n%P%n%D%n%B -z --shortstat --diff-merges=first-parent -n50 --skip=0 --topo-order --decorate=full --stdin [3ms]
2026-04-25 18:27:35.369 [info] > git config --get commit.template [7ms]
2026-04-25 18:27:35.379 [info] > git for-each-ref --format=%(refname)%00%(upstream:short)%00%(objectname)%00%(upstream:track)%00%(upstream:remotename)%00%(upstream:remoteref) refs/heads/main refs/remotes/main [12ms]
2026-04-25 18:27:35.386 [warning] [Git][revParse] Unable to read file: ENOENT: no such file or directory, open '/home/harvey/Projects/myhyprlandv2/.git/refs/remotes/origin/main'
2026-04-25 18:27:35.387 [info] > git merge-base main origin/main [10ms]
2026-04-25 18:27:35.389 [info] > git rev-parse refs/remotes/origin/main [3ms]
2026-04-25 18:27:35.406 [info] > git status -z -uall [9ms]
2026-04-25 18:27:35.407 [info] > git for-each-ref --sort -committerdate --format %(refname)%00%(objectname)%00%(*objectname) [2ms]
2026-04-25 18:27:35.597 [info] > git check-ignore -v -z --stdin [5ms]
2026-04-25 18:27:35.632 [info] > git blame --root --incremental 598d63abcef004253992843e7c4e7a7a0bbe1366 -- README.md [5ms]
2026-04-25 18:27:36.398 [info] > git ls-files --stage -- README.md [2ms]
2026-04-25 18:27:36.407 [info] > git cat-file -s e732049ea855769ccb3d05b1d30e41f9c71442f4 [2ms]
2026-04-25 18:27:36.419 [info] > git show --textconv :README.md [2ms]
2026-04-25 18:27:46.719 [info] > git log --oneline --cherry main...main@{upstream} -- [2ms]
2026-04-25 18:27:47.377 [info] > git pull --tags origin main [648ms]
2026-04-25 18:27:47.377 [info] From https://github.com/aspect2609/myhyprlandv2
 * branch            main       -> FETCH_HEAD
2026-04-25 18:28:39.151 [info] > git ls-files --stage -- README.md [2ms]
2026-04-25 18:28:39.160 [info] > git cat-file -s e732049ea855769ccb3d05b1d30e41f9c71442f4 [3ms]
2026-04-25 18:28:39.173 [info] > git show --textconv :README.md [3ms]
2026-04-25 18:28:39.307 [info] > git push origin main:main [51924ms]
2026-04-25 18:28:39.307 [info] /bin/sh: warning: setlocale: LC_ALL: cannot change locale (en_US.UTF-8): No such file or directory
/bin/sh: warning: setlocale: LC_ALL: cannot change locale (en_US.UTF-8): No such file or directory
To https://github.com/aspect2609/myhyprlandv2.git
   fb2b629..598d63a  main -> main
2026-04-25 18:28:39.326 [info] > git config --get commit.template [8ms]
2026-04-25 18:28:39.328 [info] > git for-each-ref --format=%(refname)%00%(upstream:short)%00%(objectname)%00%(upstream:track)%00%(upstream:remotename)%00%(upstream:remoteref) refs/heads/main refs/remotes/main [4ms]
2026-04-25 18:28:39.346 [info] > git status -z -uall [10ms]
2026-04-25 18:28:39.348 [info] > git for-each-ref --sort -committerdate --format %(refname)%00%(objectname)%00%(*objectname) [4ms]
2026-04-25 18:28:39.384 [info] > git log --format=%H%n%aN%n%aE%n%at%n%ct%n%P%n%D%n%B -z --shortstat --diff-merges=first-parent -n50 --skip=0 --topo-order --decorate=full --stdin [3ms]
2026-04-25 18:28:40.364 [info] > git merge-base main origin/main [2ms]
2026-04-25 18:28:40.443 [info] > git config --get commit.template [7ms]
2026-04-25 18:28:40.444 [info] > git for-each-ref --format=%(refname)%00%(upstream:short)%00%(objectname)%00%(upstream:track)%00%(upstream:remotename)%00%(upstream:remoteref) refs/heads/main refs/remotes/main [2ms]
2026-04-25 18:28:40.462 [info] > git status -z -uall [10ms]
2026-04-25 18:28:40.464 [info] > git for-each-ref --sort -committerdate --format %(refname)%00%(objectname)%00%(*objectname) [3ms]
2026-04-25 18:28:40.540 [info] > git ls-files --stage -- README.md [3ms]
2026-04-25 18:28:40.549 [info] > git cat-file -s e732049ea855769ccb3d05b1d30e41f9c71442f4 [2ms]
2026-04-25 18:28:40.562 [info] > git show --textconv :README.md [3ms]
2026-04-25 18:29:01.613 [info] > git check-ignore -v -z --stdin [3ms]
2026-04-25 18:29:02.511 [info] > git check-ignore -v -z --stdin [1ms]
2026-04-25 18:29:02.698 [info] > git check-ignore -v -z --stdin [2ms]
2026-04-25 18:29:03.055 [info] > git check-ignore -v -z --stdin [2ms]
2026-04-25 18:29:04.142 [info] > git config --get commit.template [7ms]
2026-04-25 18:29:04.144 [info] > git for-each-ref --format=%(refname)%00%(upstream:short)%00%(objectname)%00%(upstream:track)%00%(upstream:remotename)%00%(upstream:remoteref) refs/heads/main refs/remotes/main [3ms]
2026-04-25 18:29:04.159 [info] > git status -z -uall [9ms]
2026-04-25 18:29:04.160 [info] > git for-each-ref --sort -committerdate --format %(refname)%00%(objectname)%00%(*objectname) [3ms]
2026-04-25 18:29:04.478 [info] > git check-ignore -v -z --stdin [2ms]
2026-04-25 18:29:09.776 [info] > git add -A -- README.md [3ms]
2026-04-25 18:29:09.794 [info] > git config --get commit.template [8ms]
2026-04-25 18:29:09.796 [info] > git for-each-ref --format=%(refname)%00%(upstream:short)%00%(objectname)%00%(upstream:track)%00%(upstream:remotename)%00%(upstream:remoteref) refs/heads/main refs/remotes/main [3ms]
2026-04-25 18:29:09.812 [info] > git status -z -uall [10ms]
2026-04-25 18:29:09.813 [info] > git for-each-ref --sort -committerdate --format %(refname)%00%(objectname)%00%(*objectname) [4ms]
2026-04-25 18:29:10.130 [info] > git check-ignore -v -z --stdin [2ms]
2026-04-25 18:29:10.153 [info] > git show --textconv HEAD:README.md [8ms]
2026-04-25 18:29:10.154 [info] > git ls-tree -l HEAD -- README.md [2ms]
2026-04-25 18:29:11.694 [info] > git check-ignore -v -z --stdin [2ms]
2026-04-25 18:29:42.180 [info] > git hash-object -t tree /dev/null [4ms]
2026-04-25 18:29:42.195 [info] > git diff-tree -r --raw --numstat --diff-filter=ADMR -z --find-renames=50% 4b825dc642cb6eb9a060e54bf8d69288fbee4904 fb2b6298a44c8cbea8d06a91258b25ad6ff2f3e5 -- [4ms]
2026-04-25 18:29:42.713 [info] > git check-ignore -v -z --stdin [2ms]
2026-04-25 18:29:43.409 [info] > git show --textconv fb2b6298a44c8cbea8d06a91258b25ad6ff2f3e5:README.md [9ms]
2026-04-25 18:29:43.412 [info] > git ls-tree -l fb2b6298a44c8cbea8d06a91258b25ad6ff2f3e5 -- README.md [4ms]
2026-04-25 18:29:43.921 [info] > git check-ignore -v -z --stdin [3ms]
2026-04-25 18:29:49.482 [info] > git ls-tree -l fb2b6298a44c8cbea8d06a91258b25ad6ff2f3e5 -- README.md [3ms]
2026-04-25 18:29:55.436 [info] > git ls-tree -l fb2b6298a44c8cbea8d06a91258b25ad6ff2f3e5 -- README.md [2ms]
2026-04-25 18:29:57.128 [info] > git ls-tree -l fb2b6298a44c8cbea8d06a91258b25ad6ff2f3e5 -- README.md [3ms]
2026-04-25 18:30:01.259 [info] > git -c user.useConfigOnly=true commit --quiet [50568ms]
2026-04-25 18:30:01.259 [info] /bin/sh: warning: setlocale: LC_ALL: cannot change locale (en_US.UTF-8): No such file or directory
/bin/sh: warning: setlocale: LC_ALL: cannot change locale (en_US.UTF-8): No such file or directory
Aborting commit due to empty commit message.
2026-04-25 18:30:01.274 [info] > git config --get commit.template [8ms]
2026-04-25 18:30:01.278 [info] > git for-each-ref --format=%(refname)%00%(upstream:short)%00%(objectname)%00%(upstream:track)%00%(upstream:remotename)%00%(upstream:remoteref) refs/heads/main refs/remotes/main [6ms]
2026-04-25 18:30:01.303 [info] > git status -z -uall [15ms]
2026-04-25 18:30:01.303 [info] > git for-each-ref --sort -committerdate --format %(refname)%00%(objectname)%00%(*objectname) [4ms]
2026-04-25 18:30:01.328 [info] > git config --get commit.template [9ms]
2026-04-25 18:30:01.329 [info] > git for-each-ref --format=%(refname)%00%(upstream:short)%00%(objectname)%00%(upstream:track)%00%(upstream:remotename)%00%(upstream:remoteref) refs/heads/main refs/remotes/main [3ms]
2026-04-25 18:30:01.348 [info] > git status -z -uall [10ms]
2026-04-25 18:30:01.350 [info] > git for-each-ref --sort -committerdate --format %(refname)%00%(objectname)%00%(*objectname) [3ms]
2026-04-25 18:30:01.553 [info] > git check-ignore -v -z --stdin [4ms]
2026-04-25 18:30:01.630 [info] > git show --textconv :README.md [53ms]
2026-04-25 18:30:01.630 [info] > git show --textconv HEAD:README.md [38ms]
2026-04-25 18:30:01.631 [info] > git ls-files --stage -- README.md [21ms]
2026-04-25 18:30:01.641 [info] > git cat-file -s 69d0f54dfd34801a04b0dd731d2f8680cc5b3319 [5ms]
2026-04-25 18:30:01.641 [info] > git ls-tree -l HEAD -- README.md [14ms]
2026-04-25 18:30:15.877 [info] > git -c user.useConfigOnly=true commit --quiet --allow-empty-message --file - [8ms]
2026-04-25 18:30:15.885 [info] > git config --get commit.template [2ms]
2026-04-25 18:30:15.902 [info] > git config --get commit.template [9ms]
2026-04-25 18:30:15.903 [info] > git for-each-ref --format=%(refname)%00%(upstream:short)%00%(objectname)%00%(upstream:track)%00%(upstream:remotename)%00%(upstream:remoteref) refs/heads/main refs/remotes/main [3ms]
2026-04-25 18:30:15.917 [info] > git status -z -uall [8ms]
2026-04-25 18:30:15.920 [info] > git for-each-ref --sort -committerdate --format %(refname)%00%(objectname)%00%(*objectname) [4ms]
2026-04-25 18:30:15.937 [info] > git blame --root --incremental 8cb21ed53f93304b551df4e8337130e01c3334f4 -- README.md [6ms]
2026-04-25 18:30:15.960 [info] > git log --format=%H%n%aN%n%aE%n%at%n%ct%n%P%n%D%n%B -z --shortstat --diff-merges=first-parent -n50 --skip=0 --topo-order --decorate=full --stdin [3ms]
2026-04-25 18:30:16.007 [info] > git config --get commit.template [2ms]
2026-04-25 18:30:16.025 [info] > git for-each-ref --format=%(refname)%00%(upstream:short)%00%(objectname)%00%(upstream:track)%00%(upstream:remotename)%00%(upstream:remoteref) refs/heads/main refs/remotes/main [10ms]
2026-04-25 18:30:16.027 [info] > git merge-base main origin/main [4ms]
2026-04-25 18:30:16.042 [info] > git status -z -uall [6ms]
2026-04-25 18:30:16.043 [info] > git for-each-ref --sort -committerdate --format %(refname)%00%(objectname)%00%(*objectname) [2ms]
2026-04-25 18:30:16.072 [info] > git diff-tree -r --raw --numstat --diff-filter=ADMR -z --find-renames=50% 4b825dc642cb6eb9a060e54bf8d69288fbee4904 fb2b6298a44c8cbea8d06a91258b25ad6ff2f3e5 -- [3ms]
2026-04-25 18:30:16.243 [info] > git check-ignore -v -z --stdin [2ms]
2026-04-25 18:30:17.121 [info] > git ls-files --stage -- README.md [2ms]
2026-04-25 18:30:17.128 [info] > git cat-file -s 69d0f54dfd34801a04b0dd731d2f8680cc5b3319 [2ms]
2026-04-25 18:30:17.139 [info] > git show --textconv :README.md [2ms]
2026-04-25 18:30:18.607 [info] > git config --get commit.template [3ms]
2026-04-25 18:30:18.620 [info] > git for-each-ref --format=%(refname)%00%(upstream:short)%00%(objectname)%00%(upstream:track)%00%(upstream:remotename)%00%(upstream:remoteref) refs/heads/main refs/remotes/main [3ms]
2026-04-25 18:30:18.638 [info] > git status -z -uall [12ms]
2026-04-25 18:30:18.640 [info] > git for-each-ref --sort -committerdate --format %(refname)%00%(objectname)%00%(*objectname) [3ms]
2026-04-25 18:30:20.562 [info] > git log --oneline --cherry main...main@{upstream} -- [66ms]
2026-04-25 18:30:20.983 [info] > git pull --tags origin main [411ms]
2026-04-25 18:30:20.983 [info] From https://github.com/aspect2609/myhyprlandv2
 * branch            main       -> FETCH_HEAD
2026-04-25 18:30:22.177 [info] > git push origin main:main [1187ms]
2026-04-25 18:30:22.177 [info] /bin/sh: warning: setlocale: LC_ALL: cannot change locale (en_US.UTF-8): No such file or directory
/bin/sh: warning: setlocale: LC_ALL: cannot change locale (en_US.UTF-8): No such file or directory
To https://github.com/aspect2609/myhyprlandv2.git
   598d63a..8cb21ed  main -> main
2026-04-25 18:30:22.198 [info] > git config --get commit.template [10ms]
2026-04-25 18:30:22.199 [info] > git for-each-ref --format=%(refname)%00%(upstream:short)%00%(objectname)%00%(upstream:track)%00%(upstream:remotename)%00%(upstream:remoteref) refs/heads/main refs/remotes/main [3ms]
2026-04-25 18:30:22.213 [info] > git status -z -uall [8ms]
2026-04-25 18:30:22.214 [info] > git for-each-ref --sort -committerdate --format %(refname)%00%(objectname)%00%(*objectname) [3ms]
2026-04-25 18:30:22.230 [info] > git ls-files --stage -- README.md [2ms]
2026-04-25 18:30:22.245 [info] > git cat-file -s 69d0f54dfd34801a04b0dd731d2f8680cc5b3319 [9ms]
2026-04-25 18:30:22.247 [info] > git log --format=%H%n%aN%n%aE%n%at%n%ct%n%P%n%D%n%B -z --shortstat --diff-merges=first-parent -n50 --skip=0 --topo-order --decorate=full --stdin [3ms]
2026-04-25 18:30:22.271 [info] > git show --textconv :README.md [9ms]
2026-04-25 18:30:22.273 [info] > git merge-base main origin/main [3ms]
2026-04-25 18:30:22.286 [info] > git diff-tree -r --raw --numstat --diff-filter=ADMR -z --find-renames=50% 4b825dc642cb6eb9a060e54bf8d69288fbee4904 fb2b6298a44c8cbea8d06a91258b25ad6ff2f3e5 -- [3ms]
2026-04-25 18:30:23.375 [info] > git ls-files --stage -- README.md [1ms]
2026-04-25 18:30:23.382 [info] > git cat-file -s 69d0f54dfd34801a04b0dd731d2f8680cc5b3319 [2ms]
2026-04-25 18:30:23.391 [info] > git show --textconv :README.md [2ms]
2026-04-25 18:30:26.383 [info] > git config --get commit.template [3ms]
2026-04-25 18:30:26.395 [info] > git for-each-ref --format=%(refname)%00%(upstream:short)%00%(objectname)%00%(upstream:track)%00%(upstream:remotename)%00%(upstream:remoteref) refs/heads/main refs/remotes/main [3ms]
2026-04-25 18:30:26.420 [info] > git status -z -uall [12ms]
2026-04-25 18:30:26.422 [info] > git for-each-ref --sort -committerdate --format %(refname)%00%(objectname)%00%(*objectname) [4ms]
2026-04-25 18:30:31.447 [info] > git config --get commit.template [9ms]
2026-04-25 18:30:31.448 [info] > git for-each-ref --format=%(refname)%00%(upstream:short)%00%(objectname)%00%(upstream:track)%00%(upstream:remotename)%00%(upstream:remoteref) refs/heads/main refs/remotes/main [2ms]
2026-04-25 18:30:31.462 [info] > git status -z -uall [7ms]
2026-04-25 18:30:31.464 [info] > git for-each-ref --sort -committerdate --format %(refname)%00%(objectname)%00%(*objectname) [3ms]
2026-04-25 18:30:52.855 [info] > git check-ignore -v -z --stdin [2ms]
2026-04-25 18:30:53.417 [info] > git config --get commit.template [8ms]
2026-04-25 18:30:53.418 [info] > git for-each-ref --format=%(refname)%00%(upstream:short)%00%(objectname)%00%(upstream:track)%00%(upstream:remotename)%00%(upstream:remoteref) refs/heads/main refs/remotes/main [2ms]
2026-04-25 18:30:53.433 [info] > git status -z -uall [7ms]
2026-04-25 18:30:53.434 [info] > git for-each-ref --sort -committerdate --format %(refname)%00%(objectname)%00%(*objectname) [2ms]
2026-04-25 18:31:08.794 [info] > git check-ignore -v -z --stdin [2ms]
2026-04-25 18:31:09.358 [info] > git config --get commit.template [6ms]
2026-04-25 18:31:09.359 [info] > git for-each-ref --format=%(refname)%00%(upstream:short)%00%(objectname)%00%(upstream:track)%00%(upstream:remotename)%00%(upstream:remoteref) refs/heads/main refs/remotes/main [2ms]
2026-04-25 18:31:09.371 [info] > git status -z -uall [5ms]
2026-04-25 18:31:09.373 [info] > git for-each-ref --sort -committerdate --format %(refname)%00%(objectname)%00%(*objectname) [2ms]
2026-04-25 18:33:03.241 [info] > git check-ignore -v -z --stdin [2ms]
2026-04-25 18:33:03.851 [info] > git config --get commit.template [10ms]
2026-04-25 18:33:03.852 [info] > git for-each-ref --format=%(refname)%00%(upstream:short)%00%(objectname)%00%(upstream:track)%00%(upstream:remotename)%00%(upstream:remoteref) refs/heads/main refs/remotes/main [3ms]
2026-04-25 18:33:03.869 [info] > git status -z -uall [9ms]
2026-04-25 18:33:03.873 [info] > git for-each-ref --sort -committerdate --format %(refname)%00%(objectname)%00%(*objectname) [5ms]
2026-04-25 18:33:04.197 [info] > git check-ignore -v -z --stdin [1ms]
2026-04-25 18:33:22.352 [info] > git config --get commit.template [9ms]
2026-04-25 18:33:22.353 [info] > git for-each-ref --format=%(refname)%00%(upstream:short)%00%(objectname)%00%(upstream:track)%00%(upstream:remotename)%00%(upstream:remoteref) refs/heads/main refs/remotes/main [2ms]
2026-04-25 18:33:22.369 [info] > git status -z -uall [7ms]
2026-04-25 18:33:22.371 [info] > git for-each-ref --sort -committerdate --format %(refname)%00%(objectname)%00%(*objectname) [3ms]
2026-04-25 18:33:22.687 [info] > git check-ignore -v -z --stdin [3ms]
2026-04-25 18:33:28.279 [info] > git check-ignore -v -z --stdin [2ms]
2026-04-25 18:33:28.879 [info] > git config --get commit.template [7ms]
2026-04-25 18:33:28.880 [info] > git for-each-ref --format=%(refname)%00%(upstream:short)%00%(objectname)%00%(upstream:track)%00%(upstream:remotename)%00%(upstream:remoteref) refs/heads/main refs/remotes/main [2ms]
2026-04-25 18:33:28.894 [info] > git status -z -uall [7ms]
2026-04-25 18:33:28.896 [info] > git for-each-ref --sort -committerdate --format %(refname)%00%(objectname)%00%(*objectname) [3ms]
2026-04-25 18:33:29.221 [info] > git check-ignore -v -z --stdin [3ms]
2026-04-25 18:33:49.193 [info] > git log --format=%H%n%aN%n%aE%n%at%n%ct%n%P%n%D%n%B -z --shortstat --diff-merges=first-parent -n50 --skip=0 --topo-order --decorate=full --stdin [3ms]
2026-04-25 18:33:49.360 [info] > git merge-base main origin/main [3ms]
2026-04-25 18:33:49.411 [info] > git diff-tree -r --raw --numstat --diff-filter=ADMR -z --find-renames=50% 4b825dc642cb6eb9a060e54bf8d69288fbee4904 fb2b6298a44c8cbea8d06a91258b25ad6ff2f3e5 -- [3ms]
2026-04-25 18:33:49.821 [info] > git check-ignore -v -z --stdin [2ms]
2026-04-25 18:33:56.322 [info] > git add -A -- dots/.config/Thunar/accels.scm dots/.config/Thunar/uca.xml dots/.config/fastfetch/config.jsonc dots/.config/gtk-3.0/gtk.css dots/.config/hypr/hypridle.conf dots/.config/hypr/hyprland.conf dots/.config/hypr/hyprlock.conf dots/.config/hypr/hyprpaper.conf dots/.config/hypr/scripts/launch-waybar.sh dots/.config/hypr/scripts/popup-dock.sh dots/.config/kitty/kitty.conf dots/.config/rofi/config.rasi dots/.config/rofi/themes/tokyo-night.rasi dots/.config/sddm/sddm.conf dots/.config/waybar/config-bottom.jsonc dots/.config/waybar/config.jsonc dots/.config/waybar/reload.sh dots/.config/waybar/style-bottom.css dots/.config/waybar/style.css dots/.config/waybar/theme.sh dots/.config/waypaper/config.ini dots/.config/waypaper/randomize.sh dots/.config/wlogout/layout dots/.config/wlogout/style.css [7ms]
2026-04-25 18:33:56.335 [info] > git config --get commit.template [6ms]
2026-04-25 18:33:56.336 [info] > git for-each-ref --format=%(refname)%00%(upstream:short)%00%(objectname)%00%(upstream:track)%00%(upstream:remotename)%00%(upstream:remoteref) refs/heads/main refs/remotes/main [2ms]
2026-04-25 18:33:56.348 [info] > git status -z -uall [6ms]
2026-04-25 18:33:56.349 [info] > git for-each-ref --sort -committerdate --format %(refname)%00%(objectname)%00%(*objectname) [2ms]
2026-04-25 18:33:56.680 [info] > git check-ignore -v -z --stdin [2ms]
2026-04-25 18:33:56.708 [info] > git show --textconv :dots/.config/hypr/hyprland.conf [18ms]
2026-04-25 18:33:56.708 [info] > git show --textconv HEAD:dots/.config/hypr/hyprland.conf [13ms]
2026-04-25 18:33:56.709 [info] > git ls-files --stage -- dots/.config/hypr/hyprland.conf [8ms]
2026-04-25 18:33:56.714 [warning] [GitFileSystemProvider][readFile] File not found - git:/home/harvey/Projects/myhyprlandv2/dots/.config/hypr/hyprland.conf.git?%7B%22path%22%3A%22%2Fhome%2Fharvey%2FProjects%2Fmyhyprlandv2%2Fdots%2F.config%2Fhypr%2Fhyprland.conf%22%2C%22ref%22%3A%22HEAD%22%7D
2026-04-25 18:33:56.718 [info] > git cat-file -s de21e99df85de1d0dce290c150811a675ea5e2e0 [5ms]
2026-04-25 18:33:56.719 [info] > git ls-tree -l HEAD -- dots/.config/hypr/hyprland.conf [13ms]
2026-04-25 18:33:56.720 [warning] [GitFileSystemProvider][stat] File not found - git:/home/harvey/Projects/myhyprlandv2/dots/.config/hypr/hyprland.conf.git?%7B%22path%22%3A%22%2Fhome%2Fharvey%2FProjects%2Fmyhyprlandv2%2Fdots%2F.config%2Fhypr%2Fhyprland.conf%22%2C%22ref%22%3A%22HEAD%22%7D
2026-04-25 18:33:57.410 [info] > git config --get commit.template [7ms]
2026-04-25 18:33:57.411 [info] > git for-each-ref --format=%(refname)%00%(upstream:short)%00%(objectname)%00%(upstream:track)%00%(upstream:remotename)%00%(upstream:remoteref) refs/heads/main refs/remotes/main [2ms]
2026-04-25 18:33:57.425 [info] > git status -z -uall [7ms]
2026-04-25 18:33:57.427 [info] > git for-each-ref --sort -committerdate --format %(refname)%00%(objectname)%00%(*objectname) [3ms]
2026-04-25 18:33:57.508 [info] > git ls-files --stage -- dots/.config/hypr/hyprland.conf [2ms]
2026-04-25 18:33:57.516 [info] > git cat-file -s de21e99df85de1d0dce290c150811a675ea5e2e0 [2ms]
2026-04-25 18:33:57.537 [info] > git show --textconv :dots/.config/hypr/hyprland.conf [12ms]
2026-04-25 18:33:57.751 [info] > git check-ignore -v -z --stdin [2ms]
2026-04-25 18:34:02.449 [info] > git config --get commit.template [9ms]
2026-04-25 18:34:02.450 [info] > git for-each-ref --format=%(refname)%00%(upstream:short)%00%(objectname)%00%(upstream:track)%00%(upstream:remotename)%00%(upstream:remoteref) refs/heads/main refs/remotes/main [2ms]
2026-04-25 18:34:02.464 [info] > git status -z -uall [7ms]
2026-04-25 18:34:02.467 [info] > git for-each-ref --sort -committerdate --format %(refname)%00%(objectname)%00%(*objectname) [3ms]
2026-04-25 18:34:02.791 [info] > git check-ignore -v -z --stdin [2ms]
2026-04-25 18:34:09.505 [info] > git -c user.useConfigOnly=true commit --quiet --allow-empty-message --file - [10ms]
2026-04-25 18:34:09.515 [info] > git config --get commit.template [3ms]
2026-04-25 18:34:09.533 [info] > git config --get commit.template [8ms]
2026-04-25 18:34:09.535 [info] > git for-each-ref --format=%(refname)%00%(upstream:short)%00%(objectname)%00%(upstream:track)%00%(upstream:remotename)%00%(upstream:remoteref) refs/heads/main refs/remotes/main [3ms]
2026-04-25 18:34:09.555 [info] > git status -z -uall [11ms]
2026-04-25 18:34:09.559 [info] > git for-each-ref --sort -committerdate --format %(refname)%00%(objectname)%00%(*objectname) [6ms]
2026-04-25 18:34:09.611 [info] > git log --format=%H%n%aN%n%aE%n%at%n%ct%n%P%n%D%n%B -z --shortstat --diff-merges=first-parent -n50 --skip=0 --topo-order --decorate=full --stdin [5ms]
2026-04-25 18:34:09.669 [info] > git config --get commit.template [8ms]
2026-04-25 18:34:09.670 [info] > git for-each-ref --format=%(refname)%00%(upstream:short)%00%(objectname)%00%(upstream:track)%00%(upstream:remotename)%00%(upstream:remoteref) refs/heads/main refs/remotes/main [3ms]
2026-04-25 18:34:09.685 [info] > git status -z -uall [8ms]
2026-04-25 18:34:09.694 [info] > git for-each-ref --sort -committerdate --format %(refname)%00%(objectname)%00%(*objectname) [11ms]
2026-04-25 18:34:09.697 [info] > git merge-base main origin/main [4ms]
2026-04-25 18:34:09.736 [info] > git diff-tree -r --raw --numstat --diff-filter=ADMR -z --find-renames=50% 4b825dc642cb6eb9a060e54bf8d69288fbee4904 fb2b6298a44c8cbea8d06a91258b25ad6ff2f3e5 -- [3ms]
2026-04-25 18:34:09.920 [info] > git check-ignore -v -z --stdin [3ms]
2026-04-25 18:34:10.695 [info] > git ls-files --stage -- dots/.config/hypr/hyprland.conf [2ms]
2026-04-25 18:34:10.703 [info] > git cat-file -s de21e99df85de1d0dce290c150811a675ea5e2e0 [2ms]
2026-04-25 18:34:10.714 [info] > git show --textconv :dots/.config/hypr/hyprland.conf [3ms]
2026-04-25 18:34:11.700 [info] > git config --get commit.template [8ms]
2026-04-25 18:34:11.701 [info] > git for-each-ref --format=%(refname)%00%(upstream:short)%00%(objectname)%00%(upstream:track)%00%(upstream:remotename)%00%(upstream:remoteref) refs/heads/main refs/remotes/main [2ms]
2026-04-25 18:34:11.715 [info] > git status -z -uall [7ms]
2026-04-25 18:34:11.717 [info] > git for-each-ref --sort -committerdate --format %(refname)%00%(objectname)%00%(*objectname) [2ms]
2026-04-25 18:34:13.114 [info] > git log --oneline --cherry main...main@{upstream} -- [2ms]
2026-04-25 18:34:13.503 [info] > git pull --tags origin main [383ms]
2026-04-25 18:34:13.503 [info] From https://github.com/aspect2609/myhyprlandv2
 * branch            main       -> FETCH_HEAD
2026-04-25 18:34:14.755 [info] > git push origin main:main [1246ms]
2026-04-25 18:34:14.755 [info] /bin/sh: warning: setlocale: LC_ALL: cannot change locale (en_US.UTF-8): No such file or directory
/bin/sh: warning: setlocale: LC_ALL: cannot change locale (en_US.UTF-8): No such file or directory
To https://github.com/aspect2609/myhyprlandv2.git
   8cb21ed..4786a59  main -> main
2026-04-25 18:34:14.762 [info] > git ls-files --stage -- dots/.config/hypr/hyprland.conf [8ms]
2026-04-25 18:34:14.768 [info] > git config --get commit.template [7ms]
2026-04-25 18:34:14.775 [info] > git cat-file -s de21e99df85de1d0dce290c150811a675ea5e2e0 [8ms]
2026-04-25 18:34:14.776 [info] > git for-each-ref --format=%(refname)%00%(upstream:short)%00%(objectname)%00%(upstream:track)%00%(upstream:remotename)%00%(upstream:remoteref) refs/heads/main refs/remotes/main [2ms]
2026-04-25 18:34:14.797 [info] > git show --textconv :dots/.config/hypr/hyprland.conf [14ms]
2026-04-25 18:34:14.797 [info] > git status -z -uall [7ms]
2026-04-25 18:34:14.798 [info] > git for-each-ref --sort -committerdate --format %(refname)%00%(objectname)%00%(*objectname) [2ms]
2026-04-25 18:34:14.835 [info] > git log --format=%H%n%aN%n%aE%n%at%n%ct%n%P%n%D%n%B -z --shortstat --diff-merges=first-parent -n50 --skip=0 --topo-order --decorate=full --stdin [6ms]
2026-04-25 18:34:14.852 [info] > git merge-base main origin/main [2ms]
2026-04-25 18:34:14.869 [info] > git diff-tree -r --raw --numstat --diff-filter=ADMR -z --find-renames=50% 4b825dc642cb6eb9a060e54bf8d69288fbee4904 fb2b6298a44c8cbea8d06a91258b25ad6ff2f3e5 -- [3ms]
2026-04-25 18:34:15.956 [info] > git ls-files --stage -- dots/.config/hypr/hyprland.conf [3ms]
2026-04-25 18:34:15.964 [info] > git cat-file -s de21e99df85de1d0dce290c150811a675ea5e2e0 [3ms]
2026-04-25 18:34:15.976 [info] > git show --textconv :dots/.config/hypr/hyprland.conf [2ms]
2026-04-25 18:34:16.735 [info] > git config --get commit.template [6ms]
2026-04-25 18:34:16.736 [info] > git for-each-ref --format=%(refname)%00%(upstream:short)%00%(objectname)%00%(upstream:track)%00%(upstream:remotename)%00%(upstream:remoteref) refs/heads/main refs/remotes/main [2ms]
2026-04-25 18:34:16.749 [info] > git status -z -uall [7ms]
2026-04-25 18:34:16.750 [info] > git for-each-ref --sort -committerdate --format %(refname)%00%(objectname)%00%(*objectname) [2ms]
2026-04-25 18:34:41.628 [info] > git config --get commit.template [11ms]
2026-04-25 18:34:41.630 [info] > git for-each-ref --format=%(refname)%00%(upstream:short)%00%(objectname)%00%(upstream:track)%00%(upstream:remotename)%00%(upstream:remoteref) refs/heads/main refs/remotes/main [3ms]
2026-04-25 18:34:41.649 [info] > git status -z -uall [9ms]
2026-04-25 18:34:41.651 [info] > git for-each-ref --sort -committerdate --format %(refname)%00%(objectname)%00%(*objectname) [3ms]
